Component: ARM Compiler 5.06 update 6 (build 750) Tool: armlink [4d35ed]

==============================================================================

Section Cross References

    startup_stm32f030x8.o(RESET) refers to startup_stm32f030x8.o(STACK) for __initial_sp
    startup_stm32f030x8.o(RESET) refers to startup_stm32f030x8.o(.text) for Reset_Handler
    startup_stm32f030x8.o(RESET) refers to stm32f0xx_it.o(i.NMI_Handler) for NMI_Handler
    startup_stm32f030x8.o(RESET) refers to stm32f0xx_it.o(i.HardFault_Handler) for HardFault_Handler
    startup_stm32f030x8.o(RESET) refers to stm32f0xx_it.o(i.SVC_Handler) for SVC_Handler
    startup_stm32f030x8.o(RESET) refers to stm32f0xx_it.o(i.PendSV_Handler) for PendSV_Handler
    startup_stm32f030x8.o(RESET) refers to stm32f0xx_it.o(i.SysTick_Handler) for SysTick_Handler
    startup_stm32f030x8.o(RESET) refers to stm32f0xx_it.o(i.FLASH_IRQHandler) for FLASH_IRQHandler
    startup_stm32f030x8.o(RESET) refers to stm32f0xx_it.o(i.DMA1_Channel1_IRQHandler) for DMA1_Channel1_IRQHandler
    startup_stm32f030x8.o(RESET) refers to stm32f0xx_it.o(i.TIM6_IRQHandler) for TIM6_IRQHandler
    startup_stm32f030x8.o(RESET) refers to stm32f0xx_it.o(i.USART1_IRQHandler) for USART1_IRQHandler
    startup_stm32f030x8.o(.text) refers to system_stm32f0xx.o(i.SystemInit) for SystemInit
    startup_stm32f030x8.o(.text) refers to entry.o(.ARM.Collect$$$$00000000) for __main
    main.o(i.MX_ADC_Init) refers to stm32f0xx_hal_adc.o(i.HAL_ADC_Init) for HAL_ADC_Init
    main.o(i.MX_ADC_Init) refers to stm32f0xx_hal_adc.o(i.HAL_ADC_ConfigChannel) for HAL_ADC_ConfigChannel
    main.o(i.MX_ADC_Init) refers to main.o(.bss) for .bss
    main.o(i.MX_GPIO_Init) refers to memseta.o(.text) for __aeabi_memclr4
    main.o(i.MX_GPIO_Init) refers to stm32f0xx_hal_gpio.o(i.HAL_GPIO_WritePin) for HAL_GPIO_WritePin
    main.o(i.MX_GPIO_Init) refers to stm32f0xx_hal_gpio.o(i.HAL_GPIO_Init) for HAL_GPIO_Init
    main.o(i.MX_SPI1_Init) refers to stm32f0xx_hal_spi.o(i.HAL_SPI_Init) for HAL_SPI_Init
    main.o(i.MX_SPI1_Init) refers to stm32f0xx_hal.o(i.HAL_Delay) for HAL_Delay
    main.o(i.MX_SPI1_Init) refers to stm32f0xx_hal_spi.o(i.HAL_SPI_Transmit) for HAL_SPI_Transmit
    main.o(i.MX_SPI1_Init) refers to stm32f0xx_hal_spi.o(i.HAL_SPI_Receive) for HAL_SPI_Receive
    main.o(i.MX_SPI1_Init) refers to main.o(.bss) for .bss
    main.o(i.MX_USART1_UART_Init) refers to stm32f0xx_hal_uart.o(i.HAL_UART_Init) for HAL_UART_Init
    main.o(i.MX_USART1_UART_Init) refers to main.o(.bss) for .bss
    main.o(i.SW_break_fen) refers to pwm.o(i.MX_TIM15_Init) for MX_TIM15_Init
    main.o(i.SW_break_fen) refers to stm32f0xx_hal_tim.o(i.HAL_TIM_PWM_Start) for HAL_TIM_PWM_Start
    main.o(i.SW_break_fen) refers to main.o(.data) for .data
    main.o(i.SW_break_fen) refers to proc.o(.data) for Duty_ratio
    main.o(i.SW_break_fen) refers to main.o(.bss) for .bss
    main.o(i.SystemClock_Config) refers to memseta.o(.text) for __aeabi_memclr4
    main.o(i.SystemClock_Config) refers to stm32f0xx_hal_rcc.o(i.HAL_RCC_OscConfig) for HAL_RCC_OscConfig
    main.o(i.SystemClock_Config) refers to stm32f0xx_hal_rcc.o(i.HAL_RCC_ClockConfig) for HAL_RCC_ClockConfig
    main.o(i.SystemClock_Config) refers to stm32f0xx_hal_rcc_ex.o(i.HAL_RCCEx_PeriphCLKConfig) for HAL_RCCEx_PeriphCLKConfig
    main.o(i.dengdai_queren) refers to adc.o(i.ADC_Getvalue) for ADC_Getvalue
    main.o(i.dengdai_queren) refers to dflti.o(.text) for __aeabi_i2d
    main.o(i.dengdai_queren) refers to dfltui.o(.text) for __aeabi_ui2d
    main.o(i.dengdai_queren) refers to dmul.o(.text) for __aeabi_dmul
    main.o(i.dengdai_queren) refers to cdcmple.o(.text) for __aeabi_cdcmple
    main.o(i.dengdai_queren) refers to cdrcmple.o(.text) for __aeabi_cdrcmple
    main.o(i.dengdai_queren) refers to proc.o(i.swich_prama) for swich_prama
    main.o(i.dengdai_queren) refers to proc.o(i.gettickms) for gettickms
    main.o(i.dengdai_queren) refers to dadd.o(.text) for __aeabi_dadd
    main.o(i.dengdai_queren) refers to stm32f0xx_hal.o(i.HAL_Delay) for HAL_Delay
    main.o(i.dengdai_queren) refers to main.o(.data) for .data
    main.o(i.dengdai_queren) refers to proc.o(.data) for last_switchstate
    main.o(i.flash_ERASH) refers to stm32f0xx_hal_flash.o(i.HAL_FLASH_Unlock) for HAL_FLASH_Unlock
    main.o(i.flash_ERASH) refers to stm32f0xx_hal_flash_ex.o(i.HAL_FLASHEx_Erase) for HAL_FLASHEx_Erase
    main.o(i.flash_ERASH) refers to stm32f0xx_hal_flash.o(i.HAL_FLASH_Lock) for HAL_FLASH_Lock
    main.o(i.flash_ERASH) refers to main.o(.bss) for .bss
    main.o(i.flash_beifen) refers to stm32f0xx_hal_flash.o(i.HAL_FLASH_Unlock) for HAL_FLASH_Unlock
    main.o(i.flash_beifen) refers to stm32f0xx_hal_flash.o(i.HAL_FLASH_Program) for HAL_FLASH_Program
    main.o(i.flash_beifen) refers to dmul.o(.text) for __aeabi_dmul
    main.o(i.flash_beifen) refers to dfixui.o(.text) for __aeabi_d2uiz
    main.o(i.flash_beifen) refers to stm32f0xx_hal_flash.o(i.HAL_FLASH_Lock) for HAL_FLASH_Lock
[...]
    Flag_elecmax                             0x200000a9   Data           1  proc.o(.data)
    Flag_RepeatSwitch                        0x200000aa   Data           1  proc.o(.data)
    Flag_LeakageTestRepeatSwitch             0x200000ab   Data           1  proc.o(.data)
    Flag_V_RepeatSwitch                      0x200000ac   Data           1  proc.o(.data)
    Flag_LEAKAGE                             0x200000ad   Data           1  proc.o(.data)
    hand_switch_state                        0x200000b1   Data           1  proc.o(.data)
    swremote_control                         0x200000b2   Data           1  proc.o(.data)
    SW_RepeatStatus                          0x200000b3   Data           1  proc.o(.data)
    Led_SerialNUM                            0x200000b4   Data           1  proc.o(.data)
    Led_shiny                                0x200000b5   Data           1  proc.o(.data)
    Brakefailure                             0x200000b6   Data           1  proc.o(.data)
    cnt_led                                  0x200000bb   Data           1  proc.o(.data)
    flag_led                                 0x200000bc   Data           1  proc.o(.data)
    initial_breakbrake                       0x200000bd   Data           1  proc.o(.data)
    temperature_overtick                     0x200000be   Data           1  proc.o(.data)
    num                                      0x200000bf   Data           1  proc.o(.data)
    debugcnt                                 0x200000c0   Data           1  proc.o(.data)
    order                                    0x200000c1   Data           1  proc.o(.data)
    sort_flag                                0x200000c2   Data           1  proc.o(.data)
    sendlen                                  0x200000c3   Data           1  proc.o(.data)
    key_up                                   0x200000c4   Data           1  proc.o(.data)
    crc                                      0x200000ee   Data           2  proc.o(.data)
    crc2                                     0x200000f0   Data           2  proc.o(.data)
    tickms                                   0x200000f4   Data           4  proc.o(.data)
    tick_10ms                                0x200000f8   Data           4  proc.o(.data)
    HT7038currenttick                        0x2000010c   Data           4  proc.o(.data)
    HT7038energytick                         0x20000110   Data           4  proc.o(.data)
    voltmin_tick                             0x20000114   Data           4  proc.o(.data)
    voltmin_tick                             0x20000118   Data           4  proc.o(.data)
    volt_tick                                0x2000011c   Data           4  proc.o(.data)
    RepeatSwitchtick                         0x20000120   Data           4  proc.o(.data)
    V_RepeatSwitchtick                       0x20000124   Data           4  proc.o(.data)
    amp_tick1                                0x20000128   Data           4  proc.o(.data)
    amp_tick2                                0x2000012c   Data           4  proc.o(.data)
    amp_tick3                                0x20000130   Data           4  proc.o(.data)
    power_p_tick                             0x20000134   Data           4  proc.o(.data)
    temperature_tick                         0x20000138   Data           4  proc.o(.data)
    .data                                    0x200001cc   Section        8  uart.o(.data)
    fifolen                                  0x200001cc   Data           1  uart.o(.data)
    tmsuart                                  0x200001d0   Data           4  uart.o(.data)
    .data                                    0x200001d8   Section       40  ht7038.o(.data)
    ret                                      0x200001d8   Data           1  ht7038.o(.data)
    tmp_dt                                   0x200001dc   Data           4  ht7038.o(.data)
    rd_buf                                   0x200001e0   Data           4  ht7038.o(.data)
    tmp_dt                                   0x200001e4   Data           4  ht7038.o(.data)
    tmp_dt                                   0x200001e8   Data           4  ht7038.o(.data)
    V_tmp                                    0x200001f8   Data           8  ht7038.o(.data)
    .data                                    0x20000200   Section        4  stm32f0xx_hal.o(.data)
    .data                                    0x20000204   Section        4  system_stm32f0xx.o(.data)
    .data                                    0x20000208   Section        4  errno.o(.data)
    _errno                                   0x20000208   Data           4  errno.o(.data)
    .bss                                     0x2000020c   Section      572  main.o(.bss)
    EraseInitStruct                          0x2000043c   Data          12  main.o(.bss)
    .bss                                     0x20000448   Section       68  main.o(.bss)
    .bss                                     0x2000048c   Section      128  adc.o(.bss)
    .bss                                     0x2000050c   Section      640  console.o(.bss)
    pBuf                                     0x2000050c   Data         128  console.o(.bss)
    CMD_RecBuffer                            0x2000058c   Data         256  console.o(.bss)
    CMD_SendBuffer                           0x2000068c   Data         256  console.o(.bss)
    .bss                                     0x2000078c   Section      380  proc.o(.bss)
    askdata                                  0x2000078c   Data         150  proc.o(.bss)
    senddata                                 0x20000822   Data         150  proc.o(.bss)
    .bss                                     0x20000908   Section      408  uart.o(.bss)
    buf                                      0x20000908   Data         100  uart.o(.bss)
    str                                      0x2000096c   Data          20  uart.o(.bss)
    uartrecfifo                              0x20000980   Data          16  uart.o(.bss)
    uartrecbuffer                            0x20000990   Data         128  uart.o(.bss)
    uartsendbuffer                           0x20000a20   Data         128  uart.o(.bss)
    .bss                                     0x20000aa0   Section       32  stm32f0xx_hal_flash.o(.bss)
    .bss                                     0x20000ac0   Section       12  ff_gen_drv_1.o(.bss)
    STACK                                    0x20000ad0   Section     1024  startup_stm32f030x8.o(STACK)

    Global Symbols

    Symbol Name                              Value     Ov Type        Size  Object(Section)

    BuildAttributes$$THM_ISAv3M$S$PE$A:L22$X:L11$S22$IEEE1$IW$USESV6$~STKCKD$USESV7$~SHL$OTIME$ROPI$IEEEX$EBA8$MICROLIB$REQ8$PRES8$EABIv2 0x00000000   Number         0  anon$$obj.o ABSOLUTE
    __ARM_use_no_argv                        0x00000000   Number         0  main.o ABSOLUTE
    _printf_a                                0x00000000   Number         0  stubs.o ABSOLUTE
    _printf_c                                0x00000000   Number         0  stubs.o ABSOLUTE
    _printf_charcount                        0x00000000   Number         0  stubs.o ABSOLUTE
    _printf_d                                0x00000000   Number         0  stubs.o ABSOLUTE
    _printf_e                                0x00000000   Number         0  stubs.o ABSOLUTE
    _printf_f                                0x00000000   Number         0  stubs.o ABSOLUTE
    _printf_flags                            0x00000000   Number         0  stubs.o ABSOLUTE
    _printf_fp_dec                           0x00000000   Number         0  stubs.o ABSOLUTE
    _printf_fp_hex                           0x00000000   Number         0  stubs.o ABSOLUTE
    _printf_g                                0x00000000   Number         0  stubs.o ABSOLUTE
    _printf_i                                0x00000000   Number         0  stubs.o ABSOLUTE
    _printf_int_dec                          0x00000000   Number         0  stubs.o ABSOLUTE
    _printf_l                                0x00000000   Number         0  stubs.o ABSOLUTE
    _printf_lc                               0x00000000   Number         0  stubs.o ABSOLUTE
    _printf_ll                               0x00000000   Number         0  stubs.o ABSOLUTE
    _printf_lld                              0x00000000   Number         0  stubs.o ABSOLUTE
    _printf_lli                              0x00000000   Number         0  stubs.o ABSOLUTE
    _printf_llo                              0x00000000   Number         0  stubs.o ABSOLUTE
    _printf_llu                              0x00000000   Number         0  stubs.o ABSOLUTE
    _printf_llx                              0x00000000   Number         0  stubs.o ABSOLUTE
    _printf_longlong_dec                     0x00000000   Number         0  stubs.o ABSOLUTE
    _printf_longlong_hex                     0x00000000   Number         0  stubs.o ABSOLUTE
    _printf_longlong_oct                     0x00000000   Number         0  stubs.o ABSOLUTE
    _printf_ls                               0x00000000   Number         0  stubs.o ABSOLUTE
    _printf_mbtowc                           0x00000000   Number         0  stubs.o ABSOLUTE
    _printf_n                                0x00000000   Number         0  stubs.o ABSOLUTE
    _printf_o                                0x00000000   Number         0  stubs.o ABSOLUTE
    _printf_p                                0x00000000   Number         0  stubs.o ABSOLUTE
    _printf_percent                          0x00000000   Number         0  stubs.o ABSOLUTE
    _printf_pre_padding                      0x00000000   Number         0  stubs.o ABSOLUTE
    _printf_return_value                     0x00000000   Number         0  stubs.o ABSOLUTE
    _printf_s                                0x00000000   Number         0  stubs.o ABSOLUTE
    _printf_sizespec                         0x00000000   Number         0  stubs.o ABSOLUTE
    _printf_str                              0x00000000   Number         0  stubs.o ABSOLUTE
    _printf_truncate_signed                  0x00000000   Number         0  stubs.o ABSOLUTE
    _printf_truncate_unsigned                0x00000000   Number         0  stubs.o ABSOLUTE
    _printf_u                                0x00000000   Number         0  stubs.o ABSOLUTE
    _printf_wc                               0x00000000   Number         0  stubs.o ABSOLUTE
    _printf_wctomb                           0x00000000   Number         0  stubs.o ABSOLUTE
    _printf_widthprec                        0x00000000   Number         0  stubs.o ABSOLUTE
    _printf_x                                0x00000000   Number         0  stubs.o ABSOLUTE
    __cpp_initialize__aeabi_                  - Undefined Weak Reference
    __cxa_finalize                            - Undefined Weak Reference
    _clock_init                               - Undefined Weak Reference
    _microlib_exit                            - Undefined Weak Reference
    _scanf_longlong                           - Undefined Weak Reference
    _scanf_real                               - Undefined Weak Reference
    _scanf_string                             - Undefined Weak Reference
    __Vectors_Size                           0x000000b4   Number         0  startup_stm32f030x8.o ABSOLUTE
    __Vectors                                0x08000000   Data           4  startup_stm32f030x8.o(RESET)
    __Vectors_End                            0x080000b4   Data           0  startup_stm32f030x8.o(RESET)
    __main                                   0x080000b5   Thumb Code     0  entry.o(.ARM.Collect$$$$00000000)
    _main_stk                                0x080000b5   Thumb Code     0  entry2.o(.ARM.Collect$$$$00000001)
    _main_scatterload                        0x080000b9   Thumb Code     0  entry5.o(.ARM.Collect$$$$00000004)
    __main_after_scatterload                 0x080000bd   Thumb Code     0  entry5.o(.ARM.Collect$$$$00000004)
    _main_clock                              0x080000bd   Thumb Code     0  entry7b.o(.ARM.Collect$$$$00000008)
    _main_cpp_init                           0x080000bd   Thumb Code     0  entry8b.o(.ARM.Collect$$$$0000000A)
    _main_init                               0x080000bd   Thumb Code     0  entry9a.o(.ARM.Collect$$$$0000000B)
    __rt_final_cpp                           0x080000c5   Thumb Code     0  entry10a.o(.ARM.Collect$$$$0000000D)
    __rt_final_exit                          0x080000c5   Thumb Code     0  entry11a.o(.ARM.Collect$$$$0000000F)
    Reset_Handler                            0x080000c9   Thumb Code     8  startup_stm32f030x8.o(.text)
    ADC1_IRQHandler                          0x080000db   Thumb Code     0  startup_stm32f030x8.o(.text)
    DMA1_Channel2_3_IRQHandler               0x080000db   Thumb Code     0  startup_stm32f030x8.o(.text)
    DMA1_Channel4_5_IRQHandler               0x080000db   Thumb Code     0  startup_stm32f030x8.o(.text)
    EXTI0_1_IRQHandler                       0x080000db   Thumb Code     0  startup_stm32f030x8.o(.text)
    EXTI2_3_IRQHandler                       0x080000db   Thumb Code     0  startup_stm32f030x8.o(.text)
    EXTI4_15_IRQHandler                      0x080000db   Thumb Code     0  startup_stm32f030x8.o(.text)
    I2C1_IRQHandler                          0x080000db   Thumb Code     0  startup_stm32f030x8.o(.text)
    I2C2_IRQHandler                          0x080000db   Thumb Code     0  startup_stm32f030x8.o(.text)
    RCC_IRQHandler                           0x080000db   Thumb Code     0  startup_stm32f030x8.o(.text)
    RTC_IRQHandler                           0x080000db   Thumb Code     0  startup_stm32f030x8.o(.text)
    SPI1_IRQHandler                          0x080000db   Thumb Code     0  startup_stm32f030x8.o(.text)
    SPI2_IRQHandler                          0x080000db   Thumb Code     0  startup_stm32f030x8.o(.text)
    TIM14_IRQHandler                         0x080000db   Thumb Code     0  startup_stm32f030x8.o(.text)
    TIM15_IRQHandler                         0x080000db   Thumb Code     0  startup_stm32f030x8.o(.text)
    TIM16_IRQHandler                         0x080000db   Thumb Code     0  startup_stm32f030x8.o(.text)
    TIM17_IRQHandler                         0x080000db   Thumb Code     0  startup_stm32f030x8.o(.text)
    TIM1_BRK_UP_TRG_COM_IRQHandler           0x080000db   Thumb Code     0  startup_stm32f030x8.o(.text)
    TIM1_CC_IRQHandler                       0x080000db   Thumb Code     0  startup_stm32f030x8.o(.text)
    TIM3_IRQHandler                          0x080000db   Thumb Code     0  startup_stm32f030x8.o(.text)
    USART2_IRQHandler                        0x080000db   Thumb Code     0  startup_stm32f030x8.o(.text)
    WWDG_IRQHandler                          0x080000db   Thumb Code     0  startup_stm32f030x8.o(.text)
    __aeabi_uidiv                            0x080000e5   Thumb Code     0  uidiv.o(.text)
    __aeabi_uidivmod                         0x080000e5   Thumb Code    44  uidiv.o(.text)
    __aeabi_llsr                             0x08000111   Thumb Code    34  llushr.o(.text)
    _ll_ushift_r                             0x08000111   Thumb Code     0  llushr.o(.text)
    __rt_ctype_table                         0x08000135   Thumb Code     4  ctype_o.o(.text)
    isspace                                  0x0800013d   Thumb Code    18  isspace_o.o(.text)
    __aeabi_memcpy                           0x0800014f   Thumb Code    36  memcpya.o(.text)
    __aeabi_memcpy4                          0x0800014f   Thumb Code     0  memcpya.o(.text)
    __aeabi_memcpy8                          0x0800014f   Thumb Code     0  memcpya.o(.text)
    __aeabi_memset                           0x08000173   Thumb Code    14  memseta.o(.text)
    __aeabi_memset4                          0x08000173   Thumb Code     0  memseta.o(.text)
    __aeabi_memset8                          0x08000173   Thumb Code     0  memseta.o(.text)
    __aeabi_memclr                           0x08000181   Thumb Code     4  memseta.o(.text)
    __aeabi_memclr4                          0x08000181   Thumb Code     0  memseta.o(.text)
    __aeabi_memclr8                          0x08000181   Thumb Code     0  memseta.o(.text)
    _memset$wrapper                          0x08000185   Thumb Code    18  memseta.o(.text)
    strlen                                   0x08000197   Thumb Code    14  strlen.o(.text)
    strcmp                                   0x080001a5   Thumb Code    28  strcmp.o(.text)
    strncmp                                  0x080001c1   Thumb Code    30  strncmp.o(.text)
    __0sscanf                                0x080001e1   Thumb Code    50  __0sscanf.o(.text)
    _scanf_int                               0x0800021d   Thumb Code   330  _scanf_int.o(.text)
    __aeabi_fadd                             0x08000367   Thumb Code   162  fadd.o(.text)
    __aeabi_fsub                             0x08000409   Thumb Code     8  fadd.o(.text)
    __aeabi_frsub                            0x08000411   Thumb Code     8  fadd.o(.text)
    __aeabi_fmul                             0x08000419   Thumb Code   122  fmul.o(.text)
    __aeabi_fdiv                             0x08000493   Thumb Code   124  fdiv.o(.text)
    __aeabi_dadd                             0x08000511   Thumb Code   328  dadd.o(.text)
    __aeabi_dsub                             0x08000659   Thumb Code    12  dadd.o(.text)
    __aeabi_drsub                            0x08000665   Thumb Code    12  dadd.o(.text)
    __aeabi_dmul                             0x08000675   Thumb Code   202  dmul.o(.text)
    __aeabi_ddiv                             0x08000745   Thumb Code   234  ddiv.o(.text)
    __aeabi_i2f                              0x08000835   Thumb Code    22  fflti.o(.text)
    __aeabi_ui2f                             0x0800084b   Thumb Code    14  ffltui.o(.text)
    __aeabi_i2d                              0x08000859   Thumb Code    34  dflti.o(.text)
    __aeabi_ui2d                             0x08000881   Thumb Code    24  dfltui.o(.text)
    __aeabi_f2iz                             0x0800089d   Thumb Code    50  ffixi.o(.text)
    __aeabi_f2uiz                            0x080008cf   Thumb Code    40  ffixui.o(.text)
    __aeabi_d2uiz                            0x080008f9   Thumb Code    50  dfixui.o(.text)
    __aeabi_f2d                              0x08000935   Thumb Code    40  f2d.o(.text)
    __aeabi_cdcmpeq                          0x0800095d   Thumb Code     0  cdcmple.o(.text)
    __aeabi_cdcmple                          0x0800095d   Thumb Code    38  cdcmple.o(.text)
    __aeabi_cdrcmple                         0x08000985   Thumb Code    38  cdrcmple.o(.text)
    __aeabi_d2f                              0x080009ad   Thumb Code    56  d2f.o(.text)
    __aeabi_uldivmod                         0x080009e5   Thumb Code    96  uldiv.o(.text)
    __aeabi_llsl                             0x08000a45   Thumb Code    32  llshl.o(.text)
    _ll_shift_l                              0x08000a45   Thumb Code     0  llshl.o(.text)
    __aeabi_lasr                             0x08000a65   Thumb Code    38  llsshr.o(.text)
    _ll_sshift_r                             0x08000a65   Thumb Code     0  llsshr.o(.text)
    _chval                                   0x08000a8b   Thumb Code    30  _chval.o(.text)
    __vfscanf_char                           0x08000ab5   Thumb Code    24  scanf_char.o(.text)
    _sgetc                                   0x08000ad5   Thumb Code    32  _sgetc.o(.text)
    _sbackspace                              0x08000af5   Thumb Code    36  _sgetc.o(.text)
    __I$use$fp                               0x08000b19   Thumb Code     0  iusefp.o(.text)
    _float_round                             0x08000b19   Thumb Code    16  fepilogue.o(.text)
    _float_epilogue                          0x08000b29   Thumb Code   114  fepilogue.o(.text)
    _double_round                            0x08000b9b   Thumb Code    26  depilogue.o(.text)
    _double_epilogue                         0x08000bb5   Thumb Code   164  depilogue.o(.text)
    __aeabi_d2ulz                            0x08000c59   Thumb Code    54  dfixul.o(.text)
    __scatterload                            0x08000c99   Thumb Code    28  init.o(.text)
    __scatterload_rt2                        0x08000c99   Thumb Code     0  init.o(.text)
    __vfscanf                                0x08000cbd   Thumb Code   812  _scanf.o(.text)
    __ARM_scalbn                             0x08000ff5   Thumb Code    44  dscalb.o(.text)
    scalbn                                   0x08000ff5   Thumb Code     0  dscalb.o(.text)
    __aeabi_d2iz                             0x08001021   Thumb Code    62  dfixi.o(.text)
    __decompress                             0x08001069   Thumb Code     0  __dczerorl2.o(.text)
    __decompress1                            0x08001069   Thumb Code    86  __dczerorl2.o(.text)
    ADC_Disable                              0x08001111   Thumb Code   102  stm32f0xx_hal_adc.o(i.ADC_Disable)
    ADC_Enable                               0x08001179   Thumb Code   120  stm32f0xx_hal_adc.o(i.ADC_Enable)
    ADC_Getvalue                             0x080011fd   Thumb Code   162  adc.o(i.ADC_Getvalue)
    AmendCommand                             0x080012ad   Thumb Code   338  uart.o(i.AmendCommand)
    BytetoUint32                             0x080014cd   Thumb Code    22  flash.o(i.BytetoUint32)
    CMD_Printf_Level                         0x080014e5   Thumb Code    48  console.o(i.CMD_Printf_Level)
    CMD_SendData                             0x0800151d   Thumb Code    56  console.o(i.CMD_SendData)
    CMD_SetDebugLevel                        0x08001561   Thumb Code    12  console.o(i.CMD_SetDebugLevel)
    CMD_SetEchoEnable                        0x08001571   Thumb Code    12  console.o(i.CMD_SetEchoEnable)
    CRC_16                                   0x08001581   Thumb Code    42  prjlib.o(i.CRC_16)
    DMA1_Channel1_IRQHandler                 0x080015b1   Thumb Code    10  stm32f0xx_it.o(i.DMA1_Channel1_IRQHandler)
    Error_Handler                            0x080015e9   Thumb Code     2  main.o(i.Error_Handler)
    FATFS_LinkDriver                         0x080015eb   Thumb Code    10  ff_gen_drv_1.o(i.FATFS_LinkDriver)
    FATFS_LinkDriverEx                       0x080015f5   Thumb Code    60  ff_gen_drv_1.o(i.FATFS_LinkDriverEx)
    FIFO_Init                                0x08001635   Thumb Code    30  prjlib.o(i.FIFO_Init)
    FIFO_Length                              0x08001653   Thumb Code     8  prjlib.o(i.FIFO_Length)
    FIFO_Put                                 0x0800165b   Thumb Code    34  prjlib.o(i.FIFO_Put)
    FIFO_Query                               0x0800167d   Thumb Code    28  prjlib.o(i.FIFO_Query)
    FIFO_Read                                0x08001699   Thumb Code    56  prjlib.o(i.FIFO_Read)
    FLASH_IRQHandler                         0x080016d1   Thumb Code     8  stm32f0xx_it.o(i.FLASH_IRQHandler)
    FLASH_PageErase                          0x080016fd   Thumb Code    28  stm32f0xx_hal_flash_ex.o(i.FLASH_PageErase)
    FLASH_WaitForLastOperation               0x08001779   Thumb Code    76  stm32f0xx_hal_flash.o(i.FLASH_WaitForLastOperation)
    FlashRead                                0x080017c9   Thumb Code    80  flash.o(i.FlashRead)
    FlashWrite                               0x08001819   Thumb Code   116  flash.o(i.FlashWrite)
    Flash_PageErase                          0x0800188d   Thumb Code    40  flash.o(i.Flash_PageErase)
    GetTemperature                           0x080018b9   Thumb Code    24  ntc.o(i.GetTemperature)
    HAL_ADC_ConfigChannel                    0x080018d5   Thumb Code   254  stm32f0xx_hal_adc.o(i.HAL_ADC_ConfigChannel)
    HAL_ADC_GetState                         0x080019e5   Thumb Code     4  stm32f0xx_hal_adc.o(i.HAL_ADC_GetState)
    HAL_ADC_GetValue                         0x080019e9   Thumb Code     6  stm32f0xx_hal_adc.o(i.HAL_ADC_GetValue)
    HAL_ADC_Init                             0x080019f1   Thumb Code   364  stm32f0xx_hal_adc.o(i.HAL_ADC_Init)
    HAL_ADC_MspInit                          0x08001b65   Thumb Code   170  stm32f0xx_hal_msp.o(i.HAL_ADC_MspInit)
    HAL_ADC_PollForConversion                0x08001c1d   Thumb Code   190  stm32f0xx_hal_adc.o(i.HAL_ADC_PollForConversion)
    HAL_ADC_Start                            0x08001cdd   Thumb Code    86  stm32f0xx_hal_adc.o(i.HAL_ADC_Start)
    HAL_ADC_Stop                             0x08001d39   Thumb Code    62  stm32f0xx_hal_adc.o(i.HAL_ADC_Stop)
    HAL_CRCEx_Init                           0x08001d77   Thumb Code     4  stm32f0xx_hal_crc_ex.o(i.HAL_CRCEx_Init)
    HAL_CRC_Init                             0x08001d7b   Thumb Code    92  stm32f0xx_hal_crc.o(i.HAL_CRC_Init)
    HAL_CRC_MspInit                          0x08001dd9   Thumb Code    28  stm32f0xx_hal_msp.o(i.HAL_CRC_MspInit)
    HAL_DMA_Abort_IT                         0x08001dfd   Thumb Code    72  stm32f0xx_hal_dma.o(i.HAL_DMA_Abort_IT)
    HAL_DMA_IRQHandler                       0x08001e45   Thumb Code   156  stm32f0xx_hal_dma.o(i.HAL_DMA_IRQHandler)
    HAL_DMA_Start_IT                         0x08001ee1   Thumb Code   106  stm32f0xx_hal_dma.o(i.HAL_DMA_Start_IT)
    HAL_Delay                                0x08001f4b   Thumb Code    28  stm32f0xx_hal.o(i.HAL_Delay)
    HAL_FLASHEx_Erase                        0x08001f69   Thumb Code   148  stm32f0xx_hal_flash_ex.o(i.HAL_FLASHEx_Erase)
    HAL_FLASH_EndOfOperationCallback         0x08002009   Thumb Code     2  stm32f0xx_hal_flash.o(i.HAL_FLASH_EndOfOperationCallback)
    HAL_FLASH_IRQHandler                     0x0800200d   Thumb Code   258  stm32f0xx_hal_flash.o(i.HAL_FLASH_IRQHandler)
    HAL_FLASH_Lock                           0x08002119   Thumb Code    14  stm32f0xx_hal_flash.o(i.HAL_FLASH_Lock)
    HAL_FLASH_OperationErrorCallback         0x0800212d   Thumb Code     2  stm32f0xx_hal_flash.o(i.HAL_FLASH_OperationErrorCallback)
    HAL_FLASH_Program                        0x08002131   Thumb Code   110  stm32f0xx_hal_flash.o(i.HAL_FLASH_Program)
    HAL_FLASH_Unlock                         0x080021ad   Thumb Code    28  stm32f0xx_hal_flash.o(i.HAL_FLASH_Unlock)
    HAL_GPIO_Init                            0x080021d5   Thumb Code   302  stm32f0xx_hal_gpio.o(i.HAL_GPIO_Init)
    HAL_GPIO_WritePin                        0x0800231d   Thumb Code    12  stm32f0xx_hal_gpio.o(i.HAL_GPIO_WritePin)
    HAL_GetTick                              0x08002329   Thumb Code     6  stm32f0xx_hal.o(i.HAL_GetTick)
    HAL_IWDG_Init                            0x08002335   Thumb Code    86  stm32f0xx_hal_iwdg.o(i.HAL_IWDG_Init)
    HAL_IWDG_Refresh                         0x08002399   Thumb Code    10  stm32f0xx_hal_iwdg.o(i.HAL_IWDG_Refresh)
    HAL_IncTick                              0x080023a9   Thumb Code    10  stm32f0xx_hal.o(i.HAL_IncTick)
    HAL_Init                                 0x080023b9   Thumb Code    26  stm32f0xx_hal.o(i.HAL_Init)
    HAL_InitTick                             0x080023d9   Thumb Code    34  stm32f0xx_hal.o(i.HAL_InitTick)
    HAL_MspInit                              0x080023fd   Thumb Code    50  stm32f0xx_hal_msp.o(i.HAL_MspInit)
    HAL_NVIC_EnableIRQ                       0x08002435   Thumb Code    14  stm32f0xx_hal_cortex.o(i.HAL_NVIC_EnableIRQ)
    HAL_NVIC_SetPriority                     0x08002449   Thumb Code     8  stm32f0xx_hal_cortex.o(i.HAL_NVIC_SetPriority)
    HAL_RCCEx_PeriphCLKConfig                0x08002451   Thumb Code   218  stm32f0xx_hal_rcc_ex.o(i.HAL_RCCEx_PeriphCLKConfig)
    HAL_RCC_ClockConfig                      0x08002539   Thumb Code   280  stm32f0xx_hal_rcc.o(i.HAL_RCC_ClockConfig)
    HAL_RCC_GetHCLKFreq                      0x08002665   Thumb Code     6  stm32f0xx_hal_rcc.o(i.HAL_RCC_GetHCLKFreq)
    HAL_RCC_GetPCLK1Freq                     0x08002671   Thumb Code    20  stm32f0xx_hal_rcc.o(i.HAL_RCC_GetPCLK1Freq)
    HAL_RCC_GetSysClockFreq                  0x08002691   Thumb Code    76  stm32f0xx_hal_rcc.o(i.HAL_RCC_GetSysClockFreq)
    HAL_RCC_OscConfig                        0x08002709   Thumb Code   840  stm32f0xx_hal_rcc.o(i.HAL_RCC_OscConfig)
    HAL_SPI_Init                             0x08002a5d   Thumb Code   184  stm32f0xx_hal_spi.o(i.HAL_SPI_Init)
    HAL_SPI_MspInit                          0x08002b15   Thumb Code    84  stm32f0xx_hal_msp.o(i.HAL_SPI_MspInit)
    HAL_SPI_Receive                          0x08002b71   Thumb Code   344  stm32f0xx_hal_spi.o(i.HAL_SPI_Receive)
    HAL_SPI_Transmit                         0x08002cc9   Thumb Code   368  stm32f0xx_hal_spi.o(i.HAL_SPI_Transmit)
    HAL_SPI_TransmitReceive                  0x08002e39   Thumb Code   584  stm32f0xx_hal_spi.o(i.HAL_SPI_TransmitReceive)
    HAL_SYSTICK_Config                       0x08003081   Thumb Code    38  stm32f0xx_hal_cortex.o(i.HAL_SYSTICK_Config)
    HAL_TIMEx_BreakCallback                  0x080030b1   Thumb Code     2  stm32f0xx_hal_tim_ex.o(i.HAL_TIMEx_BreakCallback)
    HAL_TIMEx_CommutationCallback            0x080030b3   Thumb Code     2  stm32f0xx_hal_tim_ex.o(i.HAL_TIMEx_CommutationCallback)
    HAL_TIM_Base_Init                        0x080030b5   Thumb Code    52  stm32f0xx_hal_tim.o(i.HAL_TIM_Base_Init)
    HAL_TIM_Base_MspInit                     0x080030e9   Thumb Code    68  stm32f0xx_hal_msp.o(i.HAL_TIM_Base_MspInit)
    HAL_TIM_Base_Start_IT                    0x08003139   Thumb Code    22  stm32f0xx_hal_tim.o(i.HAL_TIM_Base_Start_IT)
    HAL_TIM_IC_CaptureCallback               0x0800314f   Thumb Code     2  stm32f0xx_hal_tim.o(i.HAL_TIM_IC_CaptureCallback)
    HAL_TIM_IRQHandler                       0x08003151   Thumb Code   354  stm32f0xx_hal_tim.o(i.HAL_TIM_IRQHandler)
    HAL_TIM_OC_DelayElapsedCallback          0x080032b3   Thumb Code     2  stm32f0xx_hal_tim.o(i.HAL_TIM_OC_DelayElapsedCallback)
    HAL_TIM_PWM_ConfigChannel                0x080032b5   Thumb Code   208  stm32f0xx_hal_tim.o(i.HAL_TIM_PWM_ConfigChannel)
    HAL_TIM_PWM_Init                         0x08003385   Thumb Code    52  stm32f0xx_hal_tim.o(i.HAL_TIM_PWM_Init)
    HAL_TIM_PWM_MspInit                      0x080033b9   Thumb Code    84  stm32f0xx_hal_msp.o(i.HAL_TIM_PWM_MspInit)
    HAL_TIM_PWM_PulseFinishedCallback        0x08003419   Thumb Code     2  stm32f0xx_hal_tim.o(i.HAL_TIM_PWM_PulseFinishedCallback)
    HAL_TIM_PWM_Start                        0x0800341d   Thumb Code    62  stm32f0xx_hal_tim.o(i.HAL_TIM_PWM_Start)
    HAL_TIM_PWM_Stop                         0x0800346d   Thumb Code    96  stm32f0xx_hal_tim.o(i.HAL_TIM_PWM_Stop)
    HAL_TIM_PeriodElapsedCallback            0x080034e1   Thumb Code     2  stm32f0xx_hal_tim.o(i.HAL_TIM_PeriodElapsedCallback)
    HAL_TIM_TriggerCallback                  0x080034e3   Thumb Code     2  stm32f0xx_hal_tim.o(i.HAL_TIM_TriggerCallback)
    HAL_UART_ErrorCallback                   0x080034e5   Thumb Code     2  stm32f0xx_hal_uart.o(i.HAL_UART_ErrorCallback)
    HAL_UART_IRQHandler                      0x080034e9   Thumb Code   272  stm32f0xx_hal_uart.o(i.HAL_UART_IRQHandler)
    HAL_UART_Init                            0x080035fd   Thumb Code   108  stm32f0xx_hal_uart.o(i.HAL_UART_Init)
    HAL_UART_MspInit                         0x08003669   Thumb Code   106  stm32f0xx_hal_msp.o(i.HAL_UART_MspInit)
    HAL_UART_Receive_IT                      0x080036dd   Thumb Code   132  stm32f0xx_hal_uart.o(i.HAL_UART_Receive_IT)
    HAL_UART_RxCpltCallback                  0x08003765   Thumb Code     2  stm32f0xx_hal_uart.o(i.HAL_UART_RxCpltCallback)
    HAL_UART_Transmit_DMA                    0x08003769   Thumb Code   138  stm32f0xx_hal_uart.o(i.HAL_UART_Transmit_DMA)
    HAL_UART_Transmit_IT                     0x08003801   Thumb Code    88  stm32f0xx_hal_uart.o(i.HAL_UART_Transmit_IT)
    HAL_UART_TxCpltCallback                  0x08003859   Thumb Code    42  console.o(i.HAL_UART_TxCpltCallback)
    HAL_UART_TxHalfCpltCallback              0x08003891   Thumb Code     2  stm32f0xx_hal_uart.o(i.HAL_UART_TxHalfCpltCallback)
    HT7038pro                                0x08003893   Thumb Code    12  proc.o(i.HT7038pro)
    HardFault_Handler                        0x0800389f   Thumb Code     2  stm32f0xx_it.o(i.HardFault_Handler)
    MX_FATFS_Init                            0x080038f5   Thumb Code    18  fatfs.o(i.MX_FATFS_Init)
    MX_TIM15_Init                            0x08003b21   Thumb Code   104  pwm.o(i.MX_TIM15_Init)
    NMI_Handler                              0x08003bc9   Thumb Code     2  stm32f0xx_it.o(i.NMI_Handler)
    Open_Current                             0x08003c11   Thumb Code   336  ht7038.o(i.Open_Current)
    PendSV_Handler                           0x08003d75   Thumb Code     2  stm32f0xx_it.o(i.PendSV_Handler)
    SVC_Handler                              0x08003f5d   Thumb Code     2  stm32f0xx_it.o(i.SVC_Handler)
    SW_break                                 0x08003f61   Thumb Code    26  proc.o(i.SW_break)
    SysTick_Handler                          0x08003f89   Thumb Code     8  stm32f0xx_it.o(i.SysTick_Handler)
    SystemClock_Config                       0x08003f91   Thumb Code    96  main.o(i.SystemClock_Config)
    SystemInit                               0x08003ff1   Thumb Code    78  system_stm32f0xx.o(i.SystemInit)
    TIM6_IRQHandler                          0x080041c1   Thumb Code    14  stm32f0xx_it.o(i.TIM6_IRQHandler)
    TIM_Base_SetConfig                       0x080041d5   Thumb Code   112  stm32f0xx_hal_tim.o(i.TIM_Base_SetConfig)
    TIM_CCxChannelCmd                        0x0800425d   Thumb Code    22  stm32f0xx_hal_tim.o(i.TIM_CCxChannelCmd)
    TIM_OC2_SetConfig                        0x080042fd   Thumb Code   110  stm32f0xx_hal_tim.o(i.TIM_OC2_SetConfig)
    Test_remotestatus                        0x0800446d   Thumb Code    54  proc.o(i.Test_remotestatus)
    UART_AdvFeatureConfig                    0x080044a9   Thumb Code   202  stm32f0xx_hal_uart.o(i.UART_AdvFeatureConfig)
    UART_CheckIdleState                      0x08004573   Thumb Code    18  stm32f0xx_hal_uart.o(i.UART_CheckIdleState)
    UART_EndTransmit_IT                      0x0800463b   Thumb Code    26  stm32f0xx_hal_uart.o(i.UART_EndTransmit_IT)
    UART_ReceiveByte                         0x08004669   Thumb Code    72  uart.o(i.UART_ReceiveByte)
    UART_Receive_IT                          0x080046b9   Thumb Code   122  stm32f0xx_hal_uart.o(i.UART_Receive_IT)
    UART_SetConfig                           0x08004735   Thumb Code   280  stm32f0xx_hal_uart.o(i.UART_SetConfig)
    UART_Transmit_IT                         0x08004865   Thumb Code   102  stm32f0xx_hal_uart.o(i.UART_Transmit_IT)
    UART_WriteBlocking_ex                    0x080048cd   Thumb Code    34  uart.o(i.UART_WriteBlocking_ex)
    USART1_IRQHandler                        0x080048f9   Thumb Code    16  stm32f0xx_it.o(i.USART1_IRQHandler)
    USER_initialize                          0x0800490d   Thumb Code    10  user_diskio.o(i.USER_initialize)
    USER_ioctl                               0x0800491d   Thumb Code     4  user_diskio.o(i.USER_ioctl)
    USER_read                                0x08004921   Thumb Code     4  user_diskio.o(i.USER_read)
    USER_status                              0x08004925   Thumb Code    10  user_diskio.o(i.USER_status)
    USER_write                               0x08004935   Thumb Code     4  user_diskio.o(i.USER_write)
    Uint32toByte                             0x08004939   Thumb Code    22  flash.o(i.Uint32toByte)
    Warning_led                              0x08004951   Thumb Code    78  proc.o(i.Warning_led)
    Warning_led_SLOW                         0x080049a9   Thumb Code    44  proc.o(i.Warning_led_SLOW)
    __0sprintf                               0x08004add   Thumb Code    36  printfa.o(i.__0sprintf)
    __1sprintf                               0x08004add   Thumb Code     0  printfa.o(i.__0sprintf)
    __2sprintf                               0x08004add   Thumb Code     0  printfa.o(i.__0sprintf)
    __c89sprintf                             0x08004add   Thumb Code     0  printfa.o(i.__0sprintf)
    sprintf                                  0x08004add   Thumb Code     0  printfa.o(i.__0sprintf)
    __0vsnprintf                             0x08004b05   Thumb Code    40  printfa.o(i.__0vsnprintf)
    __1vsnprintf                             0x08004b05   Thumb Code     0  printfa.o(i.__0vsnprintf)
    __2vsnprintf                             0x08004b05   Thumb Code     0  printfa.o(i.__0vsnprintf)
    __c89vsnprintf                           0x08004b05   Thumb Code     0  printfa.o(i.__0vsnprintf)
    vsnprintf                                0x08004b05   Thumb Code     0  printfa.o(i.__0vsnprintf)
    __ARM_clz                                0x08004b31   Thumb Code    46  depilogue.o(i.__ARM_clz)
    __ARM_common_ll_muluu                    0x08004b5f   Thumb Code    50  rred.o(i.__ARM_common_ll_muluu)
    __ARM_common_switch8                     0x08004b91   Thumb Code    26  proc.o(i.__ARM_common_switch8)
    __ARM_fpclassify                         0x08004bad   Thumb Code    40  fpclassify.o(i.__ARM_fpclassify)
    __ieee754_rem_pio2                       0x08004bd9   Thumb Code   838  rred.o(i.__ieee754_rem_pio2)
    __kernel_cos                             0x08004f75   Thumb Code   224  cos_i.o(i.__kernel_cos)
    __kernel_poly                            0x08005069   Thumb Code   172  poly.o(i.__kernel_poly)
    __kernel_sin                             0x08005115   Thumb Code   222  sin_i.o(i.__kernel_sin)
    __mathlib_dbl_infnan                     0x08005201   Thumb Code    10  dunder.o(i.__mathlib_dbl_infnan)
    __mathlib_dbl_invalid                    0x0800520b   Thumb Code    16  dunder.o(i.__mathlib_dbl_invalid)
    __mathlib_dbl_underflow                  0x0800521d   Thumb Code    14  dunder.o(i.__mathlib_dbl_underflow)
    __scatterload_copy                       0x08005231   Thumb Code    14  handlers.o(i.__scatterload_copy)
    __scatterload_null                       0x0800523f   Thumb Code     2  handlers.o(i.__scatterload_null)
    __scatterload_zeroinit                   0x08005241   Thumb Code    14  handlers.o(i.__scatterload_zeroinit)
    __set_errno                              0x08005251   Thumb Code     6  errno.o(i.__set_errno)
    adcpro                                   0x08005b29   Thumb Code    16  proc.o(i.adcpro)
    alarm_pro                                0x08005b41   Thumb Code  1424  proc.o(i.alarm_pro)
    cmddatapack                              0x080064c5   Thumb Code   110  proc.o(i.cmddatapack)
    cmddataproc                              0x08006539   Thumb Code   746  proc.o(i.cmddataproc)
    cos                                      0x08006839   Thumb Code   142  cos.o(i.cos)
    dengdai_queren                           0x08006a41   Thumb Code   584  main.o(i.dengdai_queren)
    flash_ERASH                              0x08006cc5   Thumb Code    34  main.o(i.flash_ERASH)
    flash_beifen                             0x08006cf1   Thumb Code   202  main.o(i.flash_beifen)
    flash_read                               0x08006dc9   Thumb Code   114  main.o(i.flash_read)
    gettickms                                0x08006e49   Thumb Code     6  proc.o(i.gettickms)
    huoqumax_min                             0x08006e55   Thumb Code   150  main.o(i.huoqumax_min)
    inctickms                                0x08006ef5   Thumb Code    28  proc.o(i.inctickms)
    init_HT7038bu                            0x08006f15   Thumb Code     8  ht7038.o(i.init_HT7038bu)
    int16tBS                                 0x08006f1d   Thumb Code    22  prjlib.o(i.int16tBS)
    int32tBS                                 0x08006f33   Thumb Code    34  prjlib.o(i.int32tBS)
    key_scan                                 0x08006f55   Thumb Code    44  main.o(i.key_scan)
    key_scann                                0x08006f81   Thumb Code   116  main.o(i.key_scann)
    keyscan                                  0x08007005   Thumb Code    60  proc.o(i.keyscan)
    led_pro                                  0x08007045   Thumb Code   402  proc.o(i.led_pro)
    main                                     0x080071fd   Thumb Code   632  main.o(i.main)
    read_HT7038bu                            0x080074d9   Thumb Code    66  ht7038.o(i.read_HT7038bu)
    read_energy                              0x08007521   Thumb Code    98  ht7038.o(i.read_energy)
    read_power                               0x08007585   Thumb Code   190  ht7038.o(i.read_power)
    read_powerfact                           0x08007651   Thumb Code   328  ht7038.o(i.read_powerfact)
    read_rms                                 0x080077c5   Thumb Code   292  ht7038.o(i.read_rms)
    saveparam                                0x080079e9   Thumb Code    36  proc.o(i.saveparam)
    swich_prama                              0x08007a39   Thumb Code  1342  proc.o(i.swich_prama)
    swtich_pro                               0x08007fb9   Thumb Code   972  proc.o(i.swtich_pro)
    uart_fifoinit                            0x080083a5   Thumb Code    30  uart.o(i.uart_fifoinit)
    uartdataproc                             0x080083c9   Thumb Code   240  uart.o(i.uartdataproc)
    uatoi                                    0x080084d5   Thumb Code    40  prjlib.o(i.uatoi)
    workparam_init                           0x080084fd   Thumb Code   116  proc.o(i.workparam_init)
    write_HT7038bu                           0x08008581   Thumb Code    52  ht7038.o(i.write_HT7038bu)
    zidonghuoqu                              0x080086e5   Thumb Code   628  main.o(i.zidonghuoqu)
    adclist                                  0x0800896c   Data         322  ntc.o(.constdata)
    crc16tab                                 0x08008ab0   Data         512  prjlib.o(.constdata)
    crc32tab                                 0x08008cb0   Data        1024  prjlib.o(.constdata)
    AHBPrescTable                            0x080090b0   Data          16  system_stm32f0xx.o(.constdata)
    APBPrescTable                            0x080090c0   Data           8  system_stm32f0xx.o(.constdata)
    __ctype_table                            0x080090c8   Data         129  ctype_o.o(.constdata)
    Region$$Table$$Base                      0x080094d0   Number         0  anon$$obj.o(Region$$Table)
    Region$$Table$$Limit                     0x080094f0   Number         0  anon$$obj.o(Region$$Table)
    UartReady                                0x20000000   Data           1  main.o(.data)
    moter_openfen1                           0x20000008   Data           1  main.o(.data)
    adcvaluep1_avr                           0x2000000a   Data           2  main.o(.data)
    adcvaluep2_avr                           0x2000000c   Data           2  main.o(.data)
    adcvaluep3_avr                           0x2000000e   Data           2  main.o(.data)
    adcvaluep4_avr                           0x20000010   Data           2  main.o(.data)
    adcvaluep1                               0x20000012   Data           2  main.o(.data)
    adcvaluep1_W                             0x20000014   Data           2  main.o(.data)
    adcvaluep1_m                             0x20000016   Data           2  main.o(.data)
    adcvaluep2                               0x20000018   Data           2  main.o(.data)
    adcvaluep2_W                             0x2000001a   Data           2  main.o(.data)
    adcvaluep2_m                             0x2000001c   Data           2  main.o(.data)
    adcvaluep3                               0x2000001e   Data           2  main.o(.data)
    adcvaluep3_W                             0x20000020   Data           2  main.o(.data)
    adcvaluep3_m                             0x20000022   Data           2  main.o(.data)
    adcvaluep4                               0x20000024   Data           2  main.o(.data)
    adcvaluep4_W                             0x20000026   Data           2  main.o(.data)
    adcvaluep4_m                             0x20000028   Data           2  main.o(.data)
    timeout                                  0x2000002c   Data           4  main.o(.data)
    datap                                    0x20000030   Data           4  main.o(.data)
    baifen_he                                0x20000048   Data           8  main.o(.data)
    baifen_fen                               0x20000050   Data           8  main.o(.data)
    baifen2_he                               0x20000058   Data           8  main.o(.data)
    baifen2_fen                              0x20000060   Data           8  main.o(.data)
    USER_Driver                              0x2000006c   Data          20  user_diskio.o(.data)
    retUSER                                  0x20000080   Data           1  fatfs.o(.data)
    USERPath                                 0x20000081   Data           4  fatfs.o(.data)
    Flag_cross_limitamp                      0x200000a2   Data           1  proc.o(.data)
    Flag_w_currmax                           0x200000a3   Data           1  proc.o(.data)
    led_flag                                 0x200000ae   Data           1  proc.o(.data)
    led_flag2                                0x200000af   Data           1  proc.o(.data)
    Flag_leakagetest                         0x200000b0   Data           1  proc.o(.data)
    Brakefailure2                            0x200000b7   Data           1  proc.o(.data)
    Duty_ratio                               0x200000b8   Data           1  proc.o(.data)
    SW_Repeatcnt                             0x200000b9   Data           1  proc.o(.data)
    SW_V_Repeatcnt                           0x200000ba   Data           1  proc.o(.data)
    last_switchstatus                        0x200000c5   Data           1  proc.o(.data)
    last_switchstate                         0x200000c6   Data           1  proc.o(.data)
    adcvalue                                 0x200000c8   Data           2  proc.o(.data)
    Pwm_Cycle                                0x200000ca   Data           2  proc.o(.data)
    moter_openzkb                            0x200000cc   Data           2  proc.o(.data)
    abc_vi                                   0x200000ce   Data           2  proc.o(.data)
    HT7038_POW_AS                            0x200000d0   Data           2  proc.o(.data)
    HT7038_POW_AQ                            0x200000d2   Data           2  proc.o(.data)
    power_ABCssum                            0x200000d4   Data           2  proc.o(.data)
    power_ABCQsum                            0x200000d6   Data           2  proc.o(.data)
    power_ABCpsum                            0x200000d8   Data           2  proc.o(.data)
    HT7038_POW_BS                            0x200000da   Data           2  proc.o(.data)
    HT7038_POW_BQ                            0x200000dc   Data           2  proc.o(.data)
    HT7038_POW_CS                            0x200000de   Data           2  proc.o(.data)
    HT7038_POW_CQ                            0x200000e0   Data           2  proc.o(.data)
    power_ABCp                               0x200000e2   Data           2  proc.o(.data)
    sum_Fact                                 0x200000e4   Data           2  proc.o(.data)
    ab_cos_A                                 0x200000e6   Data           2  proc.o(.data)
    bc_cos_A                                 0x200000e8   Data           2  proc.o(.data)
    ac_cos_A                                 0x200000ea   Data           2  proc.o(.data)
    pulse_mantissa_sump                      0x200000ec   Data           2  proc.o(.data)
    sumpulse_mantissa_p                      0x200000fc   Data           4  proc.o(.data)
    total_enery_sump                         0x20000100   Data           4  proc.o(.data)
    total_enery_psum                         0x20000104   Data           4  proc.o(.data)
    total_enery_p                            0x20000108   Data           4  proc.o(.data)
    p_yinshu                                 0x20000140   Data           8  proc.o(.data)
    p_yinshu2                                0x20000148   Data           8  proc.o(.data)
    p_yinshu3                                0x20000150   Data           8  proc.o(.data)
    p_yinshusum                              0x20000158   Data           8  proc.o(.data)
    workpara                                 0x20000160   Data         108  proc.o(.data)
    jiaodu                                   0x200001f0   Data           8  ht7038.o(.data)
    uwTick                                   0x20000200   Data           4  stm32f0xx_hal.o(.data)
    SystemCoreClock                          0x20000204   Data           4  system_stm32f0xx.o(.data)
    aRxBuffer                                0x2000020c   Data          90  main.o(.bss)
    hadc                                     0x20000268   Data          76  main.o(.bss)
    hcrc                                     0x200002b4   Data          36  main.o(.bss)
    hspi1                                    0x200002d8   Data         100  main.o(.bss)
    htim6                                    0x2000033c   Data          64  main.o(.bss)
    htim15                                   0x2000037c   Data          64  main.o(.bss)
    huart1                                   0x200003bc   Data         112  main.o(.bss)
    hiwdg                                    0x2000042c   Data          16  main.o(.bss)
    hdma_adc                                 0x20000448   Data          68  main.o(.bss)
    aADCxConvertedData                       0x2000048c   Data          64  adc.o(.bss)
    aADCxLeakgeData                          0x200004cc   Data          64  adc.o(.bss)
    workdata                                 0x200008b8   Data          80  proc.o(.bss)
    uartsendfifo                             0x20000a10   Data          16  uart.o(.bss)
    pFlash                                   0x20000aa0   Data          32  stm32f0xx_hal_flash.o(.bss)
    disk                                     0x20000ac0   Data          12  ff_gen_drv_1.o(.bss)
    __initial_sp                             0x20000ed0   Data           0  startup_stm32f030x8.o(STACK)



==============================================================================

Memory Map of the image

  Image Entry point : 0x080000b5

  Load Region LR_IROM1 (Base: 0x08000000, Size: 0x000096fc, Max: 0x00010000, ABSOLUTE, COMPRESSED[0x0000958c])

    Execution Region ER_IROM1 (Exec base: 0x08000000, Load base: 0x08000000, Size: 0x000094f0, Max: 0x00010000, ABSOLUTE)

    Exec Addr    Load Addr    Size         Type   Attr      Idx    E Section Name        Object

    0x08000000   0x08000000   0x000000b4   Data   RO            3    RESET               startup_stm32f030x8.o
    0x080000b4   0x080000b4   0x00000000   Code   RO         5263  * .ARM.Collect$$$$00000000  mc_p.l(entry.o)
    0x080000b4   0x080000b4   0x00000004   Code   RO         5645    .ARM.Collect$$$$00000001  mc_p.l(entry2.o)
    0x080000b8   0x080000b8   0x00000004   Code   RO         5648    .ARM.Collect$$$$00000004  mc_p.l(entry5.o)
    0x080000bc   0x080000bc   0x00000000   Code   RO         5650    .ARM.Collect$$$$00000008  mc_p.l(entry7b.o)
    0x080000bc   0x080000bc   0x00000000   Code   RO         5652    .ARM.Collect$$$$0000000A  mc_p.l(entry8b.o)
    0x080000bc   0x080000bc   0x00000008   Code   RO         5653    .ARM.Collect$$$$0000000B  mc_p.l(entry9a.o)
    0x080000c4   0x080000c4   0x00000000   Code   RO         5655    .ARM.Collect$$$$0000000D  mc_p.l(entry10a.o)
    0x080000c4   0x080000c4   0x00000000   Code   RO         5657    .ARM.Collect$$$$0000000F  mc_p.l(entry11a.o)
    0x080000c4   0x080000c4   0x00000004   Code   RO         5646    .ARM.Collect$$$$00002712  mc_p.l(entry2.o)
    0x080000c8   0x080000c8   0x0000001c   Code   RO            4    .text               startup_stm32f030x8.o
    0x080000e4   0x080000e4   0x0000002c   Code   RO         5266    .text               mc_p.l(uidiv.o)
    0x08000110   0x08000110   0x00000022   Code   RO         5268    .text               mc_p.l(llushr.o)
    0x08000132   0x08000132   0x00000002   PAD
    0x08000134   0x08000134   0x00000008   Code   RO         5270    .text               mc_p.l(ctype_o.o)
    0x0800013c   0x0800013c   0x00000012   Code   RO         5292    .text               mc_p.l(isspace_o.o)
    0x0800014e   0x0800014e   0x00000024   Code   RO         5298    .text               mc_p.l(memcpya.o)
    0x08000172   0x08000172   0x00000024   Code   RO         5300    .text               mc_p.l(memseta.o)
    0x08000196   0x08000196   0x0000000e   Code   RO         5304    .text               mc_p.l(strlen.o)
    0x080001a4   0x080001a4   0x0000001c   Code   RO         5306    .text               mc_p.l(strcmp.o)
    0x080001c0   0x080001c0   0x0000001e   Code   RO         5310    .text               mc_p.l(strncmp.o)
    0x080001de   0x080001de   0x00000002   PAD
    0x080001e0   0x080001e0   0x0000003c   Code   RO         5577    .text               mc_p.l(__0sscanf.o)
    0x0800021c   0x0800021c   0x0000014a   Code   RO         5579    .text               mc_p.l(_scanf_int.o)
    0x08000366   0x08000366   0x000000b2   Code   RO         5581    .text               mf_p.l(fadd.o)
    0x08000418   0x08000418   0x0000007a   Code   RO         5583    .text               mf_p.l(fmul.o)
    0x08000492   0x08000492   0x0000007c   Code   RO         5585    .text               mf_p.l(fdiv.o)
    0x0800050e   0x0800050e   0x00000002   PAD
    0x08000510   0x08000510   0x00000164   Code   RO         5587    .text               mf_p.l(dadd.o)
    0x08000674   0x08000674   0x000000d0   Code   RO         5589    .text               mf_p.l(dmul.o)
    0x08000744   0x08000744   0x000000f0   Code   RO         5591    .text               mf_p.l(ddiv.o)
    0x08000834   0x08000834   0x00000016   Code   RO         5593    .text               mf_p.l(fflti.o)
    0x0800084a   0x0800084a   0x0000000e   Code   RO         5595    .text               mf_p.l(ffltui.o)
    0x08000858   0x08000858   0x00000028   Code   RO         5597    .text               mf_p.l(dflti.o)
    0x08000880   0x08000880   0x0000001c   Code   RO         5599    .text               mf_p.l(dfltui.o)
    0x0800089c   0x0800089c   0x00000032   Code   RO         5601    .text               mf_p.l(ffixi.o)
    0x080008ce   0x080008ce   0x00000028   Code   RO         5603    .text               mf_p.l(ffixui.o)
    0x080008f6   0x080008f6   0x00000002   PAD
    0x080008f8   0x080008f8   0x0000003c   Code   RO         5605    .text               mf_p.l(dfixui.o)
    0x08000934   0x08000934   0x00000028   Code   RO         5607    .text               mf_p.l(f2d.o)
    0x0800095c   0x0800095c   0x00000028   Code   RO         5609    .text               mf_p.l(cdcmple.o)
    0x08000984   0x08000984   0x00000028   Code   RO         5611    .text               mf_p.l(cdrcmple.o)
    0x080009ac   0x080009ac   0x00000038   Code   RO         5613    .text               mf_p.l(d2f.o)
    0x080009e4   0x080009e4   0x00000060   Code   RO         5662    .text               mc_p.l(uldiv.o)
    0x08000a44   0x08000a44   0x00000020   Code   RO         5664    .text               mc_p.l(llshl.o)
    0x08000a64   0x08000a64   0x00000026   Code   RO         5666    .text               mc_p.l(llsshr.o)
    0x08000a8a   0x08000a8a   0x0000001e   Code   RO         5675    .text               mc_p.l(_chval.o)
    0x08000aa8   0x08000aa8   0x0000002c   Code   RO         5677    .text               mc_p.l(scanf_char.o)
    0x08000ad4   0x08000ad4   0x00000044   Code   RO         5679    .text               mc_p.l(_sgetc.o)
    0x08000b18   0x08000b18   0x00000000   Code   RO         5681    .text               mc_p.l(iusefp.o)
    0x08000b18   0x08000b18   0x00000082   Code   RO         5682    .text               mf_p.l(fepilogue.o)
    0x08000b9a   0x08000b9a   0x000000be   Code   RO         5684    .text               mf_p.l(depilogue.o)
    0x08000c58   0x08000c58   0x00000040   Code   RO         5688    .text               mf_p.l(dfixul.o)
    0x08000c98   0x08000c98   0x00000024   Code   RO         5694    .text               mc_p.l(init.o)
    0x08000cbc   0x08000cbc   0x00000338   Code   RO         5699    .text               mc_p.l(_scanf.o)
    0x08000ff4   0x08000ff4   0x0000002c   Code   RO         5702    .text               mf_p.l(dscalb.o)
    0x08001020   0x08001020   0x00000048   Code   RO         5704    .text               mf_p.l(dfixi.o)
    0x08001068   0x08001068   0x00000056   Code   RO         5717    .text               mc_p.l(__dczerorl2.o)
    0x080010be   0x080010be   0x00000052   Code   RO         1650    i.ADC_ConversionStop  stm32f0xx_hal_adc.o
    0x08001110   0x08001110   0x00000066   Code   RO         1654    i.ADC_Disable       stm32f0xx_hal_adc.o
    0x08001176   0x08001176   0x00000002   PAD
    0x08001178   0x08001178   0x00000084   Code   RO         1655    i.ADC_Enable        stm32f0xx_hal_adc.o
    0x080011fc   0x080011fc   0x000000b0   Code   RO          582    i.ADC_Getvalue      adc.o
    0x080012ac   0x080012ac   0x00000220   Code   RO         1456    i.AmendCommand      uart.o
    0x080014cc   0x080014cc   0x00000016   Code   RO          754    i.BytetoUint32      flash.o
    0x080014e2   0x080014e2   0x00000002   PAD
    0x080014e4   0x080014e4   0x00000038   Code   RO          662    i.CMD_Printf_Level  console.o
    0x0800151c   0x0800151c   0x00000044   Code   RO          664    i.CMD_SendData      console.o
    0x08001560   0x08001560   0x00000010   Code   RO          665    i.CMD_SetDebugLevel  console.o
    0x08001570   0x08001570   0x00000010   Code   RO          666    i.CMD_SetEchoEnable  console.o
    0x08001580   0x08001580   0x00000030   Code   RO          864    i.CRC_16            prjlib.o
    0x080015b0   0x080015b0   0x00000010   Code   RO          421    i.DMA1_Channel1_IRQHandler  stm32f0xx_it.o
    0x080015c0   0x080015c0   0x00000028   Code   RO         4312    i.DMA_SetConfig     stm32f0xx_hal_dma.o
    0x080015e8   0x080015e8   0x00000002   Code   RO           12    i.Error_Handler     main.o
    0x080015ea   0x080015ea   0x0000000a   Code   RO         5156    i.FATFS_LinkDriver  ff_gen_drv_1.o
    0x080015f4   0x080015f4   0x00000040   Code   RO         5157    i.FATFS_LinkDriverEx  ff_gen_drv_1.o
    0x08001634   0x08001634   0x0000001e   Code   RO          874    i.FIFO_Init         prjlib.o
    0x08001652   0x08001652   0x00000008   Code   RO          875    i.FIFO_Length       prjlib.o
    0x0800165a   0x0800165a   0x00000022   Code   RO          876    i.FIFO_Put          prjlib.o
    0x0800167c   0x0800167c   0x0000001c   Code   RO          877    i.FIFO_Query        prjlib.o
    0x08001698   0x08001698   0x00000038   Code   RO          878    i.FIFO_Read         prjlib.o
    0x080016d0   0x080016d0   0x00000008   Code   RO          422    i.FLASH_IRQHandler  stm32f0xx_it.o
    0x080016d8   0x080016d8   0x00000024   Code   RO         4700    i.FLASH_MassErase   stm32f0xx_hal_flash_ex.o
    0x080016fc   0x080016fc   0x00000024   Code   RO         4705    i.FLASH_PageErase   stm32f0xx_hal_flash_ex.o
    0x08001720   0x08001720   0x00000020   Code   RO         4601    i.FLASH_Program_HalfWord  stm32f0xx_hal_flash.o
    0x08001740   0x08001740   0x00000038   Code   RO         4602    i.FLASH_SetErrorCode  stm32f0xx_hal_flash.o
    0x08001778   0x08001778   0x00000050   Code   RO         4603    i.FLASH_WaitForLastOperation  stm32f0xx_hal_flash.o
    0x080017c8   0x080017c8   0x00000050   Code   RO          755    i.FlashRead         flash.o
    0x08001818   0x08001818   0x00000074   Code   RO          756    i.FlashWrite        flash.o
    0x0800188c   0x0800188c   0x0000002c   Code   RO          757    i.Flash_PageErase   flash.o
    0x080018b8   0x080018b8   0x0000001c   Code   RO          826    i.GetTemperature    ntc.o
    0x080018d4   0x080018d4   0x00000110   Code   RO         1657    i.HAL_ADC_ConfigChannel  stm32f0xx_hal_adc.o
    0x080019e4   0x080019e4   0x00000004   Code   RO         1663    i.HAL_ADC_GetState  stm32f0xx_hal_adc.o
    0x080019e8   0x080019e8   0x00000006   Code   RO         1664    i.HAL_ADC_GetValue  stm32f0xx_hal_adc.o
    0x080019ee   0x080019ee   0x00000002   PAD
    0x080019f0   0x080019f0   0x00000174   Code   RO         1666    i.HAL_ADC_Init      stm32f0xx_hal_adc.o
    0x08001b64   0x08001b64   0x000000b8   Code   RO          494    i.HAL_ADC_MspInit   stm32f0xx_hal_msp.o
    0x08001c1c   0x08001c1c   0x000000be   Code   RO         1670    i.HAL_ADC_PollForConversion  stm32f0xx_hal_adc.o
    0x08001cda   0x08001cda   0x00000002   PAD
    0x08001cdc   0x08001cdc   0x0000005c   Code   RO         1672    i.HAL_ADC_Start     stm32f0xx_hal_adc.o
    0x08001d38   0x08001d38   0x0000003e   Code   RO         1675    i.HAL_ADC_Stop      stm32f0xx_hal_adc.o
    0x08001d76   0x08001d76   0x00000004   Code   RO         1914    i.HAL_CRCEx_Init    stm32f0xx_hal_crc_ex.o
    0x08001d7a   0x08001d7a   0x0000005c   Code   RO         1854    i.HAL_CRC_Init      stm32f0xx_hal_crc.o
    0x08001dd6   0x08001dd6   0x00000002   PAD
    0x08001dd8   0x08001dd8   0x00000024   Code   RO          496    i.HAL_CRC_MspInit   stm32f0xx_hal_msp.o
    0x08001dfc   0x08001dfc   0x00000048   Code   RO         4314    i.HAL_DMA_Abort_IT  stm32f0xx_hal_dma.o
    0x08001e44   0x08001e44   0x0000009c   Code   RO         4318    i.HAL_DMA_IRQHandler  stm32f0xx_hal_dma.o
    0x08001ee0   0x08001ee0   0x0000006a   Code   RO         4323    i.HAL_DMA_Start_IT  stm32f0xx_hal_dma.o
    0x08001f4a   0x08001f4a   0x0000001c   Code   RO         3655    i.HAL_Delay         stm32f0xx_hal.o
    0x08001f66   0x08001f66   0x00000002   PAD
    0x08001f68   0x08001f68   0x000000a0   Code   RO         4706    i.HAL_FLASHEx_Erase  stm32f0xx_hal_flash_ex.o
    0x08002008   0x08002008   0x00000002   Code   RO         4604    i.HAL_FLASH_EndOfOperationCallback  stm32f0xx_hal_flash.o
    0x0800200a   0x0800200a   0x00000002   PAD
    0x0800200c   0x0800200c   0x0000010c   Code   RO         4606    i.HAL_FLASH_IRQHandler  stm32f0xx_hal_flash.o
    0x08002118   0x08002118   0x00000014   Code   RO         4607    i.HAL_FLASH_Lock    stm32f0xx_hal_flash.o
    0x0800212c   0x0800212c   0x00000002   Code   RO         4611    i.HAL_FLASH_OperationErrorCallback  stm32f0xx_hal_flash.o
    0x0800212e   0x0800212e   0x00000002   PAD
    0x08002130   0x08002130   0x0000007c   Code   RO         4612    i.HAL_FLASH_Program  stm32f0xx_hal_flash.o
    0x080021ac   0x080021ac   0x00000028   Code   RO         4614    i.HAL_FLASH_Unlock  stm32f0xx_hal_flash.o
    0x080021d4   0x080021d4   0x00000148   Code   RO         4252    i.HAL_GPIO_Init     stm32f0xx_hal_gpio.o
    0x0800231c   0x0800231c   0x0000000c   Code   RO         4256    i.HAL_GPIO_WritePin  stm32f0xx_hal_gpio.o
    0x08002328   0x08002328   0x0000000c   Code   RO         3659    i.HAL_GetTick       stm32f0xx_hal.o
    0x08002334   0x08002334   0x00000064   Code   RO         1519    i.HAL_IWDG_Init     stm32f0xx_hal_iwdg.o
    0x08002398   0x08002398   0x00000010   Code   RO         1520    i.HAL_IWDG_Refresh  stm32f0xx_hal_iwdg.o
    0x080023a8   0x080023a8   0x00000010   Code   RO         3663    i.HAL_IncTick       stm32f0xx_hal.o
    0x080023b8   0x080023b8   0x00000020   Code   RO         3664    i.HAL_Init          stm32f0xx_hal.o
    0x080023d8   0x080023d8   0x00000022   Code   RO         3665    i.HAL_InitTick      stm32f0xx_hal.o
    0x080023fa   0x080023fa   0x00000002   PAD
    0x080023fc   0x080023fc   0x00000038   Code   RO          497    i.HAL_MspInit       stm32f0xx_hal_msp.o
    0x08002434   0x08002434   0x00000014   Code   RO         4409    i.HAL_NVIC_EnableIRQ  stm32f0xx_hal_cortex.o
    0x08002448   0x08002448   0x00000008   Code   RO         4413    i.HAL_NVIC_SetPriority  stm32f0xx_hal_cortex.o
    0x08002450   0x08002450   0x000000e8   Code   RO         3620    i.HAL_RCCEx_PeriphCLKConfig  stm32f0xx_hal_rcc_ex.o
    0x08002538   0x08002538   0x0000012c   Code   RO         3527    i.HAL_RCC_ClockConfig  stm32f0xx_hal_rcc.o
    0x08002664   0x08002664   0x0000000c   Code   RO         3532    i.HAL_RCC_GetHCLKFreq  stm32f0xx_hal_rcc.o
    0x08002670   0x08002670   0x00000020   Code   RO         3534    i.HAL_RCC_GetPCLK1Freq  stm32f0xx_hal_rcc.o
    0x08002690   0x08002690   0x00000078   Code   RO         3535    i.HAL_RCC_GetSysClockFreq  stm32f0xx_hal_rcc.o
    0x08002708   0x08002708   0x00000354   Code   RO         3538    i.HAL_RCC_OscConfig  stm32f0xx_hal_rcc.o
    0x08002a5c   0x08002a5c   0x000000b8   Code   RO         1957    i.HAL_SPI_Init      stm32f0xx_hal_spi.o
    0x08002b14   0x08002b14   0x0000005c   Code   RO          499    i.HAL_SPI_MspInit   stm32f0xx_hal_msp.o
    0x08002b70   0x08002b70   0x00000158   Code   RO         1960    i.HAL_SPI_Receive   stm32f0xx_hal_spi.o
    0x08002cc8   0x08002cc8   0x00000170   Code   RO         1965    i.HAL_SPI_Transmit  stm32f0xx_hal_spi.o
    0x08002e38   0x08002e38   0x00000248   Code   RO         1966    i.HAL_SPI_TransmitReceive  stm32f0xx_hal_spi.o
    0x08003080   0x08003080   0x00000030   Code   RO         4417    i.HAL_SYSTICK_Config  stm32f0xx_hal_cortex.o
    0x080030b0   0x080030b0   0x00000002   Code   RO         2928    i.HAL_TIMEx_BreakCallback  stm32f0xx_hal_tim_ex.o
    0x080030b2   0x080030b2   0x00000002   Code   RO         2929    i.HAL_TIMEx_CommutationCallback  stm32f0xx_hal_tim_ex.o
    0x080030b4   0x080030b4   0x00000034   Code   RO         2291    i.HAL_TIM_Base_Init  stm32f0xx_hal_tim.o
    0x080030e8   0x080030e8   0x00000050   Code   RO          501    i.HAL_TIM_Base_MspInit  stm32f0xx_hal_msp.o
    0x08003138   0x08003138   0x00000016   Code   RO         2296    i.HAL_TIM_Base_Start_IT  stm32f0xx_hal_tim.o
    0x0800314e   0x0800314e   0x00000002   Code   RO         2322    i.HAL_TIM_IC_CaptureCallback  stm32f0xx_hal_tim.o
    0x08003150   0x08003150   0x00000162   Code   RO         2335    i.HAL_TIM_IRQHandler  stm32f0xx_hal_tim.o
    0x080032b2   0x080032b2   0x00000002   Code   RO         2338    i.HAL_TIM_OC_DelayElapsedCallback  stm32f0xx_hal_tim.o
    0x080032b4   0x080032b4   0x000000d0   Code   RO         2359    i.HAL_TIM_PWM_ConfigChannel  stm32f0xx_hal_tim.o
    0x08003384   0x08003384   0x00000034   Code   RO         2362    i.HAL_TIM_PWM_Init  stm32f0xx_hal_tim.o
    0x080033b8   0x080033b8   0x00000060   Code   RO          502    i.HAL_TIM_PWM_MspInit  stm32f0xx_hal_msp.o
    0x08003418   0x08003418   0x00000002   Code   RO         2365    i.HAL_TIM_PWM_PulseFinishedCallback  stm32f0xx_hal_tim.o
    0x0800341a   0x0800341a   0x00000002   PAD
    0x0800341c   0x0800341c   0x00000050   Code   RO         2366    i.HAL_TIM_PWM_Start  stm32f0xx_hal_tim.o
    0x0800346c   0x0800346c   0x00000074   Code   RO         2369    i.HAL_TIM_PWM_Stop  stm32f0xx_hal_tim.o
    0x080034e0   0x080034e0   0x00000002   Code   RO         2372    i.HAL_TIM_PeriodElapsedCallback  stm32f0xx_hal_tim.o
    0x080034e2   0x080034e2   0x00000002   Code   RO         2376    i.HAL_TIM_TriggerCallback  stm32f0xx_hal_tim.o
    0x080034e4   0x080034e4   0x00000002   Code   RO         3183    i.HAL_UART_ErrorCallback  stm32f0xx_hal_uart.o
    0x080034e6   0x080034e6   0x00000002   PAD
    0x080034e8   0x080034e8   0x00000114   Code   RO         3186    i.HAL_UART_IRQHandler  stm32f0xx_hal_uart.o
    0x080035fc   0x080035fc   0x0000006c   Code   RO         3187    i.HAL_UART_Init     stm32f0xx_hal_uart.o
    0x08003668   0x08003668   0x00000074   Code   RO          504    i.HAL_UART_MspInit  stm32f0xx_hal_msp.o
    0x080036dc   0x080036dc   0x00000088   Code   RO         3192    i.HAL_UART_Receive_IT  stm32f0xx_hal_uart.o
    0x08003764   0x08003764   0x00000002   Code   RO         3193    i.HAL_UART_RxCpltCallback  stm32f0xx_hal_uart.o
    0x08003766   0x08003766   0x00000002   PAD
    0x08003768   0x08003768   0x00000098   Code   RO         3196    i.HAL_UART_Transmit_DMA  stm32f0xx_hal_uart.o
    0x08003800   0x08003800   0x00000058   Code   RO         3197    i.HAL_UART_Transmit_IT  stm32f0xx_hal_uart.o
    0x08003858   0x08003858   0x00000038   Code   RO          667    i.HAL_UART_TxCpltCallback  console.o
    0x08003890   0x08003890   0x00000002   Code   RO         3199    i.HAL_UART_TxHalfCpltCallback  stm32f0xx_hal_uart.o
    0x08003892   0x08003892   0x0000000c   Code   RO         1218    i.HT7038pro         proc.o
    0x0800389e   0x0800389e   0x00000002   Code   RO          423    i.HardFault_Handler  stm32f0xx_it.o
    0x080038a0   0x080038a0   0x00000054   Code   RO           13    i.MX_ADC_Init       main.o
    0x080038f4   0x080038f4   0x0000001c   Code   RO          383    i.MX_FATFS_Init     fatfs.o
    0x08003910   0x08003910   0x0000019c   Code   RO           14    i.MX_GPIO_Init      main.o
    0x08003aac   0x08003aac   0x00000074   Code   RO           15    i.MX_SPI1_Init      main.o
    0x08003b20   0x08003b20   0x00000078   Code   RO         1429    i.MX_TIM15_Init     pwm.o
    0x08003b98   0x08003b98   0x00000030   Code   RO           16    i.MX_USART1_UART_Init  main.o
    0x08003bc8   0x08003bc8   0x00000002   Code   RO          424    i.NMI_Handler       stm32f0xx_it.o
    0x08003bca   0x08003bca   0x00000002   PAD
    0x08003bcc   0x08003bcc   0x00000044   Code   RO         4419    i.NVIC_SetPriority  stm32f0xx_hal_cortex.o
    0x08003c10   0x08003c10   0x00000164   Code   RO         1545    i.Open_Current      ht7038.o
    0x08003d74   0x08003d74   0x00000002   Code   RO          425    i.PendSV_Handler    stm32f0xx_it.o
    0x08003d76   0x08003d76   0x00000078   Code   RO         1994    i.SPI_EndRxTransaction  stm32f0xx_hal_spi.o
    0x08003dee   0x08003dee   0x0000004c   Code   RO         1995    i.SPI_EndRxTxTransaction  stm32f0xx_hal_spi.o
    0x08003e3a   0x08003e3a   0x00000096   Code   RO         2000    i.SPI_WaitFifoStateUntilTimeout  stm32f0xx_hal_spi.o
    0x08003ed0   0x08003ed0   0x0000008c   Code   RO         2001    i.SPI_WaitFlagStateUntilTimeout  stm32f0xx_hal_spi.o
    0x08003f5c   0x08003f5c   0x00000002   Code   RO          426    i.SVC_Handler       stm32f0xx_it.o
    0x08003f5e   0x08003f5e   0x00000002   PAD
    0x08003f60   0x08003f60   0x00000028   Code   RO         1219    i.SW_break          proc.o
    0x08003f88   0x08003f88   0x00000008   Code   RO          427    i.SysTick_Handler   stm32f0xx_it.o
    0x08003f90   0x08003f90   0x00000060   Code   RO           18    i.SystemClock_Config  main.o
    0x08003ff0   0x08003ff0   0x0000005c   Code   RO         4782    i.SystemInit        system_stm32f0xx.o
    0x0800404c   0x0800404c   0x00000174   Code   RO          668    i.System_Console    console.o
    0x080041c0   0x080041c0   0x00000014   Code   RO          428    i.TIM6_IRQHandler   stm32f0xx_it.o
    0x080041d4   0x080041d4   0x00000088   Code   RO         2377    i.TIM_Base_SetConfig  stm32f0xx_hal_tim.o
    0x0800425c   0x0800425c   0x00000016   Code   RO         2378    i.TIM_CCxChannelCmd  stm32f0xx_hal_tim.o
    0x08004272   0x08004272   0x00000002   PAD
    0x08004274   0x08004274   0x00000088   Code   RO         2386    i.TIM_OC1_SetConfig  stm32f0xx_hal_tim.o
    0x080042fc   0x080042fc   0x00000080   Code   RO         2387    i.TIM_OC2_SetConfig  stm32f0xx_hal_tim.o
    0x0800437c   0x0800437c   0x00000084   Code   RO         2388    i.TIM_OC3_SetConfig  stm32f0xx_hal_tim.o
    0x08004400   0x08004400   0x0000006c   Code   RO         2389    i.TIM_OC4_SetConfig  stm32f0xx_hal_tim.o
    0x0800446c   0x0800446c   0x0000003c   Code   RO         1223    i.Test_remotestatus  proc.o
    0x080044a8   0x080044a8   0x000000ca   Code   RO         3200    i.UART_AdvFeatureConfig  stm32f0xx_hal_uart.o
    0x08004572   0x08004572   0x00000012   Code   RO         3201    i.UART_CheckIdleState  stm32f0xx_hal_uart.o
    0x08004584   0x08004584   0x00000014   Code   RO         3202    i.UART_DMAAbortOnError  stm32f0xx_hal_uart.o
    0x08004598   0x08004598   0x0000004a   Code   RO         3203    i.UART_DMAError     stm32f0xx_hal_uart.o
    0x080045e2   0x080045e2   0x00000030   Code   RO         3208    i.UART_DMATransmitCplt  stm32f0xx_hal_uart.o
    0x08004612   0x08004612   0x0000000a   Code   RO         3210    i.UART_DMATxHalfCplt  stm32f0xx_hal_uart.o
    0x0800461c   0x0800461c   0x0000001e   Code   RO         3212    i.UART_EndRxTransfer  stm32f0xx_hal_uart.o
    0x0800463a   0x0800463a   0x0000001a   Code   RO         3213    i.UART_EndTransmit_IT  stm32f0xx_hal_uart.o
    0x08004654   0x08004654   0x00000012   Code   RO         3214    i.UART_EndTxTransfer  stm32f0xx_hal_uart.o
    0x08004666   0x08004666   0x00000002   PAD
    0x08004668   0x08004668   0x00000050   Code   RO         1459    i.UART_ReceiveByte  uart.o
    0x080046b8   0x080046b8   0x0000007a   Code   RO         3215    i.UART_Receive_IT   stm32f0xx_hal_uart.o
    0x08004732   0x08004732   0x00000002   PAD
    0x08004734   0x08004734   0x00000130   Code   RO         3216    i.UART_SetConfig    stm32f0xx_hal_uart.o
    0x08004864   0x08004864   0x00000066   Code   RO         3217    i.UART_Transmit_IT  stm32f0xx_hal_uart.o
    0x080048ca   0x080048ca   0x00000002   PAD
    0x080048cc   0x080048cc   0x0000002c   Code   RO         1460    i.UART_WriteBlocking_ex  uart.o
    0x080048f8   0x080048f8   0x00000014   Code   RO          429    i.USART1_IRQHandler  stm32f0xx_it.o
    0x0800490c   0x0800490c   0x00000010   Code   RO          324    i.USER_initialize   user_diskio.o
    0x0800491c   0x0800491c   0x00000004   Code   RO          325    i.USER_ioctl        user_diskio.o
    0x08004920   0x08004920   0x00000004   Code   RO          326    i.USER_read         user_diskio.o
    0x08004924   0x08004924   0x00000010   Code   RO          327    i.USER_status       user_diskio.o
    0x08004934   0x08004934   0x00000004   Code   RO          328    i.USER_write        user_diskio.o
    0x08004938   0x08004938   0x00000016   Code   RO          759    i.Uint32toByte      flash.o
    0x0800494e   0x0800494e   0x00000002   PAD
    0x08004950   0x08004950   0x00000058   Code   RO         1224    i.Warning_led       proc.o
    0x080049a8   0x080049a8   0x00000034   Code   RO         1225    i.Warning_led_SLOW  proc.o
    0x080049dc   0x080049dc   0x00000100   Code   RO          827    i._GetTemperature   ntc.o
    0x08004adc   0x08004adc   0x00000028   Code   RO         5549    i.__0sprintf        mc_p.l(printfa.o)
    0x08004b04   0x08004b04   0x0000002c   Code   RO         5552    i.__0vsnprintf      mc_p.l(printfa.o)
    0x08004b30   0x08004b30   0x0000002e   Code   RO         5686    i.__ARM_clz         mf_p.l(depilogue.o)
    0x08004b5e   0x08004b5e   0x00000032   Code   RO         5637    i.__ARM_common_ll_muluu  m_ps.l(rred.o)
    0x08004b90   0x08004b90   0x0000001a   Code   RO         1415    i.__ARM_common_switch8  proc.o
    0x08004baa   0x08004baa   0x00000002   PAD
    0x08004bac   0x08004bac   0x0000002c   Code   RO         5690    i.__ARM_fpclassify  m_ps.l(fpclassify.o)
    0x08004bd8   0x08004bd8   0x0000039c   Code   RO         5632    i.__ieee754_rem_pio2  m_ps.l(rred.o)
    0x08004f74   0x08004f74   0x000000f4   Code   RO         5615    i.__kernel_cos      m_ps.l(cos_i.o)
    0x08005068   0x08005068   0x000000ac   Code   RO         5692    i.__kernel_poly     m_ps.l(poly.o)
    0x08005114   0x08005114   0x000000ec   Code   RO         5639    i.__kernel_sin      m_ps.l(sin_i.o)
    0x08005200   0x08005200   0x0000000a   Code   RO         5619    i.__mathlib_dbl_infnan  m_ps.l(dunder.o)
    0x0800520a   0x0800520a   0x00000010   Code   RO         5621    i.__mathlib_dbl_invalid  m_ps.l(dunder.o)
    0x0800521a   0x0800521a   0x00000002   PAD
    0x0800521c   0x0800521c   0x00000014   Code   RO         5624    i.__mathlib_dbl_underflow  m_ps.l(dunder.o)
    0x08005230   0x08005230   0x0000000e   Code   RO         5711    i.__scatterload_copy  mc_p.l(handlers.o)
    0x0800523e   0x0800523e   0x00000002   Code   RO         5712    i.__scatterload_null  mc_p.l(handlers.o)
    0x08005240   0x08005240   0x0000000e   Code   RO         5713    i.__scatterload_zeroinit  mc_p.l(handlers.o)
    0x0800524e   0x0800524e   0x00000002   PAD
    0x08005250   0x08005250   0x0000000c   Code   RO         5670    i.__set_errno       mc_p.l(errno.o)
    0x0800525c   0x0800525c   0x00000174   Code   RO         5554    i._fp_digits        mc_p.l(printfa.o)
    0x080053d0   0x080053d0   0x000006ec   Code   RO         5555    i._printf_core      mc_p.l(printfa.o)
    0x08005abc   0x08005abc   0x00000020   Code   RO         5556    i._printf_post_padding  mc_p.l(printfa.o)
    0x08005adc   0x08005adc   0x0000002c   Code   RO         5557    i._printf_pre_padding  mc_p.l(printfa.o)
    0x08005b08   0x08005b08   0x00000016   Code   RO         5558    i._snputc           mc_p.l(printfa.o)
    0x08005b1e   0x08005b1e   0x0000000a   Code   RO         5559    i._sputc            mc_p.l(printfa.o)
    0x08005b28   0x08005b28   0x00000018   Code   RO         1226    i.adcpro            proc.o
    0x08005b40   0x08005b40   0x000005a4   Code   RO         1228    i.alarm_pro         proc.o
    0x080060e4   0x080060e4   0x000000e8   Code   RO         1229    i.attreadenergy     proc.o
    0x080061cc   0x080061cc   0x00000248   Code   RO         1230    i.attreadiup        proc.o
    0x08006414   0x08006414   0x000000b0   Code   RO         1231    i.basicinfopack     proc.o
    0x080064c4   0x080064c4   0x00000074   Code   RO         1232    i.cmddatapack       proc.o
    0x08006538   0x08006538   0x00000300   Code   RO         1233    i.cmddataproc       proc.o
    0x08006838   0x08006838   0x00000098   Code   RO         5256    i.cos               m_ps.l(cos.o)
    0x080068d0   0x080068d0   0x00000170   Code   RO         1234    i.currentinfopack   proc.o
    0x08006a40   0x08006a40   0x0000026c   Code   RO           19    i.dengdai_queren    main.o
    0x08006cac   0x08006cac   0x00000018   Code   RO         1236    i.energycumulative  proc.o
    0x08006cc4   0x08006cc4   0x0000002c   Code   RO           20    i.flash_ERASH       main.o
    0x08006cf0   0x08006cf0   0x000000d8   Code   RO           21    i.flash_beifen      main.o
    0x08006dc8   0x08006dc8   0x00000080   Code   RO           22    i.flash_read        main.o
    0x08006e48   0x08006e48   0x0000000c   Code   RO         1237    i.gettickms         proc.o
    0x08006e54   0x08006e54   0x000000a0   Code   RO           23    i.huoqumax_min      main.o
    0x08006ef4   0x08006ef4   0x00000020   Code   RO         1238    i.inctickms         proc.o
    0x08006f14   0x08006f14   0x00000008   Code   RO         1547    i.init_HT7038bu     ht7038.o
    0x08006f1c   0x08006f1c   0x00000016   Code   RO          900    i.int16tBS          prjlib.o
    0x08006f32   0x08006f32   0x00000022   Code   RO          901    i.int32tBS          prjlib.o
    0x08006f54   0x08006f54   0x0000002c   Code   RO           24    i.key_scan          main.o
    0x08006f80   0x08006f80   0x00000084   Code   RO           25    i.key_scann         main.o
    0x08007004   0x08007004   0x00000040   Code   RO         1239    i.keyscan           proc.o
    0x08007044   0x08007044   0x000001b8   Code   RO         1240    i.led_pro           proc.o
    0x080071fc   0x080071fc   0x000002dc   Code   RO           26    i.main              main.o
    0x080074d8   0x080074d8   0x00000048   Code   RO         1548    i.read_HT7038bu     ht7038.o
    0x08007520   0x08007520   0x00000062   Code   RO         1551    i.read_energy       ht7038.o
    0x08007582   0x08007582   0x00000002   PAD
    0x08007584   0x08007584   0x000000cc   Code   RO         1553    i.read_power        ht7038.o
    0x08007650   0x08007650   0x00000174   Code   RO         1554    i.read_powerfact    ht7038.o
    0x080077c4   0x080077c4   0x00000138   Code   RO         1555    i.read_rms          ht7038.o
    0x080078fc   0x080078fc   0x000000ec   Code   RO         1241    i.readpara          proc.o
    0x080079e8   0x080079e8   0x00000030   Code   RO         1242    i.saveparam         proc.o
    0x08007a18   0x08007a18   0x0000001e   Code   RO         1243    i.setswitch         proc.o
    0x08007a36   0x08007a36   0x00000002   PAD
    0x08007a38   0x08007a38   0x00000580   Code   RO         1244    i.swich_prama       proc.o
    0x08007fb8   0x08007fb8   0x000003ec   Code   RO         1245    i.swtich_pro        proc.o
    0x080083a4   0x080083a4   0x00000024   Code   RO         1461    i.uart_fifoinit     uart.o
    0x080083c8   0x080083c8   0x0000010c   Code   RO         1462    i.uartdataproc      uart.o
    0x080084d4   0x080084d4   0x00000028   Code   RO          907    i.uatoi             prjlib.o
    0x080084fc   0x080084fc   0x00000084   Code   RO         1246    i.workparam_init    proc.o
    0x08008580   0x08008580   0x00000038   Code   RO         1556    i.write_HT7038bu    ht7038.o
    0x080085b8   0x080085b8   0x0000012c   Code   RO         1247    i.writepara         proc.o
    0x080086e4   0x080086e4   0x00000288   Code   RO           27    i.zidonghuoqu       main.o
    0x0800896c   0x0800896c   0x00000142   Data   RO          829    .constdata          ntc.o
    0x08008aae   0x08008aae   0x00000002   PAD
    0x08008ab0   0x08008ab0   0x00000600   Data   RO          916    .constdata          prjlib.o
    0x080090b0   0x080090b0   0x00000010   Data   RO         4783    .constdata          system_stm32f0xx.o
    0x080090c0   0x080090c0   0x00000008   Data   RO         4784    .constdata          system_stm32f0xx.o
    0x080090c8   0x080090c8   0x00000081   Data   RO         5271    .constdata          mc_p.l(ctype_o.o)
    0x08009149   0x08009149   0x00000003   PAD
    0x0800914c   0x0800914c   0x00000004   Data   RO         5272    .constdata          mc_p.l(ctype_o.o)
    0x08009150   0x08009150   0x00000030   Data   RO         5616    .constdata          m_ps.l(cos_i.o)
    0x08009180   0x08009180   0x000000c8   Data   RO         5634    .constdata          m_ps.l(rred.o)
    0x08009248   0x08009248   0x00000028   Data   RO         5640    .constdata          m_ps.l(sin_i.o)
    0x08009270   0x08009270   0x00000007   Data   RO          670    .conststring        console.o
    0x08009277   0x08009277   0x00000001   PAD
    0x08009278   0x08009278   0x00000258   Data   RO         1568    INROM2              ht7038.o
    0x080094d0   0x080094d0   0x00000020   Data   RO         5709    Region$$Table       anon$$obj.o


    Execution Region RW_IRAM1 (Exec base: 0x20000000, Load base: 0x080094f0, Size: 0x00000ed0, Max: 0x00002000, ABSOLUTE, COMPRESSED[0x0000009c])

    Exec Addr    Load Addr    Size         Type   Attr      Idx    E Section Name        Object

    0x20000000   COMPRESSED   0x00000001   Data   RW           31    .data               main.o
    0x20000001   COMPRESSED   0x00000007   PAD
    0x20000008   COMPRESSED   0x00000060   Data   RW           34    .data               main.o
    0x20000068   COMPRESSED   0x00000001   Data   RW          329    .data               user_diskio.o
    0x20000069   COMPRESSED   0x00000003   PAD
    0x2000006c   COMPRESSED   0x00000014   Data   RW          330    .data               user_diskio.o
    0x20000080   COMPRESSED   0x00000005   Data   RW          387    .data               fatfs.o
    0x20000085   COMPRESSED   0x00000003   PAD
    0x20000088   COMPRESSED   0x00000018   Data   RW          671    .data               console.o
    0x200000a0   COMPRESSED   0x0000012c   Data   RW         1250    .data               proc.o
    0x200001cc   COMPRESSED   0x00000008   Data   RW         1464    .data               uart.o
    0x200001d4   COMPRESSED   0x00000004   PAD
    0x200001d8   COMPRESSED   0x00000028   Data   RW         1567    .data               ht7038.o
    0x20000200   COMPRESSED   0x00000004   Data   RW         3670    .data               stm32f0xx_hal.o
    0x20000204   COMPRESSED   0x00000004   Data   RW         4785    .data               system_stm32f0xx.o
    0x20000208   COMPRESSED   0x00000004   Data   RW         5671    .data               mc_p.l(errno.o)
    0x2000020c        -       0x0000023c   Zero   RW           28    .bss                main.o
    0x20000448        -       0x00000044   Zero   RW           30    .bss                main.o
    0x2000048c        -       0x00000080   Zero   RW          589    .bss                adc.o
    0x2000050c        -       0x00000280   Zero   RW          669    .bss                console.o
    0x2000078c        -       0x0000017c   Zero   RW         1248    .bss                proc.o
    0x20000908        -       0x00000198   Zero   RW         1463    .bss                uart.o
    0x20000aa0        -       0x00000020   Zero   RW         4615    .bss                stm32f0xx_hal_flash.o
    0x20000ac0        -       0x0000000c   Zero   RW         5160    .bss                ff_gen_drv_1.o
    0x20000acc   COMPRESSED   0x00000004   PAD
    0x20000ad0        -       0x00000400   Zero   RW            1    STACK               startup_stm32f030x8.o


==============================================================================

Image component sizes


      Code (inc. data)   RO Data    RW Data    ZI Data      Debug   Object Name

       176         14          0          0        128       1774   adc.o
       584        248          7         24        640      11661   console.o
        28         10          0          5          0       1038   fatfs.o
        74          4          0          0         12       1623   ff_gen_drv_1.o
       284          4          0          0          0       4201   flash.o
      1478        124        600         40          0      10708   ht7038.o
      3482        260          0         97        640     312337   main.o
       284         12        322          0          0       2307   ntc.o
       300          6       1536          0          0       8816   prjlib.o
      7720        470          0        300        380      25708   proc.o
       120         16          0          0          0        556   pwm.o
        28          8        180          0       1024        624   startup_stm32f030x8.o
       122         18          0          4          0       3659   stm32f0xx_hal.o
      1314         44          0          0          0       8491   stm32f0xx_hal_adc.o
       144         24          0          0          0       8925   stm32f0xx_hal_cortex.o
        92          0          0          0          0       1099   stm32f0xx_hal_crc.o
         4          0          0          0          0        921   stm32f0xx_hal_crc_ex.o
       374          0          0          0          0       3679   stm32f0xx_hal_dma.o
       624         66          0          0         32       6647   stm32f0xx_hal_flash.o
       232         30          0          0          0       3085   stm32f0xx_hal_flash_ex.o
       340         26          0          0          0       2264   stm32f0xx_hal_gpio.o
       116         20          0          0          0       1727   stm32f0xx_hal_iwdg.o
       660         70          0          0          0       4867   stm32f0xx_hal_msp.o
      1316         94          0          0          0       5033   stm32f0xx_hal_rcc.o
       232         14          0          0          0       1372   stm32f0xx_hal_rcc_ex.o
      1966          0          0          0          0       9386   stm32f0xx_hal_spi.o
      1556        132          0          0          0      13123   stm32f0xx_hal_tim.o
         4          0          0          0          0       1566   stm32f0xx_hal_tim_ex.o
      1740         46          0          0          0      14000   stm32f0xx_hal_uart.o
        80         16          0          0          0       3947   stm32f0xx_it.o
        92         14         24          4          0       1155   system_stm32f0xx.o
       972        258          0          8        408       4839   uart.o
        44         12          0         21          0       3000   user_diskio.o

    ----------------------------------------------------------------------
     26626       2060       2704        520       3268     484138   Object Totals
         0          0         32          0          0          0   (incl. Generated)
        44          0          3         17          4          0   (incl. Padding)

    ----------------------------------------------------------------------

      Code (inc. data)   RO Data    RW Data    ZI Data      Debug   Library Member Name

       152         10          0          0          0        104   cos.o
       244         20         48          0          0         92   cos_i.o
        46          6          0          0          0        204   dunder.o
        44          4          0          0          0         60   fpclassify.o
       172          0          0          0          0         76   poly.o
       974         86        200          0          0        200   rred.o
       236         14         40          0          0        100   sin_i.o
        60         10          0          0          0         84   __0sscanf.o
        86          0          0          0          0          0   __dczerorl2.o
        30          0          0          0          0         60   _chval.o
       824         12          0          0          0         84   _scanf.o
       330          0          0          0          0         84   _scanf_int.o
        68          0          0          0          0         76   _sgetc.o
         8          4        133          0          0         60   ctype_o.o
         0          0          0          0          0          0   entry.o
         0          0          0          0          0          0   entry10a.o
         0          0          0          0          0          0   entry11a.o
         8          4          0          0          0          0   entry2.o
         4          0          0          0          0          0   entry5.o
         0          0          0          0          0          0   entry7b.o
         0          0          0          0          0          0   entry8b.o
         8          4          0          0          0          0   entry9a.o
        12          6          0          4          0         60   errno.o
        30          0          0          0          0          0   handlers.o
        36          8          0          0          0         68   init.o
        18          0          0          0          0         68   isspace_o.o
         0          0          0          0          0          0   iusefp.o
        32          0          0          0          0         68   llshl.o
        38          0          0          0          0         68   llsshr.o
        34          0          0          0          0         68   llushr.o
        36          0          0          0          0         60   memcpya.o
        36          0          0          0          0        100   memseta.o
      2336         98          0          0          0        604   printfa.o
        44          8          0          0          0         84   scanf_char.o
        28          0          0          0          0         68   strcmp.o
        14          0          0          0          0         60   strlen.o
        30          0          0          0          0         72   strncmp.o
        44          0          0          0          0         72   uidiv.o
        96          0          0          0          0         84   uldiv.o
        40          2          0          0          0         68   cdcmple.o
        40          2          0          0          0         68   cdrcmple.o
        56          0          0          0          0         68   d2f.o
       356          4          0          0          0        140   dadd.o
       240          6          0          0          0         84   ddiv.o
       236          0          0          0          0        216   depilogue.o
        72         10          0          0          0         72   dfixi.o
        60         10          0          0          0         68   dfixui.o
        64         10          0          0          0         68   dfixul.o
        40          6          0          0          0         68   dflti.o
        28          4          0          0          0         68   dfltui.o
       208          6          0          0          0         88   dmul.o
        44          0          0          0          0         72   dscalb.o
        40          0          0          0          0         60   f2d.o
       178          0          0          0          0        108   fadd.o
       124          0          0          0          0         72   fdiv.o
       130          0          0          0          0        144   fepilogue.o
        50          0          0          0          0         60   ffixi.o
        40          0          0          0          0         60   ffixui.o
        22          0          0          0          0         68   fflti.o
        14          0          0          0          0         68   ffltui.o
       122          0          0          0          0         72   fmul.o

    ----------------------------------------------------------------------
      8374        354        424          4          0       4748   Library Totals
        12          0          3          0          0          0   (incl. Padding)

    ----------------------------------------------------------------------

      Code (inc. data)   RO Data    RW Data    ZI Data      Debug   Library Name

      1868        140        288          0          0        836   m_ps.l
      4290        154        133          4          0       2052   mc_p.l
      2204         60          0          0          0       1860   mf_p.l

    ----------------------------------------------------------------------
      8374        354        424          4          0       4748   Library Totals

    ----------------------------------------------------------------------

==============================================================================


      Code (inc. data)   RO Data    RW Data    ZI Data      Debug   

     35000       2414       3128        524       3268     477962   Grand Totals
     35000       2414       3128        156       3268     477962   ELF Image Totals (compressed)
     35000       2414       3128        156          0          0   ROM Totals

==============================================================================

    Total RO  Size (Code + RO Data)                38128 (  37.23kB)
    Total RW  Size (RW Data + ZI Data)              3792 (   3.70kB)
    Total ROM Size (Code + RO Data + RW Data)      38284 (  37.39kB)

==============================================================================

