###############################################################################
#
# IAR ELF Linker V8.32.1.169/W32 for ARM                  29/Oct/2019  18:41:18
# Copyright 2007-2018 IAR Systems AB.
#
#    Output file  =  E:\AD-39 -2P-1024\EWARM\AD-13-test\Exe\AD-13-test.out
#    Map file     =  E:\AD-39 -2P-1024\EWARM\AD-13-test\List\AD-13-test.map
#    Command line =  
#        -f C:\Users\EDZ\AppData\Local\Temp\EW73C8.tmp ("E:\AD-39
#        -2P-1024\EWARM\AD-13-test\Obj\adc.o" "E:\AD-39
#        -2P-1024\EWARM\AD-13-test\Obj\att7053bu.o" "E:\AD-39
#        -2P-1024\EWARM\AD-13-test\Obj\ccsbcs.o" "E:\AD-39
#        -2P-1024\EWARM\AD-13-test\Obj\console.o" "E:\AD-39
#        -2P-1024\EWARM\AD-13-test\Obj\diskio.o" "E:\AD-39
#        -2P-1024\EWARM\AD-13-test\Obj\fatfs.o" "E:\AD-39
#        -2P-1024\EWARM\AD-13-test\Obj\ff.o" "E:\AD-39
#        -2P-1024\EWARM\AD-13-test\Obj\ff_gen_drv.o" "E:\AD-39
#        -2P-1024\EWARM\AD-13-test\Obj\flash.o" "E:\AD-39
#        -2P-1024\EWARM\AD-13-test\Obj\main.o" "E:\AD-39
#        -2P-1024\EWARM\AD-13-test\Obj\ntc.o" "E:\AD-39
#        -2P-1024\EWARM\AD-13-test\Obj\prjlib.o" "E:\AD-39
#        -2P-1024\EWARM\AD-13-test\Obj\proc.o" "E:\AD-39
#        -2P-1024\EWARM\AD-13-test\Obj\pwm.o" "E:\AD-39
#        -2P-1024\EWARM\AD-13-test\Obj\startup_stm32f030x8.o" "E:\AD-39
#        -2P-1024\EWARM\AD-13-test\Obj\stm32f0xx_hal.o" "E:\AD-39
#        -2P-1024\EWARM\AD-13-test\Obj\stm32f0xx_hal_adc.o" "E:\AD-39
#        -2P-1024\EWARM\AD-13-test\Obj\stm32f0xx_hal_adc_ex.o" "E:\AD-39
#        -2P-1024\EWARM\AD-13-test\Obj\stm32f0xx_hal_cortex.o" "E:\AD-39
#        -2P-1024\EWARM\AD-13-test\Obj\stm32f0xx_hal_crc.o" "E:\AD-39
#        -2P-1024\EWARM\AD-13-test\Obj\stm32f0xx_hal_crc_ex.o" "E:\AD-39
#        -2P-1024\EWARM\AD-13-test\Obj\stm32f0xx_hal_dma.o" "E:\AD-39
#        -2P-1024\EWARM\AD-13-test\Obj\stm32f0xx_hal_flash.o" "E:\AD-39
#        -2P-1024\EWARM\AD-13-test\Obj\stm32f0xx_hal_flash_ex.o" "E:\AD-39
#        -2P-1024\EWARM\AD-13-test\Obj\stm32f0xx_hal_gpio.o" "E:\AD-39
#        -2P-1024\EWARM\AD-13-test\Obj\stm32f0xx_hal_i2c.o" "E:\AD-39
#        -2P-1024\EWARM\AD-13-test\Obj\stm32f0xx_hal_i2c_ex.o" "E:\AD-39
#        -2P-1024\EWARM\AD-13-test\Obj\stm32f0xx_hal_iwdg.o" "E:\AD-39
#        -2P-1024\EWARM\AD-13-test\Obj\stm32f0xx_hal_msp.o" "E:\AD-39
#        -2P-1024\EWARM\AD-13-test\Obj\stm32f0xx_hal_pwr.o" "E:\AD-39
#        -2P-1024\EWARM\AD-13-test\Obj\stm32f0xx_hal_pwr_ex.o" "E:\AD-39
#        -2P-1024\EWARM\AD-13-test\Obj\stm32f0xx_hal_rcc.o" "E:\AD-39
#        -2P-1024\EWARM\AD-13-test\Obj\stm32f0xx_hal_rcc_ex.o" "E:\AD-39
#        -2P-1024\EWARM\AD-13-test\Obj\stm32f0xx_hal_spi.o" "E:\AD-39
#        -2P-1024\EWARM\AD-13-test\Obj\stm32f0xx_hal_spi_ex.o" "E:\AD-39
#        -2P-1024\EWARM\AD-13-test\Obj\stm32f0xx_hal_tim.o" "E:\AD-39
#        -2P-1024\EWARM\AD-13-test\Obj\stm32f0xx_hal_tim_ex.o" "E:\AD-39
#        -2P-1024\EWARM\AD-13-test\Obj\stm32f0xx_hal_uart.o" "E:\AD-39
#        -2P-1024\EWARM\AD-13-test\Obj\stm32f0xx_hal_uart_ex.o" "E:\AD-39
#        -2P-1024\EWARM\AD-13-test\Obj\stm32f0xx_it.o" "E:\AD-39
#        -2P-1024\EWARM\AD-13-test\Obj\syscall.o" "E:\AD-39
#        -2P-1024\EWARM\AD-13-test\Obj\system_stm32f0xx.o" "E:\AD-39
#        -2P-1024\EWARM\AD-13-test\Obj\uart.o" "E:\AD-39
#        -2P-1024\EWARM\AD-13-test\Obj\user_diskio.o" --redirect
#        _Printf=_PrintfFull --redirect _Scanf=_ScanfFull --no_out_extension -o
#        "E:\AD-39 -2P-1024\EWARM\AD-13-test\Exe\AD-13-test.out" --map
#        "E:\AD-39 -2P-1024\EWARM\AD-13-test\List\AD-13-test.map" --config
#        "E:\AD-39 -2P-1024\EWARM/stm32f030x8_flash.icf" --semihosting --entry
#        __iar_program_start --vfe --text_out locale)
#
###############################################################################

*******************************************************************************
*** RUNTIME MODEL ATTRIBUTES
***

CppFlavor       = *
__SystemLibrary = DLib
__dlib_version  = 6


*******************************************************************************
*** HEAP SELECTION
***

The basic heap was selected because no calls to memory allocation
functions were found in the application outside of system library
functions, and there are calls to deallocation functions in the
application.


*******************************************************************************
*** PLACEMENT SUMMARY
***

"A0":  place at 0x800'0000 { ro section .intvec };
"P1":  place in [from 0x800'0000 to 0x800'ffff] { ro };
define block CSTACK with size = 1K, alignment = 8 { };
define block HEAP with size = 0M, alignment = 8 { };
"P2":  place in [from 0x2000'0000 to 0x2000'1fff] {
          rw, block CSTACK, block HEAP };
initialize by copy { rw };

  Section            Kind         Address    Size  Object
  -------            ----         -------    ----  ------
"A0":                                        0xb4
  .intvec            ro code   0x800'0000    0xb4  startup_stm32f030x8.o [1]
                             - 0x800'00b4    0xb4

"P1":                                      0x899e
  .text              ro code   0x800'00b4  0x1108  proc.o [1]
  .text              ro code   0x800'11bc   0x132  flash.o [1]
  .text              ro code   0x800'12ee    0x7e  lz77_init_single.o [4]
  .text              ro code   0x800'136c   0x110  prjlib.o [1]
  .text              ro code   0x800'147c    0x5e  I32DivMod.o [4]
  .text              ro code   0x800'14da    0x22  xsscin.o [2]
  .text              ro code   0x800'14fc   0x33a  att7053bu.o [1]
  .text              ro code   0x800'1836    0x20  stm32f0xx_hal.o [1]
  .text              ro code   0x800'1856     0xa  xsprout.o [2]
  .text              ro code   0x800'1860   0x636  stm32f0xx_hal_tim.o [1]
  .text              ro code   0x800'1e96     0x2  startup_stm32f030x8.o [1]
  .text              ro code   0x800'1e98    0x7c  pwm.o [1]
  .text              ro code   0x800'1f14    0x4e  ABImemcpy.o [4]
  .text              ro code   0x800'1f62     0x2  startup_stm32f030x8.o [1]
  .text              ro code   0x800'1f64   0x3d4  uart.o [1]
  .text              ro code   0x800'2338   0x26e  stm32f0xx_hal_flash.o [1]
  .text              ro code   0x800'25a6     0x2  startup_stm32f030x8.o [1]
  .text              ro code   0x800'25a8    0xe4  stm32f0xx_hal_flash_ex.o [1]
  .text              ro code   0x800'268c     0x2  IntDivZer.o [4]
  .text              ro code   0x800'268e     0x2  startup_stm32f030x8.o [1]
  .text              ro code   0x800'2690   0x8b0  stm32f0xx_hal_spi.o [1]
  .text              ro code   0x800'2f40    0x20  IxxToFlt.o [3]
  .text              ro code   0x800'2f60    0xb0  FltMul.o [3]
  .text              ro code   0x800'3010    0x26  FltToU32.o [3]
  .text              ro code   0x800'3036     0x2  startup_stm32f030x8.o [1]
  .text              ro code   0x800'3038    0x28  FltCmpGe.o [3]
  .text              ro code   0x800'3060    0xaa  FltDiv.o [3]
  .text              ro code   0x800'310a     0x2  startup_stm32f030x8.o [1]
  .text              ro code   0x800'310c    0x32  FltToDbl.o [3]
  .text              ro code   0x800'313e   0x184  DblMul.o [3]
  .text              ro code   0x800'32c2   0x1b4  DblAddSub.o [3]
  .text              ro code   0x800'3476     0x2  startup_stm32f030x8.o [1]
  .text              ro code   0x800'3478    0x52  DblToI32.o [3]
  .text              ro code   0x800'34ca     0x2  startup_stm32f030x8.o [1]
  .text              ro code   0x800'34cc    0x34  IxxToDbl.o [3]
  .text              ro code   0x800'3500     0xc  stm32f0xx_hal.o [1]
  .text              ro code   0x800'350c   0x2a8  stm32f0xx_hal_msp.o [1]
  .text              ro code   0x800'37b4     0x2  stm32f0xx_hal_tim.o [1]
  .text              ro code   0x800'37b6     0x2  stm32f0xx_hal_tim.o [1]
  .text              ro code   0x800'37b8     0x2  stm32f0xx_hal_tim.o [1]
  .text              ro code   0x800'37ba     0x2  stm32f0xx_hal_tim.o [1]
  .text              ro code   0x800'37bc     0x2  stm32f0xx_hal_tim_ex.o [1]
  .text              ro code   0x800'37be     0x2  stm32f0xx_hal_tim.o [1]
  .text              ro code   0x800'37c0     0x2  stm32f0xx_hal_tim_ex.o [1]
  .text              ro code   0x800'37c2     0x2  startup_stm32f030x8.o [1]
  .text              ro code   0x800'37c4    0x10  ABImemset_small.o [4]
  .text              ro code   0x800'37d4   0x41a  main.o [1]
  .text              ro code   0x800'3bee     0x2  startup_stm32f030x8.o [1]
  .text              ro code   0x800'3bf0   0x1a4  stm32f0xx_hal_gpio.o [1]
  .text              ro code   0x800'3d94   0x5bc  stm32f0xx_hal_uart.o [1]
  .text              ro code   0x800'4350    0x2c  strncmp.o [2]
  .text              ro code   0x800'437c    0x28  sscanf.o [2]
  .text              ro code   0x800'43a4    0x40  sprintf.o [2]
  .text              ro code   0x800'43e4     0xe  strlen.o [4]
  .text              ro code   0x800'43f2     0x2  startup_stm32f030x8.o [1]
  .text              ro code   0x800'43f4    0x14  strcmp_small.o [4]
  .text              ro code   0x800'4408    0x1e  U64Shr.o [4]
  .text              ro code   0x800'4426     0x2  stm32f0xx_hal_flash.o [1]
  .text              ro code   0x800'4428    0x88  stm32f0xx_hal_cortex.o [1]
  .text              ro code   0x800'44b0   0x184  stm32f0xx_hal_dma.o [1]
  .text              ro code   0x800'4634    0x20  stm32f0xx_hal.o [1]
  .text              ro code   0x800'4654   0x530  stm32f0xx_hal_adc.o [1]
  .text              ro code   0x800'4b84    0x5c  stm32f0xx_hal_crc.o [1]
  .text              ro code   0x800'4be0    0x18  fatfs.o [1]
  .text              ro code   0x800'4bf8    0x64  stm32f0xx_hal_iwdg.o [1]
  .text              ro code   0x800'4c5c    0xc8  stm32f0xx_hal_adc_ex.o [1]
  .text              ro code   0x800'4d24   0x11c  adc.o [1]
  .text              ro code   0x800'4e40   0x58c  stm32f0xx_hal_rcc.o [1]
  .text              ro code   0x800'53cc    0xfc  stm32f0xx_hal_rcc_ex.o [1]
  .text              ro code   0x800'54c8     0x2  stm32f0xx_hal_uart.o [1]
  .text              ro code   0x800'54ca     0x2  startup_stm32f030x8.o [1]
  .text              ro code   0x800'54cc    0x34  console.o [1]
  .text              ro code   0x800'5500     0x2  stm32f0xx_hal_uart.o [1]
  .text              ro code   0x800'5502     0x2  startup_stm32f030x8.o [1]
  .text              ro code   0x800'5504   0xf5c  xscanffull.o [2]
  .text              ro code   0x800'6460   0xff2  xprintffull.o [2]
  .text              ro code   0x800'7452    0x24  stm32f0xx_hal.o [1]
  .text              ro code   0x800'7476     0x4  stm32f0xx_hal_crc_ex.o [1]
  .text              ro code   0x800'747a     0x2  startup_stm32f030x8.o [1]
  .text              ro code   0x800'747c    0x48  ff_gen_drv.o [1]
  .text              ro code   0x800'74c4   0x120  xlocale_c.o [2]
  .text              ro code   0x800'75e4    0x38  wctob.o [2]
  .text              ro code   0x800'761c    0x12  isspace.o [2]
  .text              ro code   0x800'762e     0x2  startup_stm32f030x8.o [1]
  .text              ro code   0x800'7630    0x12  strchr.o [4]
  .text              ro code   0x800'7642     0x2  startup_stm32f030x8.o [1]
  .text              ro code   0x800'7644    0x48  xfail_s.o [2]
  .text              ro code   0x800'768c    0x16  memchr.o [4]
  .text              ro code   0x800'76a2    0xa8  iar_Stollx.o [2]
  .text              ro code   0x800'774a     0x2  startup_stm32f030x8.o [1]
  .text              ro code   0x800'774c   0x19e  iar_Stoullx.o [2]
  .text              ro code   0x800'78ea     0x2  startup_stm32f030x8.o [1]
  .text              ro code   0x800'78ec   0x3e4  strto64.o [3]
  .text              ro code   0x800'7cd0    0x12  isalpha.o [2]
  .text              ro code   0x800'7ce2    0x62  DblToFlt.o [3]
  .text              ro code   0x800'7d44     0xa  xmbcurmax.o [2]
  .text              ro code   0x800'7d4e    0x6a  I64DivMod.o [4]
  .text              ro code   0x800'7db8    0x32  DblCmpLe.o [3]
  .text              ro code   0x800'7dea    0x32  DblCmpGe.o [3]
  .text              ro code   0x800'7e1c    0xc2  DblDiv.o [3]
  .text              ro code   0x800'7ede     0xa  abort.o [2]
  .text              ro code   0x800'7ee8    0x32  I64Mul.o [4]
  .text              ro code   0x800'7f1a    0x12  tolower.o [2]
  .text              ro code   0x800'7f2c   0x118  iar_Stopfx.o [2]
  .text              ro code   0x800'8044   0x1e0  iar_Stoflt.o [2]
  .text              ro code   0x800'8224   0x234  iar_Stoxflt.o [2]
  .text              ro code   0x800'8458     0x2  I64DivZer.o [4]
  .text              ro code   0x800'845a     0x2  startup_stm32f030x8.o [1]
  .text              ro code   0x800'845c    0x14  exit.o [5]
  .rodata            const     0x800'8470   0x200  prjlib.o [1]
  .text              ro code   0x800'8670    0x70  system_stm32f0xx.o [1]
  .rodata            const     0x800'86e0    0x50  iar_Stoullx.o [2]
  .text              ro code   0x800'8730    0x50  stm32f0xx_it.o [1]
  .text              ro code   0x800'8780    0x10  stm32f0xx_hal.o [1]
  .rodata            const     0x800'8790    0x4c  xscanffull.o [2]
  .rodata            const     0x800'87e0    0x48  strto64.o [3]
  .text              ro code   0x800'8828    0x3c  zero_init3.o [4]
  .rodata            const     0x800'8864    0x28  xscanffull.o [2]
  .text              ro code   0x800'888c    0x28  data_init.o [4]
  .text              ro code   0x800'88b4    0x24  xencoding_8859_1.o [2]
  .iar.init_table    const     0x800'88d8    0x20  - Linker created -
  .text              ro code   0x800'88f8    0x20  user_diskio.o [1]
  .text              ro code   0x800'8918    0x1e  cmain.o [4]
  .text              ro code   0x800'8936     0x4  low_level_init.o [2]
  .text              ro code   0x800'893a     0x8  exit.o [2]
  .text              ro code   0x800'8942     0x2  startup_stm32f030x8.o [1]
  .text              ro code   0x800'8944     0xa  cexit.o [4]
  .text              ro code   0x800'894e     0x2  startup_stm32f030x8.o [1]
  .rodata            const     0x800'8950    0x10  xprintffull.o [2]
  .text              ro code   0x800'8960    0x10  startup_stm32f030x8.o [1]
  .text              ro code   0x800'8970     0xc  cstartup_M.o [4]
  .rodata            const     0x800'897c     0x8  system_stm32f0xx.o [1]
  .rodata            const     0x800'8984     0x8  xscanffull.o [2]
  .rodata            const     0x800'898c     0x6  xlocale_c.o [2]
  .rodata            const     0x800'8992     0x0  zero_init3.o [4]
  .rodata            const     0x800'8992     0x0  lz77_init_single.o [4]
  Initializer bytes  const     0x800'8992    0xc0  <for P2-1>
                             - 0x800'8a52  0x899e

"P2", part 1 of 3:                          0x164
  P2-1                        0x2000'0000   0x164  <Init block>
    .data            inited   0x2000'0000    0x70  proc.o [1]
    .data            inited   0x2000'0070    0x54  proc.o [1]
    .data            inited   0x2000'00c4     0x4  system_stm32f0xx.o [1]
    .data            inited   0x2000'00c8    0x14  user_diskio.o [1]
    .data            inited   0x2000'00dc    0x38  xlocale_c.o [2]
    .data            inited   0x2000'0114    0x48  xlocale_c.o [2]
    .data            inited   0x2000'015c     0x6  proc.o [1]
    .data            inited   0x2000'0162     0x1  proc.o [1]
    .data            inited   0x2000'0163     0x1  user_diskio.o [1]
                            - 0x2000'0164   0x164

"P2", part 2 of 3:                          0x730
  .bss               zero     0x2000'0164   0x24c  main.o [1]
  .bss               zero     0x2000'03b0   0x124  uart.o [1]
  .bss               zero     0x2000'04d4   0x104  console.o [1]
  .bss               zero     0x2000'05d8    0xd0  proc.o [1]
  .bss               zero     0x2000'06a8    0x65  uart.o [1]
  .bss               zero     0x2000'070e     0x2  adc.o [1]
  .bss               zero     0x2000'0710    0x44  main.o [1]
  .bss               zero     0x2000'0754    0x40  adc.o [1]
  .bss               zero     0x2000'0794    0x40  adc.o [1]
  .bss               zero     0x2000'07d4    0x40  main.o [1]
  .bss               zero     0x2000'0814    0x34  proc.o [1]
  .bss               zero     0x2000'0848     0xc  ff_gen_drv.o [1]
  .bss               zero     0x2000'0858    0x20  stm32f0xx_hal_flash.o [1]
  .bss               zero     0x2000'0878     0x8  fatfs.o [1]
  .bss               zero     0x2000'0880     0x4  att7053bu.o [1]
  .bss               zero     0x2000'0884     0x4  att7053bu.o [1]
  .bss               zero     0x2000'0888     0x4  stm32f0xx_hal.o [1]
  .bss               zero     0x2000'088c     0x4  xfail_s.o [2]
  .bss               zero     0x2000'0890     0x2  adc.o [1]
  .bss               zero     0x2000'0892     0x1  main.o [1]
  .bss               zero     0x2000'0893     0x1  proc.o [1]
                            - 0x2000'0894   0x730

"P2", part 3 of 3:                          0x400
  CSTACK                      0x2000'0898   0x400  <Block>
    CSTACK           uninit   0x2000'0898   0x400  <Block tail>
                            - 0x2000'0c98   0x400

Unused ranges:

         From           To    Size
         ----           --    ----
   0x800'8a52   0x800'ffff  0x75ae
  0x2000'0894  0x2000'0897     0x4
  0x2000'0c98  0x2000'1fff  0x1368


*******************************************************************************
*** INIT TABLE
***

          Address      Size
          -------      ----
Zero (__iar_zero_init3)
    1 destination range, total size 0x730:
          0x2000'0164  0x730

Copy/lz77 (__iar_lz77_init_single3)
    1 source range, total size 0xc0 (53% of destination):
           0x800'8992   0xc0
    1 destination range, total size 0x164:
          0x2000'0000  0x164



*******************************************************************************
*** MODULE SUMMARY
***

    Module                    ro code  ro data  rw data
    ------                    -------  -------  -------
command line/config:
    ---------------------------------------------------
    Total:

E:\AD-39 -2P-1024\EWARM\AD-13-test\Obj: [1]
    adc.o                         284               132
    att7053bu.o                   826                 8
    console.o                      52               260
    fatfs.o                        24                 8
    ff_gen_drv.o                   72                12
    flash.o                       306
    main.o                      1 050               721
    prjlib.o                      272      512
    proc.o                      4 360      109      464
    pwm.o                         124
    startup_stm32f030x8.o         238
    stm32f0xx_hal.o               128                 4
    stm32f0xx_hal_adc.o         1 328
    stm32f0xx_hal_adc_ex.o        200
    stm32f0xx_hal_cortex.o        136
    stm32f0xx_hal_crc.o            92
    stm32f0xx_hal_crc_ex.o          4
    stm32f0xx_hal_dma.o           388
    stm32f0xx_hal_flash.o         624                32
    stm32f0xx_hal_flash_ex.o      228
    stm32f0xx_hal_gpio.o          420
    stm32f0xx_hal_iwdg.o          100
    stm32f0xx_hal_msp.o           680
    stm32f0xx_hal_rcc.o         1 420
    stm32f0xx_hal_rcc_ex.o        252
    stm32f0xx_hal_spi.o         2 224
    stm32f0xx_hal_tim.o         1 600
    stm32f0xx_hal_tim_ex.o          4
    stm32f0xx_hal_uart.o        1 472
    stm32f0xx_it.o                 80
    system_stm32f0xx.o            112       10        4
    uart.o                        980               393
    user_diskio.o                  32       12       21
    ---------------------------------------------------
    Total:                     20 112      643    2 059

dl6M_tlf.a: [2]
    abort.o                        10
    exit.o                          8
    iar_Stoflt.o                  480
    iar_Stollx.o                  168
    iar_Stopfx.o                  280
    iar_Stoullx.o                 414       80
    iar_Stoxflt.o                 564
    isalpha.o                      18
    isspace.o                      18
    low_level_init.o                4
    sprintf.o                      64
    sscanf.o                       40
    strncmp.o                      44
    tolower.o                      18
    wctob.o                        56
    xencoding_8859_1.o             36
    xfail_s.o                      72                 4
    xlocale_c.o                   288       75      128
    xmbcurmax.o                    10
    xprintffull.o               4 082       16
    xscanffull.o                3 932      124
    xsprout.o                      10
    xsscin.o                       34
    ---------------------------------------------------
    Total:                     10 650      295      132

m6M_tl.a: [3]
    DblAddSub.o                   436
    DblCmpGe.o                     50
    DblCmpLe.o                     50
    DblDiv.o                      194
    DblMul.o                      388
    DblToFlt.o                     98
    DblToI32.o                     82
    FltCmpGe.o                     40
    FltDiv.o                      170
    FltMul.o                      176
    FltToDbl.o                     50
    FltToU32.o                     38
    IxxToDbl.o                     52
    IxxToFlt.o                     32
    strto64.o                     996       72
    ---------------------------------------------------
    Total:                      2 852       72

rt6M_tl.a: [4]
    ABImemcpy.o                    78
    ABImemset_small.o              16
    I32DivMod.o                    94
    I64DivMod.o                   106
    I64DivZer.o                     2
    I64Mul.o                       50
    IntDivZer.o                     2
    U64Shr.o                       30
    cexit.o                        10
    cmain.o                        30
    cstartup_M.o                   12
    data_init.o                    40
    lz77_init_single.o            126
    memchr.o                       22
    strchr.o                       18
    strcmp_small.o                 20
    strlen.o                       14
    zero_init3.o                   60
    ---------------------------------------------------
    Total:                        730

shb_l.a: [5]
    exit.o                         20
    ---------------------------------------------------
    Total:                         20

    Gaps                                     4        5
    Linker created                          32    1 024
-------------------------------------------------------
    Grand Total:               34 364    1 046    3 220


*******************************************************************************
*** ENTRY LIST
***

Entry                       Address   Size  Type      Object
-----                       -------   ----  ----      ------
.iar.init_table$$Base    0x800'88d8          --   Gb  - Linker created -
.iar.init_table$$Limit   0x800'88f8          --   Gb  - Linker created -
?main                    0x800'8919         Code  Gb  cmain.o [4]
ADC_ConversionStop       0x800'4b1f   0x50  Code  Lc  stm32f0xx_hal_adc.o [1]
ADC_Disable              0x800'4abd   0x62  Code  Gb  stm32f0xx_hal_adc.o [1]
ADC_Enable               0x800'4a3d   0x76  Code  Gb  stm32f0xx_hal_adc.o [1]
ADC_GetLeakgevalue       0x800'4db7   0x66  Code  Gb  adc.o [1]
ADC_GetNtcvalue          0x800'4d53   0x64  Code  Gb  adc.o [1]
ADC_leekgevalue          0x800'4d2b    0x4  Code  Gb  adc.o [1]
ADC_ntcvalue             0x800'4d25    0x6  Code  Gb  adc.o [1]
AHBPrescTable            0x800'86d0   0x10  Data  Gb  system_stm32f0xx.o [1]
APBPrescTable            0x800'897c    0x8  Data  Gb  system_stm32f0xx.o [1]
AmendCommand             0x800'1fa9  0x16a  Code  Gb  uart.o [1]
Brakefailure            0x2000'0083    0x1  Data  Lc  proc.o [1]
BytetoUint32             0x800'11ed   0x18  Code  Gb  flash.o [1]
CMD_SendBuffer          0x2000'04d8  0x100  Data  Lc  console.o [1]
CMD_SendDoneIndex       0x2000'04d6    0x2  Data  Lc  console.o [1]
CMD_SendIndex           0x2000'04d4    0x2  Data  Lc  console.o [1]
CRC_16                   0x800'13ab   0x2a  Code  Gb  prjlib.o [1]
CSTACK$$Base            0x2000'0898          --   Gb  - Linker created -
CSTACK$$Limit           0x2000'0c98          --   Gb  - Linker created -
CacheMore                0x800'7505   0x28  Code  Lc  xlocale_c.o [2]
DMA1_Channel1_IRQHandler
                         0x800'8749    0xa  Code  Gb  stm32f0xx_it.o [1]
DMA_CalcBaseAndBitshift
                         0x800'4611   0x1a  Code  Lc  stm32f0xx_hal_dma.o [1]
Dtentox                  0x800'79c1  0x190  Code  Lc  strto64.o [3]
Duty_ratio              0x2000'015c    0x1  Data  Gb  proc.o [1]
Error_Handler            0x800'3bed    0x2  Code  Gb  main.o [1]
FATFS_LinkDriver         0x800'74b7    0xa  Code  Gb  ff_gen_drv.o [1]
FATFS_LinkDriverEx       0x800'747d   0x3a  Code  Gb  ff_gen_drv.o [1]
FIFO_Init                0x800'13d9   0x20  Code  Gb  prjlib.o [1]
FIFO_Length              0x800'141d    0x8  Code  Gb  prjlib.o [1]
FIFO_Put                 0x800'13f9   0x24  Code  Gb  prjlib.o [1]
FIFO_Query               0x800'145f   0x1e  Code  Gb  prjlib.o [1]
FIFO_Read                0x800'1425   0x3a  Code  Gb  prjlib.o [1]
FLASH_IRQHandler         0x800'8741    0x8  Code  Gb  stm32f0xx_it.o [1]
FLASH_MassErase          0x800'263f   0x1a  Code  Lc  stm32f0xx_hal_flash_ex.o [1]
FLASH_PageErase          0x800'2669   0x1c  Code  Gb  stm32f0xx_hal_flash_ex.o [1]
FLASH_Program_HalfWord   0x800'24eb   0x16  Code  Lc  stm32f0xx_hal_flash.o [1]
FLASH_SetErrorCode       0x800'2555   0x34  Code  Lc  stm32f0xx_hal_flash.o [1]
FLASH_WaitForLastOperation
                         0x800'2501   0x4e  Code  Gb  stm32f0xx_hal_flash.o [1]
Flag_LEAKAGE            0x2000'007c    0x1  Data  Lc  proc.o [1]
Flag_LeakageTestRepeatSwitch
                        0x2000'007a    0x1  Data  Lc  proc.o [1]
Flag_RepeatSwitch       0x2000'0079    0x1  Data  Lc  proc.o [1]
Flag_V_RepeatSwitch     0x2000'007b    0x1  Data  Lc  proc.o [1]
Flag_currmax            0x2000'0073    0x1  Data  Lc  proc.o [1]
Flag_elecmax            0x2000'0078    0x1  Data  Lc  proc.o [1]
Flag_leakageamp         0x2000'0070    0x1  Data  Lc  proc.o [1]
Flag_leakagetest        0x2000'007d    0x1  Data  Gb  proc.o [1]
Flag_power_smax         0x2000'0075    0x1  Data  Lc  proc.o [1]
Flag_short_circuit      0x2000'0074    0x1  Data  Lc  proc.o [1]
Flag_tempmax            0x2000'0071    0x1  Data  Lc  proc.o [1]
Flag_voltmax            0x2000'0077    0x1  Data  Lc  proc.o [1]
Flag_voltmin            0x2000'0076    0x1  Data  Lc  proc.o [1]
Flag_w_currmax          0x2000'0072    0x1  Data  Gb  proc.o [1]
FlashRead                0x800'128f   0x58  Code  Gb  flash.o [1]
FlashWrite               0x800'1219   0x76  Code  Gb  flash.o [1]
Flash_PageErase          0x800'11bd   0x28  Code  Gb  flash.o [1]
HAL_ADCEx_Calibration_Start
                         0x800'4c5d   0xc8  Code  Gb  stm32f0xx_hal_adc_ex.o [1]
HAL_ADC_ConfigChannel    0x800'4937  0x102  Code  Gb  stm32f0xx_hal_adc.o [1]
HAL_ADC_GetState         0x800'4a39    0x4  Code  Gb  stm32f0xx_hal_adc.o [1]
HAL_ADC_GetValue         0x800'4931    0x6  Code  Gb  stm32f0xx_hal_adc.o [1]
HAL_ADC_Init             0x800'4655  0x168  Code  Gb  stm32f0xx_hal_adc.o [1]
HAL_ADC_MspInit          0x800'3545   0xb6  Code  Gb  stm32f0xx_hal_msp.o [1]
HAL_ADC_PollForConversion
                         0x800'484d   0xc6  Code  Gb  stm32f0xx_hal_adc.o [1]
HAL_ADC_Start            0x800'47bd   0x4e  Code  Gb  stm32f0xx_hal_adc.o [1]
HAL_ADC_Stop             0x800'480b   0x3c  Code  Gb  stm32f0xx_hal_adc.o [1]
HAL_CRCEx_Init           0x800'7477    0x4  Code  Gb  stm32f0xx_hal_crc_ex.o [1]
HAL_CRC_Init             0x800'4b85   0x5c  Code  Gb  stm32f0xx_hal_crc.o [1]
HAL_CRC_MspInit          0x800'35fb   0x20  Code  Gb  stm32f0xx_hal_msp.o [1]
HAL_DMA_Abort_IT         0x800'4509   0x48  Code  Gb  stm32f0xx_hal_dma.o [1]
HAL_DMA_IRQHandler       0x800'4551   0xc0  Code  Gb  stm32f0xx_hal_dma.o [1]
HAL_DMA_Init             0x800'44b1   0x54  Code  Gb  stm32f0xx_hal_dma.o [1]
HAL_Delay                0x800'1837   0x20  Code  Wk  stm32f0xx_hal.o [1]
HAL_FLASHEx_Erase        0x800'25a9   0x96  Code  Gb  stm32f0xx_hal_flash_ex.o [1]
HAL_FLASH_IRQHandler     0x800'23bb  0x104  Code  Gb  stm32f0xx_hal_flash.o [1]
HAL_FLASH_Lock           0x800'24dd    0xe  Code  Gb  stm32f0xx_hal_flash.o [1]
HAL_FLASH_Program        0x800'2339   0x82  Code  Gb  stm32f0xx_hal_flash.o [1]
HAL_FLASH_Unlock         0x800'24bf   0x1e  Code  Gb  stm32f0xx_hal_flash.o [1]
HAL_GPIO_Init            0x800'3bf1  0x17e  Code  Gb  stm32f0xx_hal_gpio.o [1]
HAL_GPIO_WritePin        0x800'3d6f    0xc  Code  Gb  stm32f0xx_hal_gpio.o [1]
HAL_GetTick              0x800'3501    0xc  Code  Wk  stm32f0xx_hal.o [1]
HAL_IWDG_Init            0x800'4bf9   0x4c  Code  Gb  stm32f0xx_hal_iwdg.o [1]
HAL_IWDG_Refresh         0x800'4c45    0xa  Code  Gb  stm32f0xx_hal_iwdg.o [1]
HAL_IncTick              0x800'8781   0x10  Code  Wk  stm32f0xx_hal.o [1]
HAL_Init                 0x800'4635   0x1a  Code  Gb  stm32f0xx_hal.o [1]
HAL_InitTick             0x800'7453   0x24  Code  Wk  stm32f0xx_hal.o [1]
HAL_MspInit              0x800'350d   0x38  Code  Gb  stm32f0xx_hal_msp.o [1]
HAL_NVIC_EnableIRQ       0x800'446b    0xe  Code  Gb  stm32f0xx_hal_cortex.o [1]
HAL_NVIC_SetPriority     0x800'4463    0x8  Code  Gb  stm32f0xx_hal_cortex.o [1]
HAL_RCCEx_PeriphCLKConfig
                         0x800'53cd   0xe4  Code  Gb  stm32f0xx_hal_rcc_ex.o [1]
HAL_RCC_ClockConfig      0x800'51f5  0x12c  Code  Gb  stm32f0xx_hal_rcc.o [1]
HAL_RCC_GetHCLKFreq      0x800'535f    0x6  Code  Gb  stm32f0xx_hal_rcc.o [1]
HAL_RCC_GetPCLK1Freq     0x800'5365   0x14  Code  Gb  stm32f0xx_hal_rcc.o [1]
HAL_RCC_GetSysClockFreq
                         0x800'5325   0x3a  Code  Gb  stm32f0xx_hal_rcc.o [1]
HAL_RCC_GetSysClockFreq::aPLLMULFactorTable
                         0x800'53ac   0x10  Data  Lc  stm32f0xx_hal_rcc.o [1]
HAL_RCC_GetSysClockFreq::aPredivFactorTable
                         0x800'53bc   0x10  Data  Lc  stm32f0xx_hal_rcc.o [1]
HAL_RCC_OscConfig        0x800'4e41  0x3ae  Code  Gb  stm32f0xx_hal_rcc.o [1]
HAL_SPI_Init             0x800'2691   0xbc  Code  Gb  stm32f0xx_hal_spi.o [1]
HAL_SPI_MspInit          0x800'361b   0x5a  Code  Gb  stm32f0xx_hal_msp.o [1]
HAL_SPI_Receive          0x800'2921  0x184  Code  Gb  stm32f0xx_hal_spi.o [1]
HAL_SPI_Transmit         0x800'274d  0x1cc  Code  Gb  stm32f0xx_hal_spi.o [1]
HAL_SPI_TransmitReceive
                         0x800'2ab9  0x278  Code  Gb  stm32f0xx_hal_spi.o [1]
HAL_SYSTICK_Config       0x800'4479   0x28  Code  Gb  stm32f0xx_hal_cortex.o [1]
HAL_TIMEx_BreakCallback
                         0x800'37bd    0x2  Code  Wk  stm32f0xx_hal_tim_ex.o [1]
HAL_TIMEx_CommutationCallback
                         0x800'37c1    0x2  Code  Wk  stm32f0xx_hal_tim_ex.o [1]
HAL_TIM_Base_Init        0x800'1861   0x1e  Code  Gb  stm32f0xx_hal_tim.o [1]
HAL_TIM_Base_MspInit     0x800'3675   0x48  Code  Gb  stm32f0xx_hal_msp.o [1]
HAL_TIM_Base_Start_IT    0x800'187f   0x14  Code  Gb  stm32f0xx_hal_tim.o [1]
HAL_TIM_IRQHandler       0x800'1a0d  0x152  Code  Gb  stm32f0xx_hal_tim.o [1]
HAL_TIM_PWM_ConfigChannel
                         0x800'1b5f   0xcc  Code  Gb  stm32f0xx_hal_tim.o [1]
HAL_TIM_PWM_Init         0x800'18ab   0x1e  Code  Gb  stm32f0xx_hal_tim.o [1]
HAL_TIM_PWM_MspInit      0x800'36bd   0x5c  Code  Gb  stm32f0xx_hal_msp.o [1]
HAL_TIM_PWM_Start        0x800'18c9    0x6  Code  Gb  stm32f0xx_hal_tim.o [1]
HAL_TIM_PWM_Stop         0x800'18cf    0x6  Code  Gb  stm32f0xx_hal_tim.o [1]
HAL_UART_IRQHandler      0x800'3edd  0x10e  Code  Gb  stm32f0xx_hal_uart.o [1]
HAL_UART_Init            0x800'3d95   0x56  Code  Gb  stm32f0xx_hal_uart.o [1]
HAL_UART_MspInit         0x800'371d   0x70  Code  Gb  stm32f0xx_hal_msp.o [1]
HAL_UART_Receive_IT      0x800'3e59   0x80  Code  Gb  stm32f0xx_hal_uart.o [1]
HAL_UART_Transmit_IT     0x800'3e01   0x58  Code  Gb  stm32f0xx_hal_uart.o [1]
HAL_UART_TxCpltCallback
                         0x800'54cd   0x26  Code  Gb  console.o [1]
HardFault_Handler        0x800'8733    0x2  Code  Gb  stm32f0xx_it.o [1]
Led_SerialNUM           0x2000'0081    0x1  Data  Lc  proc.o [1]
Led_shiny               0x2000'0082    0x1  Data  Lc  proc.o [1]
LoadInt                  0x800'664d   0x74  Code  Lc  xprintffull.o [2]
MX_FATFS_Init            0x800'4be1   0x10  Code  Gb  fatfs.o [1]
MX_GPIO_Init             0x800'3a59  0x164  Code  Lc  main.o [1]
MX_TIM15_Init            0x800'1e99   0x6a  Code  Gb  pwm.o [1]
NMI_Handler              0x800'8731    0x2  Code  Gb  stm32f0xx_it.o [1]
NVIC_SetPriority         0x800'4429   0x3a  Code  Lc  stm32f0xx_hal_cortex.o [1]
PendSV_Handler           0x800'8737    0x2  Code  Gb  stm32f0xx_it.o [1]
Pwm_Cycle               0x2000'015e    0x2  Data  Gb  proc.o [1]
Region$$Table$$Base      0x800'88d8          --   Gb  - Linker created -
Region$$Table$$Limit     0x800'88f8          --   Gb  - Linker created -
SPI_EndRxTransaction     0x800'2e77   0x78  Code  Lc  stm32f0xx_hal_spi.o [1]
SPI_EndRxTxTransaction   0x800'2eef   0x4c  Code  Lc  stm32f0xx_hal_spi.o [1]
SPI_WaitFifoStateUntilTimeout
                         0x800'2dd3   0xa4  Code  Lc  stm32f0xx_hal_spi.o [1]
SPI_WaitFlagStateUntilTimeout
                         0x800'2d39   0x9a  Code  Lc  stm32f0xx_hal_spi.o [1]
SVC_Handler              0x800'8735    0x2  Code  Gb  stm32f0xx_it.o [1]
SW_RepeatStatus         0x2000'0080    0x1  Data  Lc  proc.o [1]
SW_Repeatcnt            0x2000'0085    0x1  Data  Gb  proc.o [1]
SW_V_Repeatcnt          0x2000'0086    0x1  Data  Gb  proc.o [1]
SW_break                 0x800'064b    0xc  Code  Gb  proc.o [1]
SW_close_speedfast       0x800'062f    0xc  Code  Gb  proc.o [1]
Stat                    0x2000'0163    0x1  Data  Lc  user_diskio.o [1]
SysTick_Handler          0x800'8739    0x8  Code  Gb  stm32f0xx_it.o [1]
SystemClock_Config       0x800'39f9   0x60  Code  Gb  main.o [1]
SystemCoreClock         0x2000'00c4    0x4  Data  Gb  system_stm32f0xx.o [1]
SystemInit               0x800'8671   0x48  Code  Gb  system_stm32f0xx.o [1]
TIM6_IRQHandler          0x800'8753    0xe  Code  Gb  stm32f0xx_it.o [1]
TIM_Base_SetConfig       0x800'1c31   0x70  Code  Gb  stm32f0xx_hal_tim.o [1]
TIM_CCxChannelCmd        0x800'1e81   0x16  Code  Gb  stm32f0xx_hal_tim.o [1]
TIM_OC1_SetConfig        0x800'1ca3   0x74  Code  Lc  stm32f0xx_hal_tim.o [1]
TIM_OC2_SetConfig        0x800'1d17   0x68  Code  Gb  stm32f0xx_hal_tim.o [1]
TIM_OC3_SetConfig        0x800'1d7f   0x64  Code  Lc  stm32f0xx_hal_tim.o [1]
TIM_OC4_SetConfig        0x800'1de3   0x52  Code  Lc  stm32f0xx_hal_tim.o [1]
Test_remotestatus        0x800'039b   0x2c  Code  Gb  proc.o [1]
UART_AdvFeatureConfig    0x800'4105   0xc8  Code  Gb  stm32f0xx_hal_uart.o [1]
UART_CheckIdleState      0x800'41d1   0x12  Code  Gb  stm32f0xx_hal_uart.o [1]
UART_DMAAbortOnError     0x800'4241   0x14  Code  Lc  stm32f0xx_hal_uart.o [1]
UART_EndRxTransfer       0x800'41e3   0x1c  Code  Lc  stm32f0xx_hal_uart.o [1]
UART_EndTransmit_IT      0x800'42bd   0x1a  Code  Gb  stm32f0xx_hal_uart.o [1]
UART_ReceiveByte         0x800'2211   0x42  Code  Gb  uart.o [1]
UART_Receive_IT          0x800'42d7   0x72  Code  Gb  stm32f0xx_hal_uart.o [1]
UART_SetConfig           0x800'3fed  0x112  Code  Gb  stm32f0xx_hal_uart.o [1]
UART_Transmit_IT         0x800'4255   0x68  Code  Gb  stm32f0xx_hal_uart.o [1]
UART_WriteBlocking_ex    0x800'1f85   0x22  Code  Gb  uart.o [1]
USART1_IRQHandler        0x800'8761   0x12  Code  Gb  stm32f0xx_it.o [1]
USERPath                0x2000'087c    0x4  Data  Gb  fatfs.o [1]
USER_Driver             0x2000'00c8   0x14  Data  Gb  user_diskio.o [1]
USER_initialize          0x800'88f9    0x2  Code  Gb  user_diskio.o [1]
USER_ioctl               0x800'8915    0x4  Code  Gb  user_diskio.o [1]
USER_read                0x800'890d    0x4  Code  Gb  user_diskio.o [1]
USER_status              0x800'88fd    0x2  Code  Gb  user_diskio.o [1]
USER_write               0x800'8911    0x4  Code  Gb  user_diskio.o [1]
UartReady               0x2000'0892    0x1  Data  Gb  main.o [1]
Uint32toByte             0x800'1205   0x14  Code  Gb  flash.o [1]
Warning_led              0x800'0269   0x5e  Code  Gb  proc.o [1]
Warning_led::cnt_led    0x2000'0087    0x1  Data  Lc  proc.o [1]
Warning_led::flag_led   0x2000'0088    0x1  Data  Lc  proc.o [1]
Warning_led::voltmin_tick
                        0x2000'00a0    0x4  Data  Lc  proc.o [1]
_Encoding_8859_1_Mbrlen
                         0x800'88cd    0x2  Code  Gb  xencoding_8859_1.o [2]
_Encoding_8859_1_Mbtowc
                         0x800'88c5    0x8  Code  Gb  xencoding_8859_1.o [2]
_Encoding_8859_1_Wctomb
                         0x800'88b5   0x10  Code  Gb  xencoding_8859_1.o [2]
_GenldFull               0x800'71a1  0x27c  Code  Lc  xprintffull.o [2]
_GetN                    0x800'5505   0x26  Code  Lc  xscanffull.o [2]
_GetfldFull              0x800'5765  0x12c  Code  Lc  xscanffull.o [2]
_GetfloatFull            0x800'5e89  0x5d0  Code  Lc  xscanffull.o [2]
_GetintFull              0x800'5c11  0x254  Code  Lc  xscanffull.o [2]
_GetstrFull              0x800'58ed  0x2fe  Code  Lc  xscanffull.o [2]
_LdtobFull               0x800'6d35  0x456  Code  Lc  xprintffull.o [2]
_LitobFull               0x800'6bc5  0x120  Code  Lc  xprintffull.o [2]
_LocaleC_isalpha         0x800'74cb    0xc  Code  Gb  xlocale_c.o [2]
_LocaleC_islower         0x800'74c5    0x4  Code  Gb  xlocale_c.o [2]
_LocaleC_isspace         0x800'74e1   0x14  Code  Gb  xlocale_c.o [2]
_LocaleC_isupper         0x800'74c9    0x2  Code  Gb  xlocale_c.o [2]
_LocaleC_tolower         0x800'74f5    0xc  Code  Gb  xlocale_c.o [2]
_Locale_lconv           0x2000'00dc   0x38  Data  Lc  xlocale_c.o [2]
_PrintfFull              0x800'6461  0x1d8  Code  Gb  xprintffull.o [2]
_PutcharsFull            0x800'741d   0x34  Code  Lc  xprintffull.o [2]
_PutfldFull              0x800'66c1  0x2cc  Code  Lc  xprintffull.o [2]
_PutstrFull              0x800'6af9   0xc4  Code  Lc  xprintffull.o [2]
_PuttxtFull              0x800'69f5  0x102  Code  Lc  xprintffull.o [2]
_SProut                  0x800'1857    0xa  Code  Gb  xsprout.o [2]
_SScin                   0x800'14db   0x22  Code  Gb  xsscin.o [2]
_ScanfFull               0x800'5549  0x1fe  Code  Gb  xscanffull.o [2]
_UngetN                  0x800'552b   0x1e  Code  Lc  xscanffull.o [2]
__ICFEDIT_region_RAM_end__ {Abs}
                        0x2000'1fff         Data  Gb  <internal module>
__ICFEDIT_region_RAM_start__ {Abs}
                        0x2000'0000         Data  Gb  <internal module>
__aeabi_cdcmple          0x800'7db9         Code  Gb  DblCmpLe.o [3]
__aeabi_cdrcmple         0x800'7deb         Code  Gb  DblCmpGe.o [3]
__aeabi_cfrcmple         0x800'3039         Code  Gb  FltCmpGe.o [3]
__aeabi_d2f              0x800'7ce3         Code  Gb  DblToFlt.o [3]
__aeabi_d2iz             0x800'3479         Code  Gb  DblToI32.o [3]
__aeabi_d2uiz            0x800'349d         Code  Gb  DblToI32.o [3]
__aeabi_dadd             0x800'32c3         Code  Gb  DblAddSub.o [3]
__aeabi_ddiv             0x800'7e1d         Code  Gb  DblDiv.o [3]
__aeabi_dmul             0x800'313f         Code  Gb  DblMul.o [3]
__aeabi_dsub             0x800'3389         Code  Gb  DblAddSub.o [3]
__aeabi_f2d              0x800'310d         Code  Gb  FltToDbl.o [3]
__aeabi_f2uiz            0x800'3011         Code  Gb  FltToU32.o [3]
__aeabi_fdiv             0x800'3061         Code  Gb  FltDiv.o [3]
__aeabi_fmul             0x800'2f61         Code  Gb  FltMul.o [3]
__aeabi_i2d              0x800'34ed         Code  Gb  IxxToDbl.o [3]
__aeabi_idiv0            0x800'268d         Code  Gb  IntDivZer.o [4]
__aeabi_ldiv0            0x800'8459         Code  Gb  I64DivZer.o [4]
__aeabi_llsr             0x800'4409         Code  Gb  U64Shr.o [4]
__aeabi_lmul             0x800'7ee9         Code  Gb  I64Mul.o [4]
__aeabi_memcpy           0x800'1f49         Code  Gb  ABImemcpy.o [4]
__aeabi_memcpy4          0x800'1f15         Code  Gb  ABImemcpy.o [4]
__aeabi_memcpy8          0x800'1f15         Code  Gb  ABImemcpy.o [4]
__aeabi_ui2d             0x800'34cd         Code  Gb  IxxToDbl.o [3]
__aeabi_ui2f             0x800'2f41         Code  Gb  IxxToFlt.o [3]
__aeabi_uldivmod         0x800'7d4f         Code  Gb  I64DivMod.o [4]
__cmain                  0x800'8919         Code  Gb  cmain.o [4]
__exit                   0x800'845d   0x14  Code  Gb  exit.o [5]
__iar_Fail_s             0x800'7645   0x22  Code  Gb  xfail_s.o [2]
__iar_Mbcurmax           0x800'7d45    0xa  Code  Gb  xmbcurmax.o [2]
__iar_Memchr             0x800'768d         Code  Gb  memchr.o [4]
__iar_Memcpy             0x800'1f55         Code  Gb  ABImemcpy.o [4]
__iar_Sto64              0x800'7b65  0x144  Code  Gb  strto64.o [3]
__iar_Stoflt             0x800'8045  0x1e0  Code  Gb  iar_Stoflt.o [2]
__iar_Stollx             0x800'76a3   0x9e  Code  Gb  iar_Stollx.o [2]
__iar_Stopfx             0x800'7f2d  0x118  Code  Gb  iar_Stopfx.o [2]
__iar_Stoullx            0x800'774d  0x18c  Code  Gb  iar_Stoullx.o [2]
__iar_Stoxflt            0x800'8225  0x200  Code  Gb  iar_Stoxflt.o [2]
__iar_Stoxflt::digits    0x800'8428   0x18  Data  Lc  iar_Stoxflt.o [2]
__iar_Stoxflt::vals      0x800'8440   0x18  Data  Lc  iar_Stoxflt.o [2]
__iar_Strchr             0x800'7631         Code  Gb  strchr.o [4]
__iar_d2uiz              0x800'34a1         Code  Gb  DblToI32.o [3]
__iar_data_init3         0x800'888d   0x28  Code  Gb  data_init.o [4]
__iar_globLocale        0x2000'0114   0x48  Data  Lc  xlocale_c.o [2]
__iar_global_Locale      0x800'7501    0x4  Code  Gb  xlocale_c.o [2]
__iar_lz77_init_single3
                         0x800'12ef   0x7e  Code  Gb  lz77_init_single.o [4]
__iar_program_start      0x800'8971         Code  Gb  cstartup_M.o [4]
__iar_small_Memset4_word
                         0x800'37c9         Code  Gb  ABImemset_small.o [4]
__iar_small_Memset_word
                         0x800'37c9         Code  Gb  ABImemset_small.o [4]
__iar_small_idiv         0x800'147d         Code  Gb  I32DivMod.o [4]
__iar_small_idivmod      0x800'147d         Code  Gb  I32DivMod.o [4]
__iar_small_memclr       0x800'37c5         Code  Gb  ABImemset_small.o [4]
__iar_small_memclr4      0x800'37c5         Code  Gb  ABImemset_small.o [4]
__iar_small_memclr8      0x800'37c5         Code  Gb  ABImemset_small.o [4]
__iar_small_memset       0x800'37c9         Code  Gb  ABImemset_small.o [4]
__iar_small_memset4      0x800'37c9         Code  Gb  ABImemset_small.o [4]
__iar_small_memset8      0x800'37c9         Code  Gb  ABImemset_small.o [4]
__iar_small_strcmp       0x800'43f5         Code  Gb  strcmp_small.o [4]
__iar_small_uidiv        0x800'14a5         Code  Gb  I32DivMod.o [4]
__iar_small_uidivmod     0x800'14a5         Code  Gb  I32DivMod.o [4]
__iar_zero_init3         0x800'8829   0x3c  Code  Gb  zero_init3.o [4]
__low_level_init         0x800'8937    0x4  Code  Gb  low_level_init.o [2]
__vector_table           0x800'0000         Data  Gb  startup_stm32f030x8.o [1]
_call_main               0x800'8925         Code  Gb  cmain.o [4]
_exit                    0x800'8945         Code  Gb  cexit.o [4]
_gLocale_mblen           0x800'75b5    0xa  Code  Gb  xlocale_c.o [2]
_gLocale_mblenInt        0x800'752d   0x34  Code  Gb  xlocale_c.o [2]
_gLocale_mbtowc          0x800'75bf    0xc  Code  Gb  xlocale_c.o [2]
_gLocale_mbtowcInt       0x800'7561   0x4c  Code  Gb  xlocale_c.o [2]
_gLocale_wctomb          0x800'75cb    0xa  Code  Gb  xlocale_c.o [2]
_gLocale_wctombInt       0x800'75ad    0x8  Code  Gb  xlocale_c.o [2]
_main                    0x800'8933         Code  Gb  cmain.o [4]
aADCxConvertedData      0x2000'0754   0x40  Data  Gb  adc.o [1]
aADCxLeakgeData         0x2000'0794   0x40  Data  Gb  adc.o [1]
aRxBuffer               0x2000'0354   0x5c  Data  Gb  main.o [1]
abort                    0x800'7edf    0xa  Code  Gb  abort.o [2]
adcleakgevalue          0x2000'0890    0x2  Data  Gb  adc.o [1]
adcntcvalue             0x2000'070e    0x2  Data  Gb  adc.o [1]
adcvaluep               0x2000'0188    0x2  Data  Gb  main.o [1]
adcvaluep2              0x2000'018a    0x2  Data  Gb  main.o [1]
adjust_cali_para         0x800'17c9   0x6e  Code  Gb  att7053bu.o [1]
adjust_cali_para_all     0x800'1141   0x60  Code  Gb  proc.o [1]
adjust_cali_para_all::debug_temp
                        0x2000'006c    0x4  Data  Lc  proc.o [1]
alarm_pro                0x800'0685  0x334  Code  Gb  proc.o [1]
alarm_pro::RepeatSwitchtick
                        0x2000'00a8    0x4  Data  Lc  proc.o [1]
alarm_pro::V_RepeatSwitchtick
                        0x2000'00ac    0x4  Data  Lc  proc.o [1]
alarm_pro::amp_tick1    0x2000'00b0    0x4  Data  Lc  proc.o [1]
alarm_pro::amp_tick2    0x2000'00b4    0x4  Data  Lc  proc.o [1]
alarm_pro::amp_tick3    0x2000'00b8    0x4  Data  Lc  proc.o [1]
alarm_pro::power_p_tick
                        0x2000'00bc    0x4  Data  Lc  proc.o [1]
alarm_pro::temperature_overtick
                        0x2000'008a    0x1  Data  Lc  proc.o [1]
alarm_pro::temperature_tick
                        0x2000'00c0    0x4  Data  Lc  proc.o [1]
alarm_pro::volt_tick    0x2000'00a4    0x4  Data  Lc  proc.o [1]
askdata                 0x2000'05dc   0x64  Data  Lc  proc.o [1]
att7053pro               0x800'0159  0x110  Code  Gb  proc.o [1]
attreadenergy::att7053energytick
                        0x2000'009c    0x4  Data  Lc  proc.o [1]
attreadiup::att7053currenttick
                        0x2000'0098    0x4  Data  Lc  proc.o [1]
basicinfopack            0x800'09c9   0x9e  Code  Lc  proc.o [1]
buf                     0x2000'06a8   0x64  Data  Lc  uart.o [1]
cmddatapack              0x800'0dcd   0x6a  Code  Gb  proc.o [1]
cmddataproc              0x800'0e4d  0x2ae  Code  Gb  proc.o [1]
cmddataproc::crc        0x2000'0640    0x2  Data  Lc  proc.o [1]
cmddataproc::debugcnt   0x2000'05d8    0x1  Data  Lc  proc.o [1]
cmddataproc::order      0x2000'05d9    0x1  Data  Lc  proc.o [1]
cmddataproc{35}{36}::senddata
                        0x2000'0644   0x64  Data  Lc  proc.o [1]
cmddataproc{35}{36}::sendlen
                        0x2000'05da    0x1  Data  Lc  proc.o [1]
crc16tab                 0x800'8470  0x200  Data  Gb  prjlib.o [1]
currentinfopack          0x800'0cbd   0xd2  Code  Lc  proc.o [1]
ddiv                     0x800'7951   0x64  Code  Lc  strto64.o [3]
digits                   0x800'8708   0x28  Data  Lc  iar_Stoullx.o [2]
disk                    0x2000'0848    0xc  Data  Gb  ff_gen_drv.o [1]
dmul                     0x800'78ed   0x64  Code  Lc  strto64.o [3]
energycumulative         0x800'013f   0x1a  Code  Lc  proc.o [1]
exit                     0x800'893b    0x8  Code  Gb  exit.o [2]
get_adcleakgevalue       0x800'4e23    0x6  Code  Gb  adc.o [1]
get_adcvalue             0x800'4e1d    0x6  Code  Gb  adc.o [1]
gettickms                0x800'011d    0x6  Code  Gb  proc.o [1]
hadc                    0x2000'018c   0x4c  Data  Gb  main.o [1]
hadc_1                  0x2000'01d8   0x4c  Data  Gb  main.o [1]
hand_switch_state       0x2000'007e    0x1  Data  Lc  proc.o [1]
hcrc                    0x2000'0164   0x24  Data  Gb  main.o [1]
hdma_adc                0x2000'0710   0x44  Data  Gb  main.o [1]
hiwdg                   0x2000'0338   0x10  Data  Gb  main.o [1]
hspi1                   0x2000'0224   0x64  Data  Gb  main.o [1]
htim15                  0x2000'07d4   0x40  Data  Gb  main.o [1]
htim6                   0x2000'02f8   0x40  Data  Gb  main.o [1]
huart1                  0x2000'0288   0x70  Data  Gb  main.o [1]
inctickms                0x800'0123   0x1c  Code  Gb  proc.o [1]
init_att7053bu           0x800'14fd   0x6c  Code  Gb  att7053bu.o [1]
int16tBS                 0x800'136d   0x1a  Code  Gb  prjlib.o [1]
int32tBS                 0x800'1387   0x24  Code  Gb  prjlib.o [1]
isalpha                  0x800'7cd1   0x12  Code  Gb  isalpha.o [2]
isspace                  0x800'761d   0x12  Code  Gb  isspace.o [2]
keyscan                  0x800'10fb   0x3c  Code  Gb  proc.o [1]
keyscan::key_up         0x2000'0162    0x1  Data  Lc  proc.o [1]
last_switchstatus       0x2000'0084    0x1  Data  Gb  proc.o [1]
led_pro                  0x800'02d5   0xc6  Code  Gb  proc.o [1]
localeconv               0x800'75d5    0x4  Code  Gb  xlocale_c.o [2]
main                     0x800'37d5  0x21a  Code  Gb  main.o [1]
main{3}{4}::alarm_tick  0x2000'0350    0x4  Data  Lc  main.o [1]
main{3}{4}::att7053currenttick
                        0x2000'034c    0x4  Data  Lc  main.o [1]
main{3}{4}::getadctick  0x2000'0348    0x4  Data  Lc  main.o [1]
memchr                   0x800'768d         Code  Gb  memchr.o [4]
moter_closedelay        0x2000'008c    0x2  Data  Gb  proc.o [1]
moter_openzkb           0x2000'0160    0x2  Data  Gb  proc.o [1]
ndigs                    0x800'86e0   0x28  Data  Lc  iar_Stoullx.o [2]
pFlash                  0x2000'0858   0x20  Data  Gb  stm32f0xx_hal_flash.o [1]
pows                     0x800'87e0   0x48  Data  Lc  strto64.o [3]
ranmatch                 0x800'58ad   0x40  Code  Lc  xscanffull.o [2]
read_att7053bu           0x800'1593   0x26  Code  Gb  att7053bu.o [1]
read_energy              0x800'178d   0x3c  Code  Gb  att7053bu.o [1]
read_freq                0x800'169b   0x3a  Code  Gb  att7053bu.o [1]
read_freq::rd_buf       0x2000'0884    0x4  Data  Lc  att7053bu.o [1]
read_power               0x800'16d5   0x76  Code  Gb  att7053bu.o [1]
read_rms                 0x800'15df   0xbc  Code  Gb  att7053bu.o [1]
read_rms::rd_buf        0x2000'0880    0x4  Data  Lc  att7053bu.o [1]
readpara                 0x800'0a79   0xfe  Code  Lc  proc.o [1]
retUSER                 0x2000'0878    0x1  Data  Gb  fatfs.o [1]
saveparam                0x800'0da9   0x24  Code  Gb  proc.o [1]
scale                    0x800'6ce5   0x44  Code  Lc  xprintffull.o [2]
sec_hand                0x2000'088c    0x4  Data  Lc  xfail_s.o [2]
setswitch                0x800'0d8f   0x1a  Code  Lc  proc.o [1]
sprintf                  0x800'43a5   0x40  Code  Gb  sprintf.o [2]
sscanf                   0x800'437d   0x28  Code  Gb  sscanf.o [2]
strchr                   0x800'7631         Code  Gb  strchr.o [4]
strlen                   0x800'43e5         Code  Gb  strlen.o [4]
strncmp                  0x800'4351   0x2c  Code  Gb  strncmp.o [2]
strtoll                  0x800'7741    0xa  Code  Gb  iar_Stollx.o [2]
strtoull                 0x800'78e1    0xa  Code  Gb  iar_Stoullx.o [2]
swremote_control        0x2000'007f    0x1  Data  Lc  proc.o [1]
swtich_pro               0x800'03ed  0x242  Code  Gb  proc.o [1]
swtich_pro::initial_breakbrake
                        0x2000'0089    0x1  Data  Lc  proc.o [1]
tick_10ms               0x2000'0094    0x4  Data  Lc  proc.o [1]
tickms                  0x2000'0090    0x4  Data  Lc  proc.o [1]
tmsuart                 0x2000'03b0    0x4  Data  Lc  uart.o [1]
tolower                  0x800'7f1b   0x12  Code  Gb  tolower.o [2]
uart_fifoinit            0x800'1f65   0x20  Code  Gb  uart.o [1]
uartdataproc             0x800'2121   0xf0  Code  Gb  uart.o [1]
uartdataproc::fifolen   0x2000'070c    0x1  Data  Lc  uart.o [1]
uartrecbuffer           0x2000'03c4   0x80  Data  Lc  uart.o [1]
uartrecfifo             0x2000'03b4   0x10  Data  Lc  uart.o [1]
uartsendbuffer          0x2000'0454   0x80  Data  Lc  uart.o [1]
uartsendfifo            0x2000'0444   0x10  Data  Gb  uart.o [1]
uwTick                  0x2000'0888    0x4  Data  Gb  stm32f0xx_hal.o [1]
wctob                    0x800'75e5   0x30  Code  Gb  wctob.o [2]
workdata                0x2000'0814   0x34  Data  Gb  proc.o [1]
workpara                0x2000'0000   0x6c  Data  Gb  proc.o [1]
workparam_init           0x800'00b5   0x68  Code  Gb  proc.o [1]
write_att7053bu          0x800'1569   0x2a  Code  Gb  att7053bu.o [1]
writepara                0x800'0b8d  0x12c  Code  Lc  proc.o [1]
writepara::num          0x2000'0893    0x1  Data  Lc  proc.o [1]


[1] = E:\AD-39 -2P-1024\EWARM\AD-13-test\Obj
[2] = dl6M_tlf.a
[3] = m6M_tl.a
[4] = rt6M_tl.a
[5] = shb_l.a

  34 364 bytes of readonly  code memory
   1 046 bytes of readonly  data memory
   3 220 bytes of readwrite data memory

Errors: none
Warnings: none
