Component: ARM Compiler 5.06 update 7 (build 960) Tool: armlink [4d3601]

==============================================================================

Section Cross References

    startup_stm32f407xx.o(RESET) refers to startup_stm32f407xx.o(STACK) for __initial_sp
    startup_stm32f407xx.o(RESET) refers to startup_stm32f407xx.o(.text) for Reset_Handler
    startup_stm32f407xx.o(RESET) refers to stm32f4xx_it.o(i.NMI_Handler) for NMI_Handler
    startup_stm32f407xx.o(RESET) refers to stm32f4xx_it.o(i.HardFault_Handler) for HardFault_Handler
    startup_stm32f407xx.o(RESET) refers to stm32f4xx_it.o(i.MemManage_Handler) for MemManage_Handler
    startup_stm32f407xx.o(RESET) refers to stm32f4xx_it.o(i.BusFault_Handler) for BusFault_Handler
    startup_stm32f407xx.o(RESET) refers to stm32f4xx_it.o(i.UsageFault_Handler) for UsageFault_Handler
    startup_stm32f407xx.o(RESET) refers to port.o(.emb_text) for SVC_Handler
    startup_stm32f407xx.o(RESET) refers to stm32f4xx_it.o(i.DebugMon_Handler) for DebugMon_Handler
    startup_stm32f407xx.o(RESET) refers to port.o(i.SysTick_Handler) for SysTick_Handler
    startup_stm32f407xx.o(RESET) refers to stm32f4xx_it.o(i.ADC_IRQHandler) for ADC_IRQHandler
    startup_stm32f407xx.o(RESET) refers to stm32f4xx_it.o(i.TIM1_UP_TIM10_IRQHandler) for TIM1_UP_TIM10_IRQHandler
    startup_stm32f407xx.o(RESET) refers to stm32f4xx_it.o(i.USART1_IRQHandler) for USART1_IRQHandler
    startup_stm32f407xx.o(RESET) refers to stm32f4xx_it.o(i.UART4_IRQHandler) for UART4_IRQHandler
    startup_stm32f407xx.o(RESET) refers to stm32f4xx_it.o(i.DMA2_Stream0_IRQHandler) for DMA2_Stream0_IRQHandler
    startup_stm32f407xx.o(RESET) refers to stm32f4xx_it.o(i.DMA2_Stream2_IRQHandler) for DMA2_Stream2_IRQHandler
    startup_stm32f407xx.o(.text) refers to system_stm32f4xx.o(i.SystemInit) for SystemInit
    startup_stm32f407xx.o(.text) refers to entry.o(.ARM.Collect$$$$00000000) for __main
    main.o(i.HAL_TIM_PeriodElapsedCallback) refers to stm32f4xx_hal.o(i.HAL_IncTick) for HAL_IncTick
    main.o(i.HAL_TIM_PeriodElapsedCallback) refers to main.o(.data) for .data
    main.o(i.SystemClock_Config) refers to memseta.o(.text) for __aeabi_memclr4
    main.o(i.SystemClock_Config) refers to stm32f4xx_hal_rcc.o(i.HAL_RCC_OscConfig) for HAL_RCC_OscConfig
    main.o(i.SystemClock_Config) refers to stm32f4xx_hal_rcc.o(i.HAL_RCC_ClockConfig) for HAL_RCC_ClockConfig
    main.o(i.SystemClock_Config) refers to stm32f4xx_hal_rcc_ex.o(i.HAL_RCCEx_PeriphCLKConfig) for HAL_RCCEx_PeriphCLKConfig
    main.o(i.main) refers to main.o(i.sys_nvic_set_vector_table) for sys_nvic_set_vector_table
    main.o(i.main) refers to stm32f4xx_hal_rcc_ex.o(i.HAL_RCC_DeInit) for HAL_RCC_DeInit
    main.o(i.main) refers to stm32f4xx_hal.o(i.HAL_Init) for HAL_Init
    main.o(i.main) refers to main.o(i.SystemClock_Config) for SystemClock_Config
    main.o(i.main) refers to gpio.o(i.MX_GPIO_Init) for MX_GPIO_Init
    main.o(i.main) refers to eeprom.o(i.vI2C_init) for vI2C_init
    main.o(i.main) refers to eeprom.o(i.AT24CXX_Write) for AT24CXX_Write
    main.o(i.main) refers to uart_tcp.o(i.Delay_ms) for Delay_ms
    main.o(i.main) refers to func.o(i.HAL_LED_MspInit) for HAL_LED_MspInit
    main.o(i.main) refers to rtc.o(i.MX_RTC_Init) for MX_RTC_Init
    main.o(i.main) refers to cmsis_os2.o(i.osKernelInitialize) for osKernelInitialize
    main.o(i.main) refers to freertos.o(i.MX_FREERTOS_Init) for MX_FREERTOS_Init
    main.o(i.main) refers to powerpulse.o(i.MX_Pulse_init) for MX_Pulse_init
    main.o(i.main) refers to cmsis_os2.o(i.osKernelStart) for osKernelStart
    gpio.o(i.Dog_ON) refers to stm32f4xx_hal_gpio.o(i.HAL_GPIO_TogglePin) for HAL_GPIO_TogglePin
    gpio.o(i.MX_DOG_Init) refers to memseta.o(.text) for __aeabi_memclr4
    gpio.o(i.MX_DOG_Init) refers to stm32f4xx_hal_gpio.o(i.HAL_GPIO_Init) for HAL_GPIO_Init
    gpio.o(i.MX_DOG_Init) refers to stm32f4xx_hal_gpio.o(i.HAL_GPIO_WritePin) for HAL_GPIO_WritePin
    gpio.o(i.MX_GPIO_Init) refers to memseta.o(.text) for __aeabi_memclr4
    gpio.o(i.MX_GPIO_Init) refers to stm32f4xx_hal_gpio.o(i.HAL_GPIO_WritePin) for HAL_GPIO_WritePin
    gpio.o(i.MX_GPIO_Init) refers to stm32f4xx_hal_gpio.o(i.HAL_GPIO_Init) for HAL_GPIO_Init
    adc.o(i.HAL_ADC_MspDeInit) refers to stm32f4xx_hal_gpio.o(i.HAL_GPIO_DeInit) for HAL_GPIO_DeInit
    adc.o(i.HAL_ADC_MspDeInit) refers to stm32f4xx_hal_dma.o(i.HAL_DMA_DeInit) for HAL_DMA_DeInit
    adc.o(i.HAL_ADC_MspInit) refers to memseta.o(.text) for __aeabi_memclr4
    adc.o(i.HAL_ADC_MspInit) refers to stm32f4xx_hal_gpio.o(i.HAL_GPIO_Init) for HAL_GPIO_Init
    adc.o(i.HAL_ADC_MspInit) refers to stm32f4xx_hal_cortex.o(i.HAL_NVIC_SetPriority) for HAL_NVIC_SetPriority
    adc.o(i.HAL_ADC_MspInit) refers to stm32f4xx_hal_cortex.o(i.HAL_NVIC_EnableIRQ) for HAL_NVIC_EnableIRQ
    adc.o(i.HAL_ADC_MspInit) refers to stm32f4xx_hal_dma.o(i.HAL_DMA_Init) for HAL_DMA_Init
    adc.o(i.HAL_ADC_MspInit) refers to main.o(i.Error_Handler) for Error_Handler
[...]
    FPU_IRQHandler                           0x0801027b   Thumb Code     0  startup_stm32f407xx.o(.text)
    HASH_RNG_IRQHandler                      0x0801027b   Thumb Code     0  startup_stm32f407xx.o(.text)
    I2C1_ER_IRQHandler                       0x0801027b   Thumb Code     0  startup_stm32f407xx.o(.text)
    I2C1_EV_IRQHandler                       0x0801027b   Thumb Code     0  startup_stm32f407xx.o(.text)
    I2C2_ER_IRQHandler                       0x0801027b   Thumb Code     0  startup_stm32f407xx.o(.text)
    I2C2_EV_IRQHandler                       0x0801027b   Thumb Code     0  startup_stm32f407xx.o(.text)
    I2C3_ER_IRQHandler                       0x0801027b   Thumb Code     0  startup_stm32f407xx.o(.text)
    I2C3_EV_IRQHandler                       0x0801027b   Thumb Code     0  startup_stm32f407xx.o(.text)
    OTG_FS_IRQHandler                        0x0801027b   Thumb Code     0  startup_stm32f407xx.o(.text)
    OTG_FS_WKUP_IRQHandler                   0x0801027b   Thumb Code     0  startup_stm32f407xx.o(.text)
    OTG_HS_EP1_IN_IRQHandler                 0x0801027b   Thumb Code     0  startup_stm32f407xx.o(.text)
    OTG_HS_EP1_OUT_IRQHandler                0x0801027b   Thumb Code     0  startup_stm32f407xx.o(.text)
    OTG_HS_IRQHandler                        0x0801027b   Thumb Code     0  startup_stm32f407xx.o(.text)
    OTG_HS_WKUP_IRQHandler                   0x0801027b   Thumb Code     0  startup_stm32f407xx.o(.text)
    PVD_IRQHandler                           0x0801027b   Thumb Code     0  startup_stm32f407xx.o(.text)
    RCC_IRQHandler                           0x0801027b   Thumb Code     0  startup_stm32f407xx.o(.text)
    RTC_Alarm_IRQHandler                     0x0801027b   Thumb Code     0  startup_stm32f407xx.o(.text)
    RTC_WKUP_IRQHandler                      0x0801027b   Thumb Code     0  startup_stm32f407xx.o(.text)
    SDIO_IRQHandler                          0x0801027b   Thumb Code     0  startup_stm32f407xx.o(.text)
    SPI1_IRQHandler                          0x0801027b   Thumb Code     0  startup_stm32f407xx.o(.text)
    SPI2_IRQHandler                          0x0801027b   Thumb Code     0  startup_stm32f407xx.o(.text)
    SPI3_IRQHandler                          0x0801027b   Thumb Code     0  startup_stm32f407xx.o(.text)
    TAMP_STAMP_IRQHandler                    0x0801027b   Thumb Code     0  startup_stm32f407xx.o(.text)
    TIM1_BRK_TIM9_IRQHandler                 0x0801027b   Thumb Code     0  startup_stm32f407xx.o(.text)
    TIM1_CC_IRQHandler                       0x0801027b   Thumb Code     0  startup_stm32f407xx.o(.text)
    TIM1_TRG_COM_TIM11_IRQHandler            0x0801027b   Thumb Code     0  startup_stm32f407xx.o(.text)
    TIM2_IRQHandler                          0x0801027b   Thumb Code     0  startup_stm32f407xx.o(.text)
    TIM3_IRQHandler                          0x0801027b   Thumb Code     0  startup_stm32f407xx.o(.text)
    TIM4_IRQHandler                          0x0801027b   Thumb Code     0  startup_stm32f407xx.o(.text)
    TIM5_IRQHandler                          0x0801027b   Thumb Code     0  startup_stm32f407xx.o(.text)
    TIM6_DAC_IRQHandler                      0x0801027b   Thumb Code     0  startup_stm32f407xx.o(.text)
    TIM7_IRQHandler                          0x0801027b   Thumb Code     0  startup_stm32f407xx.o(.text)
    TIM8_BRK_TIM12_IRQHandler                0x0801027b   Thumb Code     0  startup_stm32f407xx.o(.text)
    TIM8_CC_IRQHandler                       0x0801027b   Thumb Code     0  startup_stm32f407xx.o(.text)
    TIM8_TRG_COM_TIM14_IRQHandler            0x0801027b   Thumb Code     0  startup_stm32f407xx.o(.text)
    TIM8_UP_TIM13_IRQHandler                 0x0801027b   Thumb Code     0  startup_stm32f407xx.o(.text)
    UART5_IRQHandler                         0x0801027b   Thumb Code     0  startup_stm32f407xx.o(.text)
    USART2_IRQHandler                        0x0801027b   Thumb Code     0  startup_stm32f407xx.o(.text)
    USART3_IRQHandler                        0x0801027b   Thumb Code     0  startup_stm32f407xx.o(.text)
    USART6_IRQHandler                        0x0801027b   Thumb Code     0  startup_stm32f407xx.o(.text)
    WWDG_IRQHandler                          0x0801027b   Thumb Code     0  startup_stm32f407xx.o(.text)
    __aeabi_uldivmod                         0x08010285   Thumb Code    98  uldiv.o(.text)
    rand                                     0x080102e9   Thumb Code    20  rand.o(.text)
    srand                                    0x080102fd   Thumb Code     6  rand.o(.text)
    __aeabi_memcpy                           0x0801030d   Thumb Code    36  memcpya.o(.text)
    __aeabi_memcpy4                          0x0801030d   Thumb Code     0  memcpya.o(.text)
    __aeabi_memcpy8                          0x0801030d   Thumb Code     0  memcpya.o(.text)
    __aeabi_memset                           0x08010331   Thumb Code    14  memseta.o(.text)
    __aeabi_memset4                          0x08010331   Thumb Code     0  memseta.o(.text)
    __aeabi_memset8                          0x08010331   Thumb Code     0  memseta.o(.text)
    __aeabi_memclr                           0x0801033f   Thumb Code     4  memseta.o(.text)
    __aeabi_memclr4                          0x0801033f   Thumb Code     0  memseta.o(.text)
    __aeabi_memclr8                          0x0801033f   Thumb Code     0  memseta.o(.text)
    memset                                   0x08010343   Thumb Code    18  memseta.o(.text)
    strstr                                   0x08010355   Thumb Code    36  strstr.o(.text)
    strlen                                   0x08010379   Thumb Code    14  strlen.o(.text)
    strncat                                  0x08010387   Thumb Code    40  strncat.o(.text)
    strcpy                                   0x080103af   Thumb Code    18  strcpy.o(.text)
    __0sscanf                                0x080103c1   Thumb Code    48  __0sscanf.o(.text)
    _scanf_int                               0x080103f9   Thumb Code   332  _scanf_int.o(.text)
    _scanf_string                            0x08010545   Thumb Code   224  _scanf_str.o(.text)
    __aeabi_llsl                             0x08010625   Thumb Code    30  llshl.o(.text)
    _ll_shift_l                              0x08010625   Thumb Code     0  llshl.o(.text)
    __aeabi_llsr                             0x08010643   Thumb Code    32  llushr.o(.text)
    _ll_ushift_r                             0x08010643   Thumb Code     0  llushr.o(.text)
    _chval                                   0x08010663   Thumb Code    28  _chval.o(.text)
    __vfscanf_char                           0x0801068d   Thumb Code    20  scanf_char.o(.text)
    _sgetc                                   0x080106a9   Thumb Code    30  _sgetc.o(.text)
    _sbackspace                              0x080106c7   Thumb Code    34  _sgetc.o(.text)
    __scatterload                            0x080106e9   Thumb Code    28  init.o(.text)
    __scatterload_rt2                        0x080106e9   Thumb Code     0  init.o(.text)
    isspace                                  0x0801070d   Thumb Code    10  isspace_c.o(.text)
    __vfscanf                                0x08010719   Thumb Code   810  _scanf.o(.text)
    __ctype_lookup                           0x08010a49   Thumb Code    34  ctype_c.o(.text)
    __decompress                             0x08010a71   Thumb Code     0  __dczerorl2.o(.text)
    __decompress1                            0x08010a71   Thumb Code    86  __dczerorl2.o(.text)
    ADC_IRQHandler                           0x08010b55   Thumb Code    18  stm32f4xx_it.o(i.ADC_IRQHandler)
    AT24CXX_Read                             0x08010c99   Thumb Code    34  eeprom.o(i.AT24CXX_Read)
    AT24CXX_ReadOneByte                      0x08010cbb   Thumb Code    72  eeprom.o(i.AT24CXX_ReadOneByte)
    AT24CXX_Write                            0x08010d03   Thumb Code    32  eeprom.o(i.AT24CXX_Write)
    AT24CXX_WriteOneByte                     0x08010d23   Thumb Code    84  eeprom.o(i.AT24CXX_WriteOneByte)
    AT24CXX_WriteOneByteN                    0x08010d77   Thumb Code    56  eeprom.o(i.AT24CXX_WriteOneByteN)
    AdcMin                                   0x08010db1   Thumb Code    56  powerpulse.o(i.AdcMin)
    AlarmVoltageValueSelect                  0x08010ded   Thumb Code   128  powerpulse.o(i.AlarmVoltageValueSelect)
    Base64decode                             0x08010e7d   Thumb Code   158  uart_tcp.o(i.Base64decode)
    Base64encode                             0x08010f29   Thumb Code   194  uart_tcp.o(i.Base64encode)
    BusFault_Handler                         0x08010ff1   Thumb Code     2  stm32f4xx_it.o(i.BusFault_Handler)
    CMD_Deal_With                            0x08010ff5   Thumb Code  1506  uart_tcp.o(i.CMD_Deal_With)
    CalcCRC                                  0x080115f5   Thumb Code    40  uart_tcp.o(i.CalcCRC)
    DEFENCE1_SHORT                           0x08011621   Thumb Code    52  powerpulse.o(i.DEFENCE1_SHORT)
    DEFENCE1_SHORT_OPEN                      0x0801165d   Thumb Code    52  powerpulse.o(i.DEFENCE1_SHORT_OPEN)
    DEFENCE1_TOUCH_ALARM                     0x08011699   Thumb Code    64  powerpulse.o(i.DEFENCE1_TOUCH_ALARM)
    DEFENCE2_SHORT                           0x080116e1   Thumb Code    52  powerpulse.o(i.DEFENCE2_SHORT)
    DEFENCE2_SHORT_OPEN                      0x0801171d   Thumb Code    52  powerpulse.o(i.DEFENCE2_SHORT_OPEN)
    DEFENCE2_TOUCH_ALARM                     0x08011759   Thumb Code    64  powerpulse.o(i.DEFENCE2_TOUCH_ALARM)
    DMA2_Stream0_IRQHandler                  0x080117a1   Thumb Code     6  stm32f4xx_it.o(i.DMA2_Stream0_IRQHandler)
    DMA2_Stream2_IRQHandler                  0x080117ad   Thumb Code     6  stm32f4xx_it.o(i.DMA2_Stream2_IRQHandler)
    DebugMon_Handler                         0x0801185d   Thumb Code     2  stm32f4xx_it.o(i.DebugMon_Handler)
    DefenceAreaSwitchTcpAck                  0x08011861   Thumb Code   158  uart_tcp.o(i.DefenceAreaSwitchTcpAck)
    Delay_ms                                 0x08011939   Thumb Code    22  uart_tcp.o(i.Delay_ms)
    Disp                                     0x08011951   Thumb Code    68  pcf8562.o(i.Disp)
    Dog_ON                                   0x08011999   Thumb Code    10  gpio.o(i.Dog_ON)
    Error_Handler                            0x080119a9   Thumb Code     2  main.o(i.Error_Handler)
    GMul                                     0x080119ab   Thumb Code    42  aes.o(i.GMul)
    HAL_ADCEx_InjectedConvCpltCallback       0x08011a4d   Thumb Code     2  stm32f4xx_hal_adc_ex.o(i.HAL_ADCEx_InjectedConvCpltCallback)
    HAL_ADC_ConfigChannel                    0x08011a51   Thumb Code   316  stm32f4xx_hal_adc.o(i.HAL_ADC_ConfigChannel)
    HAL_ADC_ConvCpltCallback                 0x08011b9d   Thumb Code    96  powerpulse.o(i.HAL_ADC_ConvCpltCallback)
    HAL_ADC_ConvHalfCpltCallback             0x08011c09   Thumb Code     2  stm32f4xx_hal_adc.o(i.HAL_ADC_ConvHalfCpltCallback)
    HAL_ADC_ErrorCallback                    0x08011c0b   Thumb Code     2  stm32f4xx_hal_adc.o(i.HAL_ADC_ErrorCallback)
    HAL_ADC_IRQHandler                       0x08011c0d   Thumb Code   316  stm32f4xx_hal_adc.o(i.HAL_ADC_IRQHandler)
    HAL_ADC_Init                             0x08011d49   Thumb Code    84  stm32f4xx_hal_adc.o(i.HAL_ADC_Init)
    HAL_ADC_LevelOutOfWindowCallback         0x08011d9d   Thumb Code     2  stm32f4xx_hal_adc.o(i.HAL_ADC_LevelOutOfWindowCallback)
    HAL_ADC_MspInit                          0x08011da1   Thumb Code   250  adc.o(i.HAL_ADC_MspInit)
    HAL_ADC_Start_DMA                        0x08011eb5   Thumb Code   268  stm32f4xx_hal_adc.o(i.HAL_ADC_Start_DMA)
    HAL_DMA_Abort_IT                         0x08011fe5   Thumb Code    36  stm32f4xx_hal_dma.o(i.HAL_DMA_Abort_IT)
    HAL_DMA_IRQHandler                       0x08012009   Thumb Code   412  stm32f4xx_hal_dma.o(i.HAL_DMA_IRQHandler)
    HAL_DMA_Init                             0x080121a9   Thumb Code   206  stm32f4xx_hal_dma.o(i.HAL_DMA_Init)
    HAL_DMA_Start_IT                         0x0801227d   Thumb Code   110  stm32f4xx_hal_dma.o(i.HAL_DMA_Start_IT)
    HAL_DigitalIn_MspInit                    0x080122ed   Thumb Code   120  keybord.o(i.HAL_DigitalIn_MspInit)
    HAL_GPIO_DeInit                          0x08012375   Thumb Code   320  stm32f4xx_hal_gpio.o(i.HAL_GPIO_DeInit)
    HAL_GPIO_Init                            0x080124dd   Thumb Code   394  stm32f4xx_hal_gpio.o(i.HAL_GPIO_Init)
    HAL_GPIO_ReadPin                         0x08012695   Thumb Code    10  stm32f4xx_hal_gpio.o(i.HAL_GPIO_ReadPin)
    HAL_GPIO_TogglePin                       0x0801269f   Thumb Code    14  stm32f4xx_hal_gpio.o(i.HAL_GPIO_TogglePin)
    HAL_GPIO_WritePin                        0x080126ad   Thumb Code    10  stm32f4xx_hal_gpio.o(i.HAL_GPIO_WritePin)
    HAL_GetTick                              0x080126b9   Thumb Code     6  stm32f4xx_hal.o(i.HAL_GetTick)
    HAL_IncTick                              0x080126c5   Thumb Code    12  stm32f4xx_hal.o(i.HAL_IncTick)
    HAL_Init                                 0x080126d5   Thumb Code    48  stm32f4xx_hal.o(i.HAL_Init)
    HAL_InitTick                             0x08012709   Thumb Code   100  stm32f4xx_hal_timebase_tim.o(i.HAL_InitTick)
    HAL_Key_MspInit                          0x0801277d   Thumb Code    52  keybord.o(i.HAL_Key_MspInit)
    HAL_LED_MspInit                          0x080127b9   Thumb Code   128  func.o(i.HAL_LED_MspInit)
    HAL_MspInit                              0x08012845   Thumb Code    52  stm32f4xx_hal_msp.o(i.HAL_MspInit)
    HAL_NVIC_DisableIRQ                      0x0801287d   Thumb Code    34  stm32f4xx_hal_cortex.o(i.HAL_NVIC_DisableIRQ)
    HAL_NVIC_EnableIRQ                       0x0801289f   Thumb Code    26  stm32f4xx_hal_cortex.o(i.HAL_NVIC_EnableIRQ)
    HAL_NVIC_SetPriority                     0x080128b9   Thumb Code    60  stm32f4xx_hal_cortex.o(i.HAL_NVIC_SetPriority)
    HAL_NVIC_SetPriorityGrouping             0x080128f9   Thumb Code    26  stm32f4xx_hal_cortex.o(i.HAL_NVIC_SetPriorityGrouping)
    HAL_NVIC_SystemReset                     0x0801291d   Thumb Code    26  stm32f4xx_hal_cortex.o(i.HAL_NVIC_SystemReset)
    HAL_Pulse_init                           0x08012941   Thumb Code    52  powerpulse.o(i.HAL_Pulse_init)
    HAL_RCCEx_PeriphCLKConfig                0x08012979   Thumb Code   296  stm32f4xx_hal_rcc_ex.o(i.HAL_RCCEx_PeriphCLKConfig)
    HAL_RCC_ClockConfig                      0x08012ab5   Thumb Code   288  stm32f4xx_hal_rcc.o(i.HAL_RCC_ClockConfig)
    HAL_RCC_DeInit                           0x08012be9   Thumb Code   284  stm32f4xx_hal_rcc_ex.o(i.HAL_RCC_DeInit)
    HAL_RCC_GetClockConfig                   0x08012d1d   Thumb Code    54  stm32f4xx_hal_rcc.o(i.HAL_RCC_GetClockConfig)
    HAL_RCC_GetPCLK1Freq                     0x08012d5d   Thumb Code    20  stm32f4xx_hal_rcc.o(i.HAL_RCC_GetPCLK1Freq)
    HAL_RCC_GetPCLK2Freq                     0x08012d7d   Thumb Code    20  stm32f4xx_hal_rcc.o(i.HAL_RCC_GetPCLK2Freq)
    HAL_RCC_GetSysClockFreq                  0x08012d9d   Thumb Code    88  stm32f4xx_hal_rcc.o(i.HAL_RCC_GetSysClockFreq)
    HAL_RCC_OscConfig                        0x08012e01   Thumb Code   840  stm32f4xx_hal_rcc.o(i.HAL_RCC_OscConfig)
    HAL_RTC_GetDate                          0x0801315d   Thumb Code    62  stm32f4xx_hal_rtc.o(i.HAL_RTC_GetDate)
    HAL_RTC_GetTime                          0x080131a1   Thumb Code    82  stm32f4xx_hal_rtc.o(i.HAL_RTC_GetTime)
    HAL_RTC_Init                             0x080131f9   Thumb Code   166  stm32f4xx_hal_rtc.o(i.HAL_RTC_Init)
    HAL_RTC_MspInit                          0x080132a5   Thumb Code    16  rtc.o(i.HAL_RTC_MspInit)
    HAL_RTC_SetDate                          0x080132bd   Thumb Code   194  stm32f4xx_hal_rtc.o(i.HAL_RTC_SetDate)
    HAL_RTC_SetTime                          0x08013385   Thumb Code   230  stm32f4xx_hal_rtc.o(i.HAL_RTC_SetTime)
    HAL_RTC_WaitForSynchro                   0x08013471   Thumb Code    54  stm32f4xx_hal_rtc.o(i.HAL_RTC_WaitForSynchro)
    HAL_SW_MspInit                           0x080134a9   Thumb Code    52  func.o(i.HAL_SW_MspInit)
    HAL_TIMEx_BreakCallback                  0x080134e5   Thumb Code     2  stm32f4xx_hal_tim_ex.o(i.HAL_TIMEx_BreakCallback)
    HAL_TIMEx_CommutCallback                 0x080134e7   Thumb Code     2  stm32f4xx_hal_tim_ex.o(i.HAL_TIMEx_CommutCallback)
    HAL_TIM_Base_Init                        0x080134e9   Thumb Code    54  stm32f4xx_hal_tim.o(i.HAL_TIM_Base_Init)
    HAL_TIM_Base_MspInit                     0x0801351f   Thumb Code     2  stm32f4xx_hal_tim.o(i.HAL_TIM_Base_MspInit)
    HAL_TIM_Base_Start_IT                    0x08013521   Thumb Code    34  stm32f4xx_hal_tim.o(i.HAL_TIM_Base_Start_IT)
    HAL_TIM_IC_CaptureCallback               0x08013543   Thumb Code     2  stm32f4xx_hal_tim.o(i.HAL_TIM_IC_CaptureCallback)
    HAL_TIM_IRQHandler                       0x08013545   Thumb Code   358  stm32f4xx_hal_tim.o(i.HAL_TIM_IRQHandler)
    HAL_TIM_OC_DelayElapsedCallback          0x080136ab   Thumb Code     2  stm32f4xx_hal_tim.o(i.HAL_TIM_OC_DelayElapsedCallback)
    HAL_TIM_PWM_PulseFinishedCallback        0x080136ad   Thumb Code     2  stm32f4xx_hal_tim.o(i.HAL_TIM_PWM_PulseFinishedCallback)
    HAL_TIM_PeriodElapsedCallback            0x080136b1   Thumb Code    42  main.o(i.HAL_TIM_PeriodElapsedCallback)
    HAL_TIM_TriggerCallback                  0x080136e5   Thumb Code     2  stm32f4xx_hal_tim.o(i.HAL_TIM_TriggerCallback)
    HAL_UART1_Rx                             0x080136e9   Thumb Code   148  uart_tcp.o(i.HAL_UART1_Rx)
    HAL_UART1_RxCallBack                     0x08013785   Thumb Code     2  uart_tcp.o(i.HAL_UART1_RxCallBack)
    HAL_UART_DeInit                          0x08013787   Thumb Code    50  stm32f4xx_hal_uart.o(i.HAL_UART_DeInit)
    HAL_UART_ErrorCallback                   0x080137b9   Thumb Code    18  usart_hk_ip.o(i.HAL_UART_ErrorCallback)
    HAL_UART_IRQHandler                      0x080137cd   Thumb Code   270  stm32f4xx_hal_uart.o(i.HAL_UART_IRQHandler)
    HAL_UART_Init                            0x080138e1   Thumb Code    98  stm32f4xx_hal_uart.o(i.HAL_UART_Init)
    HAL_UART_MspDeInit                       0x08013945   Thumb Code    70  usart_hk_ip.o(i.HAL_UART_MspDeInit)
    HAL_UART_MspInit                         0x0801399d   Thumb Code   170  usart_hk_ip.o(i.HAL_UART_MspInit)
    HAL_UART_Receive_IT                      0x08013a59   Thumb Code    82  stm32f4xx_hal_uart.o(i.HAL_UART_Receive_IT)
    HAL_UART_RxCpltCallback                  0x08013aad   Thumb Code   428  usart_hk_ip.o(i.HAL_UART_RxCpltCallback)
    HAL_UART_TCP_MspInit                     0x08013c69   Thumb Code   100  uart_tcp.o(i.HAL_UART_TCP_MspInit)
    HAL_UART_Transmit                        0x08013cd5   Thumb Code   186  stm32f4xx_hal_uart.o(i.HAL_UART_Transmit)
    HAL_UART_TxCpltCallback                  0x08013d8f   Thumb Code     2  stm32f4xx_hal_uart.o(i.HAL_UART_TxCpltCallback)
    HT16C22_DisAll                           0x08013d91   Thumb Code    44  pcf8562.o(i.HT16C22_DisAll)
    HT16C22_IIC_Start                        0x08013dbd   Thumb Code    70  pcf8562.o(i.HT16C22_IIC_Start)
    HT16C22_IIC_Stop                         0x08013e09   Thumb Code    78  pcf8562.o(i.HT16C22_IIC_Stop)
    HT16C22_IIC_WriteByte                    0x08013e5d   Thumb Code   182  pcf8562.o(i.HT16C22_IIC_WriteByte)
    HT16C22_Init                             0x08013f1d   Thumb Code    34  pcf8562.o(i.HT16C22_Init)
    HT16C22_Write_RAM                        0x08013f3f   Thumb Code    52  pcf8562.o(i.HT16C22_Write_RAM)
    HT16C22_disD_chg                         0x08013f75   Thumb Code   218  pcf8562.o(i.HT16C22_disD_chg)
    HardFault_Handler                        0x08014055   Thumb Code     2  stm32f4xx_it.o(i.HardFault_Handler)
    I2C_Ack                                  0x08014059   Thumb Code    80  eeprom.o(i.I2C_Ack)
    I2C_NAck                                 0x080140ad   Thumb Code    80  eeprom.o(i.I2C_NAck)
    I2C_Read_Byte                            0x08014101   Thumb Code   106  eeprom.o(i.I2C_Read_Byte)
    I2C_Send_Byte                            0x08014171   Thumb Code   116  eeprom.o(i.I2C_Send_Byte)
    I2C_Start                                0x08014221   Thumb Code    80  eeprom.o(i.I2C_Start)
    I2C_Stop                                 0x08014275   Thumb Code    80  eeprom.o(i.I2C_Stop)
    I2C_Wait_Ack                             0x080142c9   Thumb Code    88  eeprom.o(i.I2C_Wait_Ack)
    ISendByte                                0x08014325   Thumb Code    44  pcf8562.o(i.ISendByte)
    ISendStr                                 0x08014355   Thumb Code    78  pcf8562.o(i.ISendStr)
    IpAddrHexToAscii                         0x080143a9   Thumb Code   430  uart_tcp.o(i.IpAddrHexToAscii)
    LCD_Init                                 0x08014559   Thumb Code   166  pcf8562.o(i.LCD_Init)
    MX_ADC1_Init                             0x08014611   Thumb Code   150  adc.o(i.MX_ADC1_Init)
    MX_ADC2_Init                             0x080146b5   Thumb Code   148  adc.o(i.MX_ADC2_Init)
    MX_DMA_Init                              0x08014755   Thumb Code    56  dma.o(i.MX_DMA_Init)
    MX_DOG_Init                              0x08014791   Thumb Code    52  gpio.o(i.MX_DOG_Init)
    MX_FREERTOS_Init                         0x080147c9   Thumb Code   122  freertos.o(i.MX_FREERTOS_Init)
    MX_GPIO_Init                             0x08014869   Thumb Code   182  gpio.o(i.MX_GPIO_Init)
    MX_Pulse_init                            0x08014931   Thumb Code    22  powerpulse.o(i.MX_Pulse_init)
    MX_RTC_Init                              0x08014955   Thumb Code   100  rtc.o(i.MX_RTC_Init)
    MX_UART4_Init                            0x080149c1   Thumb Code    46  usart_hk_ip.o(i.MX_UART4_Init)
    MX_USART6_UART_Init                      0x080149f9   Thumb Code    48  usart_hk_ip.o(i.MX_USART6_UART_Init)
    MX_USART_TCP_Init                        0x08014a31   Thumb Code    48  uart_tcp.o(i.MX_USART_TCP_Init)
    MacHexToAscii                            0x08014a69   Thumb Code    14  uart_tcp.o(i.MacHexToAscii)
    MemManage_Handler                        0x08014a77   Thumb Code     2  stm32f4xx_it.o(i.MemManage_Handler)
    NMI_Handler                              0x08014a79   Thumb Code     2  stm32f4xx_it.o(i.NMI_Handler)
    PCF8562_Display                          0x08014a7b   Thumb Code    44  pcf8562.o(i.PCF8562_Display)
    PCF8562_Init                             0x08014aa7   Thumb Code    34  pcf8562.o(i.PCF8562_Init)
    Pkcs5padding_add                         0x08014ac9   Thumb Code    54  uart_tcp.o(i.Pkcs5padding_add)
    ProcessKeyBord                           0x08014b01   Thumb Code   458  func.o(i.ProcessKeyBord)
    RTC_Bcd2ToByte                           0x08014cdd   Thumb Code    18  stm32f4xx_hal_rtc.o(i.RTC_Bcd2ToByte)
    RTC_ByteToBcd2                           0x08014cef   Thumb Code    22  stm32f4xx_hal_rtc.o(i.RTC_ByteToBcd2)
    RTC_EnterInitMode                        0x08014d05   Thumb Code    58  stm32f4xx_hal_rtc.o(i.RTC_EnterInitMode)
    ReadEEPROM                               0x08014d41   Thumb Code   252  func.o(i.ReadEEPROM)
    Relay_SetBit                             0x08014e45   Thumb Code    40  func.o(i.Relay_SetBit)
    SelectSwVersion                          0x08014e71   Thumb Code    68  usart_hk_ip.o(i.SelectSwVersion)
    SendByte                                 0x08014ec5   Thumb Code   176  pcf8562.o(i.SendByte)
    StartLogicTask                           0x08014f81   Thumb Code  1876  freertos.o(i.StartLogicTask)
    Start_I2c                                0x080156ed   Thumb Code    72  pcf8562.o(i.Start_I2c)
    Stop_I2c                                 0x08015739   Thumb Code    56  pcf8562.o(i.Stop_I2c)
    SysTick_Handler                          0x08015775   Thumb Code    38  port.o(i.SysTick_Handler)
    SystemClock_Config                       0x080157a1   Thumb Code   150  main.o(i.SystemClock_Config)
    SystemInit                               0x08015841   Thumb Code    22  system_stm32f4xx.o(i.SystemInit)
    TIM1_UP_TIM10_IRQHandler                 0x0801585d   Thumb Code     6  stm32f4xx_it.o(i.TIM1_UP_TIM10_IRQHandler)
    TIM_Base_SetConfig                       0x08015869   Thumb Code   156  stm32f4xx_hal_tim.o(i.TIM_Base_SetConfig)
    UART4_IRQHandler                         0x08015931   Thumb Code     6  stm32f4xx_it.o(i.UART4_IRQHandler)
    UART_Init                                0x08015969   Thumb Code    92  usart_hk_ip.o(i.UART_Init)
    UART_SendData                            0x08015a69   Thumb Code   104  usart_hk_ip.o(i.UART_SendData)
    UART_TCP_init                            0x08015c05   Thumb Code    44  uart_tcp.o(i.UART_TCP_init)
    USART1_IRQHandler                        0x08015d01   Thumb Code   118  stm32f4xx_it.o(i.USART1_IRQHandler)
    UsageFault_Handler                       0x08015d89   Thumb Code     2  stm32f4xx_it.o(i.UsageFault_Handler)
    __scatterload_copy                       0x08015dab   Thumb Code    14  handlers.o(i.__scatterload_copy)
    __scatterload_null                       0x08015db9   Thumb Code     2  handlers.o(i.__scatterload_null)
    __scatterload_zeroinit                   0x08015dbb   Thumb Code    14  handlers.o(i.__scatterload_zeroinit)
    addRoundKey                              0x08015dc9   Thumb Code    62  aes.o(i.addRoundKey)
    aesDecrypt                               0x08015e07   Thumb Code   164  aes.o(i.aesDecrypt)
    aesEncrypt                               0x08015eab   Thumb Code   162  aes.o(i.aesEncrypt)
    alarm_io_scan                            0x08015f4d   Thumb Code   168  keybord.o(i.alarm_io_scan)
    crc16                                    0x08016005   Thumb Code    26  usart_hk_ip.o(i.crc16)
    crc16_JS                                 0x08016021   Thumb Code    38  usart_hk_ip.o(i.crc16_JS)
    get_addr                                 0x0801604d   Thumb Code   134  func.o(i.get_addr)
    init_EEPROM                              0x080160d9   Thumb Code   334  func.o(i.init_EEPROM)
    invMixColumns                            0x08016229   Thumb Code   140  aes.o(i.invMixColumns)
    invShiftRows                             0x080162b9   Thumb Code    92  aes.o(i.invShiftRows)
    invSubBytes                              0x08016315   Thumb Code    34  aes.o(i.invSubBytes)
    keyExpansion                             0x0801633d   Thumb Code   180  aes.o(i.keyExpansion)
    key_scan                                 0x080163f9   Thumb Code   146  keybord.o(i.key_scan)
    lcd_show                                 0x08016499   Thumb Code  1254  disp.o(i.lcd_show)
    loadStateArray                           0x08016981   Thumb Code    34  aes.o(i.loadStateArray)
    main                                     0x080169a3   Thumb Code    78  main.o(i.main)
    mixColumns                               0x080169f1   Thumb Code   140  aes.o(i.mixColumns)
    osDelay                                  0x08016a81   Thumb Code    46  cmsis_os2.o(i.osDelay)
    osKernelInitialize                       0x08016ab5   Thumb Code    48  cmsis_os2.o(i.osKernelInitialize)
    osKernelStart                            0x08016ae9   Thumb Code    56  cmsis_os2.o(i.osKernelStart)
    osMessageQueueGet                        0x08016b25   Thumb Code   118  cmsis_os2.o(i.osMessageQueueGet)
    osMessageQueueNew                        0x08016ba5   Thumb Code   110  cmsis_os2.o(i.osMessageQueueNew)
    osMessageQueuePut                        0x08016c19   Thumb Code   122  cmsis_os2.o(i.osMessageQueuePut)
    osThreadNew                              0x08016c9d   Thumb Code   158  cmsis_os2.o(i.osThreadNew)
    pvPortMalloc                             0x080174d5   Thumb Code   210  heap_4.o(i.pvPortMalloc)
    pxPortInitialiseStack                    0x080175ad   Thumb Code    40  port.o(i.pxPortInitialiseStack)
    shiftRows                                0x080175d9   Thumb Code    92  aes.o(i.shiftRows)
    storeStateArray                          0x08017635   Thumb Code    34  aes.o(i.storeStateArray)
    subBytes                                 0x08017659   Thumb Code    34  aes.o(i.subBytes)
    sys_nvic_set_vector_table                0x08017681   Thumb Code    12  main.o(i.sys_nvic_set_vector_table)
    uxListRemove                             0x08017691   Thumb Code    38  list.o(i.uxListRemove)
    vApplicationGetIdleTaskMemory            0x080176b9   Thumb Code    16  cmsis_os2.o(i.vApplicationGetIdleTaskMemory)
    vApplicationGetTimerTaskMemory           0x080176cd   Thumb Code    18  cmsis_os2.o(i.vApplicationGetTimerTaskMemory)
    vDinputTask                              0x080176e5   Thumb Code    92  keybord.o(i.vDinputTask)
    vDisplayTask                             0x08017745   Thumb Code   318  disp.o(i.vDisplayTask)
    vI2C_init                                0x08017899   Thumb Code    68  eeprom.o(i.vI2C_init)
    vListInitialise                          0x080178e9   Thumb Code    22  list.o(i.vListInitialise)
    vListInitialiseItem                      0x080178ff   Thumb Code     6  list.o(i.vListInitialiseItem)
    vListInsert                              0x08017905   Thumb Code    48  list.o(i.vListInsert)
    vListInsertEnd                           0x08017935   Thumb Code    24  list.o(i.vListInsertEnd)
    vPortEnterCritical                       0x0801794d   Thumb Code    54  port.o(i.vPortEnterCritical)
    vPortExitCritical                        0x0801798d   Thumb Code    34  port.o(i.vPortExitCritical)
    vPortFree                                0x080179b5   Thumb Code    88  heap_4.o(i.vPortFree)
    vPortSetupTimerInterrupt                 0x08017a11   Thumb Code    32  port.o(i.vPortSetupTimerInterrupt)
    vPortValidateInterruptPriority           0x08017a35   Thumb Code    74  port.o(i.vPortValidateInterruptPriority)
    vQueueAddToRegistry                      0x08017a89   Thumb Code    34  queue.o(i.vQueueAddToRegistry)
    vQueueWaitForMessageRestricted           0x08017ab1   Thumb Code    68  queue.o(i.vQueueWaitForMessageRestricted)
    vTaskDelay                               0x08017af5   Thumb Code    66  tasks.o(i.vTaskDelay)
    vTaskInternalSetTimeOutState             0x08017b41   Thumb Code    12  tasks.o(i.vTaskInternalSetTimeOutState)
    vTaskMissedYield                         0x08017b51   Thumb Code     8  tasks.o(i.vTaskMissedYield)
    vTaskPlaceOnEventList                    0x08017b5d   Thumb Code    44  tasks.o(i.vTaskPlaceOnEventList)
    vTaskPlaceOnEventListRestricted          0x08017b8d   Thumb Code    52  tasks.o(i.vTaskPlaceOnEventListRestricted)
    vTaskStartScheduler                      0x08017bc5   Thumb Code   118  tasks.o(i.vTaskStartScheduler)
    vTaskSuspendAll                          0x08017c4d   Thumb Code    10  tasks.o(i.vTaskSuspendAll)
    vTaskSwitchContext                       0x08017c5d   Thumb Code    90  tasks.o(i.vTaskSwitchContext)
    vUART_TASK                               0x08017cc1   Thumb Code  4524  usart_hk_ip.o(i.vUART_TASK)
    vUART_TCP_TASK                           0x08018e75   Thumb Code  3974  uart_tcp.o(i.vUART_TCP_TASK)
    vUartTCPConnect                          0x08019e25   Thumb Code  1234  uart_tcp.o(i.vUartTCPConnect)
    vUartTCPRegister                         0x0801a309   Thumb Code   114  uart_tcp.o(i.vUartTCPRegister)
    vUartTCPSend                             0x0801a389   Thumb Code   100  uart_tcp.o(i.vUartTCPSend)
    vWriteEETask                             0x0801a3f9   Thumb Code   336  eeprom.o(i.vWriteEETask)
    xPortStartScheduler                      0x0801a54d   Thumb Code   222  port.o(i.xPortStartScheduler)
    xQueueGenericCreate                      0x0801a641   Thumb Code    72  queue.o(i.xQueueGenericCreate)
    xQueueGenericCreateStatic                0x0801a689   Thumb Code   102  queue.o(i.xQueueGenericCreateStatic)
    xQueueGenericReset                       0x0801a6f1   Thumb Code   132  queue.o(i.xQueueGenericReset)
    xQueueGenericSend                        0x0801a779   Thumb Code   346  queue.o(i.xQueueGenericSend)
    xQueueGenericSendFromISR                 0x0801a8d9   Thumb Code   188  queue.o(i.xQueueGenericSendFromISR)
    xQueueReceive                            0x0801a995   Thumb Code   308  queue.o(i.xQueueReceive)
    xQueueReceiveFromISR                     0x0801aacd   Thumb Code   154  queue.o(i.xQueueReceiveFromISR)
    xStartPulseTask                          0x0801ab69   Thumb Code  1566  powerpulse.o(i.xStartPulseTask)
    xTaskCheckForTimeOut                     0x0801b191   Thumb Code   112  tasks.o(i.xTaskCheckForTimeOut)
    xTaskCreate                              0x0801b205   Thumb Code    90  tasks.o(i.xTaskCreate)
    xTaskCreateStatic                        0x0801b25f   Thumb Code    86  tasks.o(i.xTaskCreateStatic)
    xTaskGetSchedulerState                   0x0801b2b5   Thumb Code    22  tasks.o(i.xTaskGetSchedulerState)
    xTaskGetTickCount                        0x0801b2d1   Thumb Code     6  tasks.o(i.xTaskGetTickCount)
    xTaskIncrementTick                       0x0801b2dd   Thumb Code   190  tasks.o(i.xTaskIncrementTick)
    xTaskPriorityDisinherit                  0x0801b3a5   Thumb Code   118  tasks.o(i.xTaskPriorityDisinherit)
    xTaskRemoveFromEventList                 0x0801b425   Thumb Code    98  tasks.o(i.xTaskRemoveFromEventList)
    xTaskResumeAll                           0x0801b495   Thumb Code   182  tasks.o(i.xTaskResumeAll)
    xTimerCreateTimerTask                    0x0801b559   Thumb Code    78  timers.o(i.xTimerCreateTimerTask)
    xTimerGenericCommand                     0x0801b5b9   Thumb Code    98  timers.o(i.xTimerGenericCommand)
    logicTask_attributes                     0x0801b620   Data          36  freertos.o(.constdata)
    uartTask_attributes                      0x0801b644   Data          36  freertos.o(.constdata)
    uartTCP_attributes                       0x0801b668   Data          36  freertos.o(.constdata)
    displayTask_attributes                   0x0801b68c   Data          36  freertos.o(.constdata)
    eepromTask_attributes                    0x0801b6b0   Data          36  freertos.o(.constdata)
    pulseTask_attributes                     0x0801b6d4   Data          36  powerpulse.o(.constdata)
    voltage_to_cnt                           0x0801b6f8   Data          76  powerpulse.o(.constdata)
    voltage_to_current                       0x0801b744   Data          88  powerpulse.o(.constdata)
    voltage_to_alarm                         0x0801b79c   Data         162  powerpulse.o(.constdata)
    voltage_to_alarm26_1                     0x0801b83e   Data          71  powerpulse.o(.constdata)
    voltage_to_alarm26_2                     0x0801b885   Data          71  powerpulse.o(.constdata)
    voltage_to_alarm16_1                     0x0801b8cc   Data          71  powerpulse.o(.constdata)
    voltage_to_alarm16_2                     0x0801b913   Data          71  powerpulse.o(.constdata)
    voltage_to_alarm24_1                     0x0801b95a   Data          71  powerpulse.o(.constdata)
    voltage_to_alarm24_2                     0x0801b9a1   Data          71  powerpulse.o(.constdata)
    voltage_to_alarm14_1                     0x0801b9e8   Data          71  powerpulse.o(.constdata)
    voltage_to_alarm14_2                     0x0801ba2f   Data          71  powerpulse.o(.constdata)
    Lcd_Seg                                  0x0801ba76   Data          10  pcf8562.o(.constdata)
    Lcd_Seg1                                 0x0801ba80   Data          10  pcf8562.o(.constdata)
    Lcd_Seg2                                 0x0801ba8a   Data          10  pcf8562.o(.constdata)
    crctab                                   0x0801badc   Data         512  uart_tcp.o(.constdata)
    tcp_header                               0x0801bcdc   Data          61  uart_tcp.o(.constdata)
    tamper_alarm_upload                      0x0801bd19   Data          89  uart_tcp.o(.constdata)
    tamper_alarm_remove                      0x0801bd72   Data          89  uart_tcp.o(.constdata)
    alarm_status_1_100                       0x0801bdcb   Data         128  uart_tcp.o(.constdata)
    alarm_status_2_100                       0x0801be4b   Data         128  uart_tcp.o(.constdata)
    alarm_status_4_100                       0x0801becb   Data         128  uart_tcp.o(.constdata)
    alarm_status_1_010                       0x0801bf4b   Data         128  uart_tcp.o(.constdata)
    alarm_status_2_010                       0x0801bfcb   Data         128  uart_tcp.o(.constdata)
    alarm_status_4_010                       0x0801c04b   Data         128  uart_tcp.o(.constdata)
    alarm_status_1_001                       0x0801c0cb   Data         128  uart_tcp.o(.constdata)
    alarm_status_4_001                       0x0801c14b   Data         128  uart_tcp.o(.constdata)
    register_cmd                             0x0801c1cb   Data         101  uart_tcp.o(.constdata)
    CRCHi                                    0x0801c41c   Data         256  usart_hk_ip.o(.constdata)
    CRCLo                                    0x0801c51c   Data         256  usart_hk_ip.o(.constdata)
    AHBPrescTable                            0x0801c624   Data          16  system_stm32f4xx.o(.constdata)
    APBPrescTable                            0x0801c634   Data           8  system_stm32f4xx.o(.constdata)
    __ctype_categories                       0x0801c63c   Data          64  ctype_c.o(.constdata)
    Region$$Table$$Base                      0x0801cd4c   Number         0  anon$$obj.o(Region$$Table)
    Region$$Table$$Limit                     0x0801cd6c   Number         0  anon$$obj.o(Region$$Table)
    RunTimeStartSaveFlag                     0x20004000   Data           1  main.o(.data)
    RunTimeCnt                               0x20004002   Data           2  main.o(.data)
    logicTaskHandle                          0x2000400c   Data           4  freertos.o(.data)
    uartTaskHandle                           0x20004010   Data           4  freertos.o(.data)
    uTCPTaskHandle                           0x20004014   Data           4  freertos.o(.data)
    displayTaskHandle                        0x20004018   Data           4  freertos.o(.data)
    dinputTaskHandle                         0x2000401c   Data           4  freertos.o(.data)
    eepromTaskHandle                         0x20004020   Data           4  freertos.o(.data)
    xEEWriteMsg                              0x2000403c   Data           4  eeprom.o(.data)
    DefArea1SelfStudyFlag                    0x20004040   Data           1  powerpulse.o(.data)
    DefArea2SelfStudyFlag                    0x20004041   Data           1  powerpulse.o(.data)
    DUAL_DEFENCE                             0x20004042   Data           1  powerpulse.o(.data)
    SIX_LINE_BOARD                           0x20004043   Data           1  powerpulse.o(.data)
    DefArea1_09KV_Offset                     0x20004046   Data           2  powerpulse.o(.data)
    DefArea2_09KV_Offset                     0x20004048   Data           2  powerpulse.o(.data)
    DefArea1_09KV_Linelen                    0x2000404a   Data           2  powerpulse.o(.data)
    DefArea2_09KV_Linelen                    0x2000404c   Data           2  powerpulse.o(.data)
    pulseTaskHandle                          0x20004050   Data           4  powerpulse.o(.data)
    xPulseInQueue                            0x20004054   Data           4  powerpulse.o(.data)
    xPulseOutQueue                           0x20004058   Data           4  powerpulse.o(.data)
    DefArea1_AdcValue                        0x2000405c   Data           8  powerpulse.o(.data)
    DefArea2_AdcValue                        0x20004064   Data           8  powerpulse.o(.data)
    ack                                      0x2000406c   Data           1  pcf8562.o(.data)
    HT16C22_ack                              0x2000406d   Data           1  pcf8562.o(.data)
    KeySetIpFlag                             0x2000406e   Data           1  keybord.o(.data)
    xKeyChangeMsg                            0x20004078   Data           4  keybord.o(.data)
    S                                        0x20004081   Data         256  aes.o(.data)
    inv_S                                    0x20004181   Data         256  aes.o(.data)
    TCP_AlarmTxFlag                          0x20004284   Data           1  uart_tcp.o(.data)
    ucUartTCPAlarmedLast                     0x20004285   Data           1  uart_tcp.o(.data)
    InitSendAlarmFlag                        0x20004286   Data           1  uart_tcp.o(.data)
    TCP_AlarmTxFlagCnt                       0x20004287   Data           1  uart_tcp.o(.data)
    Uart1RstFlag                             0x20004288   Data           1  uart_tcp.o(.data)
    IAP_flag                                 0x20004289   Data           1  uart_tcp.o(.data)
    upper_flag                               0x20004292   Data           1  uart_tcp.o(.data)
    Uart1RstCnt                              0x20004294   Data           2  uart_tcp.o(.data)
    refresh_flag                             0x20004296   Data           2  uart_tcp.o(.data)
    jump2app                                 0x2000429c   Data           4  uart_tcp.o(.data)
    firmware_vison                           0x200042a0   Data           8  uart_tcp.o(.data)
    ucProtocol                               0x20004330   Data           1  usart_hk_ip.o(.data)
    Uart4ItOnOffFlag                         0x20004331   Data           1  usart_hk_ip.o(.data)
    Uart4RstFlag                             0x20004332   Data           1  usart_hk_ip.o(.data)
    ucDataLength                             0x20004333   Data           1  usart_hk_ip.o(.data)
    ucAddress                                0x20004334   Data           1  usart_hk_ip.o(.data)
    Uart4RstCnt                              0x20004336   Data           2  usart_hk_ip.o(.data)
    xFromUpStreamMsg                         0x20004338   Data           4  usart_hk_ip.o(.data)
    SwVersion_E0206                          0x2000433c   Data          35  usart_hk_ip.o(.data)
    SwVersion_E0106                          0x2000435f   Data          35  usart_hk_ip.o(.data)
    SwVersion_E0204                          0x20004382   Data          35  usart_hk_ip.o(.data)
    SwVersion_E0104                          0x200043a5   Data          35  usart_hk_ip.o(.data)
    uwTickFreq                               0x200043c8   Data           1  stm32f4xx_hal.o(.data)
    uwTickPrio                               0x200043cc   Data           4  stm32f4xx_hal.o(.data)
    uwTick                                   0x200043d0   Data           4  stm32f4xx_hal.o(.data)
    SystemCoreClock                          0x200043d4   Data           4  system_stm32f4xx.o(.data)
    pxCurrentTCB                             0x200043d8   Data           4  tasks.o(.data)
    hadc1                                    0x20004454   Data          72  adc.o(.bss)
    hadc2                                    0x2000449c   Data          72  adc.o(.bss)
    hdma_adc1                                0x200044e4   Data          96  adc.o(.bss)
    hdma_adc2                                0x20004544   Data          96  adc.o(.bss)
    device                                   0x200045a4   Data          40  freertos.o(.bss)
    htim1                                    0x200045cc   Data          64  stm32f4xx_hal_timebase_tim.o(.bss)
    GPIO_InitStruct                          0x2000460c   Data          20  eeprom.o(.bss)
    voltage_to_alarm1                        0x20004640   Data          71  powerpulse.o(.bss)
    voltage_to_alarm2                        0x20004687   Data          71  powerpulse.o(.bss)
    DataBuf                                  0x20004748   Data          26  pcf8562.o(.bss)
    g_dis_abuf                               0x20004762   Data          11  pcf8562.o(.bss)
    g_dis_bbuf                               0x2000476d   Data          11  pcf8562.o(.bss)
    g_disa_dat                               0x20004778   Data          11  pcf8562.o(.bss)
    g_disb_dat                               0x20004783   Data          11  pcf8562.o(.bss)
    alarm_status_1_10                        0x200049ca   Data         128  uart_tcp.o(.bss)
    alarm_status_2_10                        0x20004a4a   Data         128  uart_tcp.o(.bss)
    alarm_status_4_10                        0x20004aca   Data         128  uart_tcp.o(.bss)
    alarm_status_1_01                        0x20004b4a   Data         128  uart_tcp.o(.bss)
    alarm_status_4_01                        0x20004bca   Data         128  uart_tcp.o(.bss)
    command_query_reply                      0x20004c4a   Data         220  uart_tcp.o(.bss)
    command_query_reply_1                    0x20004d26   Data         220  uart_tcp.o(.bss)
    huart1                                   0x20004e04   Data          64  uart_tcp.o(.bss)
    xTCP_Msg                                 0x20004e44   Data         106  uart_tcp.o(.bss)
    xTCP_Data                                0x20004eae   Data         252  uart_tcp.o(.bss)
    xTCP_Addr                                0x20004faa   Data          49  uart_tcp.o(.bss)
    upper_buf                                0x20005157   Data          20  uart_tcp.o(.bss)
    RX_buf                                   0x2000516b   Data         300  uart_tcp.o(.bss)
    uPort                                    0x20005298   Data          19  usart_hk_ip.o(.bss)
    SwVersion                                0x200052ab   Data          35  usart_hk_ip.o(.bss)
    huart4                                   0x200052d0   Data          64  usart_hk_ip.o(.bss)
    huart6                                   0x20005310   Data          64  usart_hk_ip.o(.bss)
    hrtc                                     0x20005350   Data          32  rtc.o(.bss)
    xQueueRegistry                           0x20005370   Data          64  queue.o(.bss)
    __initial_sp                             0x2000dc48   Data           0  startup_stm32f407xx.o(STACK)



==============================================================================

Memory Map of the image

  Image Entry point : 0x08010189

  Load Region LR_IROM1 (Base: 0x08010000, Size: 0x0000d1c0, Max: 0x00070000, ABSOLUTE, COMPRESSED[0x0000d024])

    Execution Region ER_IROM1 (Exec base: 0x08010000, Load base: 0x08010000, Size: 0x0000cd6c, Max: 0x00070000, ABSOLUTE)

    Exec Addr    Load Addr    Size         Type   Attr      Idx    E Section Name        Object

    0x08010000   0x08010000   0x00000188   Data   RO            3    RESET               startup_stm32f407xx.o
    0x08010188   0x08010188   0x00000000   Code   RO         6995  * .ARM.Collect$$$$00000000  mc_w.l(entry.o)
    0x08010188   0x08010188   0x00000004   Code   RO         7286    .ARM.Collect$$$$00000001  mc_w.l(entry2.o)
    0x0801018c   0x0801018c   0x00000004   Code   RO         7289    .ARM.Collect$$$$00000004  mc_w.l(entry5.o)
    0x08010190   0x08010190   0x00000000   Code   RO         7291    .ARM.Collect$$$$00000008  mc_w.l(entry7b.o)
    0x08010190   0x08010190   0x00000000   Code   RO         7293    .ARM.Collect$$$$0000000A  mc_w.l(entry8b.o)
    0x08010190   0x08010190   0x00000008   Code   RO         7294    .ARM.Collect$$$$0000000B  mc_w.l(entry9a.o)
    0x08010198   0x08010198   0x00000004   Code   RO         7301    .ARM.Collect$$$$0000000E  mc_w.l(entry12b.o)
    0x0801019c   0x0801019c   0x00000000   Code   RO         7296    .ARM.Collect$$$$0000000F  mc_w.l(entry10a.o)
    0x0801019c   0x0801019c   0x00000000   Code   RO         7298    .ARM.Collect$$$$00000011  mc_w.l(entry11a.o)
    0x0801019c   0x0801019c   0x00000004   Code   RO         7287    .ARM.Collect$$$$00002712  mc_w.l(entry2.o)
    0x080101a0   0x080101a0   0x000000be   Code   RO         6918    .emb_text           port.o
    0x0801025e   0x0801025e   0x00000002   PAD
    0x08010260   0x08010260   0x00000024   Code   RO            4    .text               startup_stm32f407xx.o
    0x08010284   0x08010284   0x00000062   Code   RO         6998    .text               mc_w.l(uldiv.o)
    0x080102e6   0x080102e6   0x00000002   PAD
    0x080102e8   0x080102e8   0x00000024   Code   RO         7000    .text               mc_w.l(rand.o)
    0x0801030c   0x0801030c   0x00000024   Code   RO         7003    .text               mc_w.l(memcpya.o)
    0x08010330   0x08010330   0x00000024   Code   RO         7007    .text               mc_w.l(memseta.o)
    0x08010354   0x08010354   0x00000024   Code   RO         7009    .text               mc_w.l(strstr.o)
    0x08010378   0x08010378   0x0000000e   Code   RO         7011    .text               mc_w.l(strlen.o)
    0x08010386   0x08010386   0x00000028   Code   RO         7013    .text               mc_w.l(strncat.o)
    0x080103ae   0x080103ae   0x00000012   Code   RO         7015    .text               mc_w.l(strcpy.o)
    0x080103c0   0x080103c0   0x00000038   Code   RO         7280    .text               mc_w.l(__0sscanf.o)
    0x080103f8   0x080103f8   0x0000014c   Code   RO         7282    .text               mc_w.l(_scanf_int.o)
    0x08010544   0x08010544   0x000000e0   Code   RO         7284    .text               mc_w.l(_scanf_str.o)
    0x08010624   0x08010624   0x0000001e   Code   RO         7305    .text               mc_w.l(llshl.o)
    0x08010642   0x08010642   0x00000020   Code   RO         7307    .text               mc_w.l(llushr.o)
    0x08010662   0x08010662   0x0000001c   Code   RO         7309    .text               mc_w.l(_chval.o)
    0x0801067e   0x0801067e   0x00000002   PAD
    0x08010680   0x08010680   0x00000028   Code   RO         7311    .text               mc_w.l(scanf_char.o)
    0x080106a8   0x080106a8   0x00000040   Code   RO         7313    .text               mc_w.l(_sgetc.o)
    0x080106e8   0x080106e8   0x00000024   Code   RO         7326    .text               mc_w.l(init.o)
    0x0801070c   0x0801070c   0x0000000a   Code   RO         7330    .text               mc_w.l(isspace_c.o)
    0x08010716   0x08010716   0x00000002   PAD
    0x08010718   0x08010718   0x00000330   Code   RO         7332    .text               mc_w.l(_scanf.o)
    0x08010a48   0x08010a48   0x00000028   Code   RO         7336    .text               mc_w.l(ctype_c.o)
    0x08010a70   0x08010a70   0x00000056   Code   RO         7347    .text               mc_w.l(__dczerorl2.o)
    0x08010ac6   0x08010ac6   0x0000006e   Code   RO         1846    i.ADC_DMAConvCplt   stm32f4xx_hal_adc.o
    0x08010b34   0x08010b34   0x00000016   Code   RO         1847    i.ADC_DMAError      stm32f4xx_hal_adc.o
    0x08010b4a   0x08010b4a   0x0000000a   Code   RO         1848    i.ADC_DMAHalfConvCplt  stm32f4xx_hal_adc.o
    0x08010b54   0x08010b54   0x0000001c   Code   RO          393    i.ADC_IRQHandler    stm32f4xx_it.o
    0x08010b70   0x08010b70   0x00000128   Code   RO         1849    i.ADC_Init          stm32f4xx_hal_adc.o
    0x08010c98   0x08010c98   0x00000022   Code   RO          551    i.AT24CXX_Read      eeprom.o
    0x08010cba   0x08010cba   0x00000048   Code   RO          553    i.AT24CXX_ReadOneByte  eeprom.o
    0x08010d02   0x08010d02   0x00000020   Code   RO          554    i.AT24CXX_Write     eeprom.o
    0x08010d22   0x08010d22   0x00000054   Code   RO          556    i.AT24CXX_WriteOneByte  eeprom.o
    0x08010d76   0x08010d76   0x00000038   Code   RO          557    i.AT24CXX_WriteOneByteN  eeprom.o
    0x08010dae   0x08010dae   0x00000002   PAD
    0x08010db0   0x08010db0   0x0000003c   Code   RO          683    i.AdcMin            powerpulse.o
    0x08010dec   0x08010dec   0x00000090   Code   RO          684    i.AlarmVoltageValueSelect  powerpulse.o
    0x08010e7c   0x08010e7c   0x000000ac   Code   RO         1274    i.Base64decode      uart_tcp.o
    0x08010f28   0x08010f28   0x000000c8   Code   RO         1275    i.Base64encode      uart_tcp.o
    0x08010ff0   0x08010ff0   0x00000002   Code   RO          394    i.BusFault_Handler  stm32f4xx_it.o
    0x08010ff2   0x08010ff2   0x00000002   PAD
    0x08010ff4   0x08010ff4   0x00000600   Code   RO         1276    i.CMD_Deal_With     uart_tcp.o
    0x080115f4   0x080115f4   0x0000002c   Code   RO         1277    i.CalcCRC           uart_tcp.o
    0x08011620   0x08011620   0x0000003c   Code   RO          685    i.DEFENCE1_SHORT    powerpulse.o
    0x0801165c   0x0801165c   0x0000003c   Code   RO          686    i.DEFENCE1_SHORT_OPEN  powerpulse.o
    0x08011698   0x08011698   0x00000048   Code   RO          687    i.DEFENCE1_TOUCH_ALARM  powerpulse.o
    0x080116e0   0x080116e0   0x0000003c   Code   RO          688    i.DEFENCE2_SHORT    powerpulse.o
    0x0801171c   0x0801171c   0x0000003c   Code   RO          689    i.DEFENCE2_SHORT_OPEN  powerpulse.o
    0x08011758   0x08011758   0x00000048   Code   RO          690    i.DEFENCE2_TOUCH_ALARM  powerpulse.o
    0x080117a0   0x080117a0   0x0000000c   Code   RO          395    i.DMA2_Stream0_IRQHandler  stm32f4xx_it.o
    0x080117ac   0x080117ac   0x0000000c   Code   RO          396    i.DMA2_Stream2_IRQHandler  stm32f4xx_it.o
    0x080117b8   0x080117b8   0x00000028   Code   RO         2580    i.DMA_CalcBaseAndBitshift  stm32f4xx_hal_dma.o
    0x080117e0   0x080117e0   0x00000054   Code   RO         2581    i.DMA_CheckFifoParam  stm32f4xx_hal_dma.o
    0x08011834   0x08011834   0x00000028   Code   RO         2582    i.DMA_SetConfig     stm32f4xx_hal_dma.o
    0x0801185c   0x0801185c   0x00000002   Code   RO          397    i.DebugMon_Handler  stm32f4xx_it.o
    0x0801185e   0x0801185e   0x00000002   PAD
    0x08011860   0x08011860   0x000000d8   Code   RO         1278    i.DefenceAreaSwitchTcpAck  uart_tcp.o
    0x08011938   0x08011938   0x00000016   Code   RO         1279    i.Delay_ms          uart_tcp.o
    0x0801194e   0x0801194e   0x00000002   PAD
    0x08011950   0x08011950   0x00000048   Code   RO          809    i.Disp              pcf8562.o
    0x08011998   0x08011998   0x00000010   Code   RO          242    i.Dog_ON            gpio.o
    0x080119a8   0x080119a8   0x00000002   Code   RO           13    i.Error_Handler     main.o
    0x080119aa   0x080119aa   0x0000002a   Code   RO         1177    i.GMul              aes.o
    0x080119d4   0x080119d4   0x00000078   Code   RO          973    i.Get_Key           keybord.o
    0x08011a4c   0x08011a4c   0x00000002   Code   RO         2020    i.HAL_ADCEx_InjectedConvCpltCallback  stm32f4xx_hal_adc_ex.o
    0x08011a4e   0x08011a4e   0x00000002   PAD
    0x08011a50   0x08011a50   0x0000014c   Code   RO         1851    i.HAL_ADC_ConfigChannel  stm32f4xx_hal_adc.o
    0x08011b9c   0x08011b9c   0x0000006c   Code   RO          691    i.HAL_ADC_ConvCpltCallback  powerpulse.o
    0x08011c08   0x08011c08   0x00000002   Code   RO         1853    i.HAL_ADC_ConvHalfCpltCallback  stm32f4xx_hal_adc.o
    0x08011c0a   0x08011c0a   0x00000002   Code   RO         1855    i.HAL_ADC_ErrorCallback  stm32f4xx_hal_adc.o
    0x08011c0c   0x08011c0c   0x0000013c   Code   RO         1859    i.HAL_ADC_IRQHandler  stm32f4xx_hal_adc.o
    0x08011d48   0x08011d48   0x00000054   Code   RO         1860    i.HAL_ADC_Init      stm32f4xx_hal_adc.o
    0x08011d9c   0x08011d9c   0x00000002   Code   RO         1861    i.HAL_ADC_LevelOutOfWindowCallback  stm32f4xx_hal_adc.o
    0x08011d9e   0x08011d9e   0x00000002   PAD
    0x08011da0   0x08011da0   0x00000114   Code   RO          279    i.HAL_ADC_MspInit   adc.o
    0x08011eb4   0x08011eb4   0x00000130   Code   RO         1867    i.HAL_ADC_Start_DMA  stm32f4xx_hal_adc.o
    0x08011fe4   0x08011fe4   0x00000024   Code   RO         2584    i.HAL_DMA_Abort_IT  stm32f4xx_hal_dma.o
    0x08012008   0x08012008   0x000001a0   Code   RO         2588    i.HAL_DMA_IRQHandler  stm32f4xx_hal_dma.o
    0x080121a8   0x080121a8   0x000000d4   Code   RO         2589    i.HAL_DMA_Init      stm32f4xx_hal_dma.o
    0x0801227c   0x0801227c   0x0000006e   Code   RO         2593    i.HAL_DMA_Start_IT  stm32f4xx_hal_dma.o
    0x080122ea   0x080122ea   0x00000002   PAD
    0x080122ec   0x080122ec   0x00000088   Code   RO          974    i.HAL_DigitalIn_MspInit  keybord.o
    0x08012374   0x08012374   0x00000168   Code   RO         2473    i.HAL_GPIO_DeInit   stm32f4xx_hal_gpio.o
    0x080124dc   0x080124dc   0x000001b8   Code   RO         2476    i.HAL_GPIO_Init     stm32f4xx_hal_gpio.o
    0x08012694   0x08012694   0x0000000a   Code   RO         2478    i.HAL_GPIO_ReadPin  stm32f4xx_hal_gpio.o
    0x0801269e   0x0801269e   0x0000000e   Code   RO         2479    i.HAL_GPIO_TogglePin  stm32f4xx_hal_gpio.o
    0x080126ac   0x080126ac   0x0000000a   Code   RO         2480    i.HAL_GPIO_WritePin  stm32f4xx_hal_gpio.o
    0x080126b6   0x080126b6   0x00000002   PAD
    0x080126b8   0x080126b8   0x0000000c   Code   RO         3008    i.HAL_GetTick       stm32f4xx_hal.o
    0x080126c4   0x080126c4   0x00000010   Code   RO         3014    i.HAL_IncTick       stm32f4xx_hal.o
    0x080126d4   0x080126d4   0x00000034   Code   RO         3015    i.HAL_Init          stm32f4xx_hal.o
    0x08012708   0x08012708   0x00000074   Code   RO          511    i.HAL_InitTick      stm32f4xx_hal_timebase_tim.o
    0x0801277c   0x0801277c   0x0000003c   Code   RO          975    i.HAL_Key_MspInit   keybord.o
    0x080127b8   0x080127b8   0x0000008c   Code   RO         1046    i.HAL_LED_MspInit   func.o
    0x08012844   0x08012844   0x00000038   Code   RO          487    i.HAL_MspInit       stm32f4xx_hal_msp.o
    0x0801287c   0x0801287c   0x00000022   Code   RO         2864    i.HAL_NVIC_DisableIRQ  stm32f4xx_hal_cortex.o
    0x0801289e   0x0801289e   0x0000001a   Code   RO         2865    i.HAL_NVIC_EnableIRQ  stm32f4xx_hal_cortex.o
    0x080128b8   0x080128b8   0x00000040   Code   RO         2871    i.HAL_NVIC_SetPriority  stm32f4xx_hal_cortex.o
    0x080128f8   0x080128f8   0x00000024   Code   RO         2872    i.HAL_NVIC_SetPriorityGrouping  stm32f4xx_hal_cortex.o
    0x0801291c   0x0801291c   0x00000024   Code   RO         2873    i.HAL_NVIC_SystemReset  stm32f4xx_hal_cortex.o
    0x08012940   0x08012940   0x00000038   Code   RO          692    i.HAL_Pulse_init    powerpulse.o
    0x08012978   0x08012978   0x0000013c   Code   RO         2227    i.HAL_RCCEx_PeriphCLKConfig  stm32f4xx_hal_rcc_ex.o
    0x08012ab4   0x08012ab4   0x00000134   Code   RO         2122    i.HAL_RCC_ClockConfig  stm32f4xx_hal_rcc.o
    0x08012be8   0x08012be8   0x00000134   Code   RO         2228    i.HAL_RCC_DeInit    stm32f4xx_hal_rcc_ex.o
    0x08012d1c   0x08012d1c   0x00000040   Code   RO         2126    i.HAL_RCC_GetClockConfig  stm32f4xx_hal_rcc.o
    0x08012d5c   0x08012d5c   0x00000020   Code   RO         2129    i.HAL_RCC_GetPCLK1Freq  stm32f4xx_hal_rcc.o
    0x08012d7c   0x08012d7c   0x00000020   Code   RO         2130    i.HAL_RCC_GetPCLK2Freq  stm32f4xx_hal_rcc.o
    0x08012d9c   0x08012d9c   0x00000064   Code   RO         2131    i.HAL_RCC_GetSysClockFreq  stm32f4xx_hal_rcc.o
    0x08012e00   0x08012e00   0x0000035c   Code   RO         2134    i.HAL_RCC_OscConfig  stm32f4xx_hal_rcc.o
    0x0801315c   0x0801315c   0x00000044   Code   RO         4957    i.HAL_RTC_GetDate   stm32f4xx_hal_rtc.o
    0x080131a0   0x080131a0   0x00000058   Code   RO         4959    i.HAL_RTC_GetTime   stm32f4xx_hal_rtc.o
    0x080131f8   0x080131f8   0x000000ac   Code   RO         4960    i.HAL_RTC_Init      stm32f4xx_hal_rtc.o
    0x080132a4   0x080132a4   0x00000018   Code   RO         1571    i.HAL_RTC_MspInit   rtc.o
    0x080132bc   0x080132bc   0x000000c8   Code   RO         4966    i.HAL_RTC_SetDate   stm32f4xx_hal_rtc.o
    0x08013384   0x08013384   0x000000ec   Code   RO         4967    i.HAL_RTC_SetTime   stm32f4xx_hal_rtc.o
    0x08013470   0x08013470   0x00000036   Code   RO         4968    i.HAL_RTC_WaitForSynchro  stm32f4xx_hal_rtc.o
    0x080134a6   0x080134a6   0x00000002   PAD
    0x080134a8   0x080134a8   0x0000003c   Code   RO         1047    i.HAL_SW_MspInit    func.o
    0x080134e4   0x080134e4   0x00000002   Code   RO         4375    i.HAL_TIMEx_BreakCallback  stm32f4xx_hal_tim_ex.o
    0x080134e6   0x080134e6   0x00000002   Code   RO         4376    i.HAL_TIMEx_CommutCallback  stm32f4xx_hal_tim_ex.o
    0x080134e8   0x080134e8   0x00000036   Code   RO         3700    i.HAL_TIM_Base_Init  stm32f4xx_hal_tim.o
    0x0801351e   0x0801351e   0x00000002   Code   RO         3702    i.HAL_TIM_Base_MspInit  stm32f4xx_hal_tim.o
    0x08013520   0x08013520   0x00000022   Code   RO         3705    i.HAL_TIM_Base_Start_IT  stm32f4xx_hal_tim.o
    0x08013542   0x08013542   0x00000002   Code   RO         3729    i.HAL_TIM_IC_CaptureCallback  stm32f4xx_hal_tim.o
    0x08013544   0x08013544   0x00000166   Code   RO         3743    i.HAL_TIM_IRQHandler  stm32f4xx_hal_tim.o
    0x080136aa   0x080136aa   0x00000002   Code   RO         3746    i.HAL_TIM_OC_DelayElapsedCallback  stm32f4xx_hal_tim.o
    0x080136ac   0x080136ac   0x00000002   Code   RO         3773    i.HAL_TIM_PWM_PulseFinishedCallback  stm32f4xx_hal_tim.o
    0x080136ae   0x080136ae   0x00000002   PAD
    0x080136b0   0x080136b0   0x00000034   Code   RO           14    i.HAL_TIM_PeriodElapsedCallback  main.o
    0x080136e4   0x080136e4   0x00000002   Code   RO         3786    i.HAL_TIM_TriggerCallback  stm32f4xx_hal_tim.o
    0x080136e6   0x080136e6   0x00000002   PAD
    0x080136e8   0x080136e8   0x0000009c   Code   RO         1280    i.HAL_UART1_Rx      uart_tcp.o
    0x08013784   0x08013784   0x00000002   Code   RO         1281    i.HAL_UART1_RxCallBack  uart_tcp.o
    0x08013786   0x08013786   0x00000032   Code   RO         4646    i.HAL_UART_DeInit   stm32f4xx_hal_uart.o
    0x080137b8   0x080137b8   0x00000012   Code   RO         1454    i.HAL_UART_ErrorCallback  usart_hk_ip.o
    0x080137ca   0x080137ca   0x00000002   PAD
    0x080137cc   0x080137cc   0x00000114   Code   RO         4650    i.HAL_UART_IRQHandler  stm32f4xx_hal_uart.o
    0x080138e0   0x080138e0   0x00000062   Code   RO         4651    i.HAL_UART_Init     stm32f4xx_hal_uart.o
    0x08013942   0x08013942   0x00000002   PAD
    0x08013944   0x08013944   0x00000058   Code   RO         1455    i.HAL_UART_MspDeInit  usart_hk_ip.o
    0x0801399c   0x0801399c   0x000000bc   Code   RO         1456    i.HAL_UART_MspInit  usart_hk_ip.o
    0x08013a58   0x08013a58   0x00000052   Code   RO         4656    i.HAL_UART_Receive_IT  stm32f4xx_hal_uart.o
    0x08013aaa   0x08013aaa   0x00000002   PAD
    0x08013aac   0x08013aac   0x000001bc   Code   RO         1457    i.HAL_UART_RxCpltCallback  usart_hk_ip.o
    0x08013c68   0x08013c68   0x0000006c   Code   RO         1283    i.HAL_UART_TCP_MspInit  uart_tcp.o
    0x08013cd4   0x08013cd4   0x000000ba   Code   RO         4659    i.HAL_UART_Transmit  stm32f4xx_hal_uart.o
    0x08013d8e   0x08013d8e   0x00000002   Code   RO         4662    i.HAL_UART_TxCpltCallback  stm32f4xx_hal_uart.o
    0x08013d90   0x08013d90   0x0000002c   Code   RO          810    i.HT16C22_DisAll    pcf8562.o
    0x08013dbc   0x08013dbc   0x0000004c   Code   RO          811    i.HT16C22_IIC_Start  pcf8562.o
    0x08013e08   0x08013e08   0x00000054   Code   RO          812    i.HT16C22_IIC_Stop  pcf8562.o
    0x08013e5c   0x08013e5c   0x000000c0   Code   RO          813    i.HT16C22_IIC_WriteByte  pcf8562.o
    0x08013f1c   0x08013f1c   0x00000022   Code   RO          814    i.HT16C22_Init      pcf8562.o
    0x08013f3e   0x08013f3e   0x00000034   Code   RO          815    i.HT16C22_Write_RAM  pcf8562.o
    0x08013f72   0x08013f72   0x00000002   PAD
    0x08013f74   0x08013f74   0x000000e0   Code   RO          816    i.HT16C22_disD_chg  pcf8562.o
    0x08014054   0x08014054   0x00000002   Code   RO          398    i.HardFault_Handler  stm32f4xx_it.o
    0x08014056   0x08014056   0x00000002   PAD
    0x08014058   0x08014058   0x00000054   Code   RO          558    i.I2C_Ack           eeprom.o
    0x080140ac   0x080140ac   0x00000054   Code   RO          559    i.I2C_NAck          eeprom.o
    0x08014100   0x08014100   0x00000070   Code   RO          560    i.I2C_Read_Byte     eeprom.o
    0x08014170   0x08014170   0x00000078   Code   RO          561    i.I2C_Send_Byte     eeprom.o
    0x080141e8   0x080141e8   0x0000001e   Code   RO          562    i.I2C_SomeNOP       eeprom.o
    0x08014206   0x08014206   0x0000001a   Code   RO          817    i.I2C_SomeNOP       pcf8562.o
    0x08014220   0x08014220   0x00000054   Code   RO          563    i.I2C_Start         eeprom.o
    0x08014274   0x08014274   0x00000054   Code   RO          564    i.I2C_Stop          eeprom.o
    0x080142c8   0x080142c8   0x0000005c   Code   RO          565    i.I2C_Wait_Ack      eeprom.o
    0x08014324   0x08014324   0x00000030   Code   RO          820    i.ISendByte         pcf8562.o
    0x08014354   0x08014354   0x00000054   Code   RO          821    i.ISendStr          pcf8562.o
    0x080143a8   0x080143a8   0x000001ae   Code   RO         1284    i.IpAddrHexToAscii  uart_tcp.o
    0x08014556   0x08014556   0x00000002   PAD
    0x08014558   0x08014558   0x000000b8   Code   RO          822    i.LCD_Init          pcf8562.o
    0x08014610   0x08014610   0x000000a4   Code   RO          280    i.MX_ADC1_Init      adc.o
    0x080146b4   0x080146b4   0x000000a0   Code   RO          281    i.MX_ADC2_Init      adc.o
    0x08014754   0x08014754   0x0000003c   Code   RO         1156    i.MX_DMA_Init       dma.o
    0x08014790   0x08014790   0x00000038   Code   RO          243    i.MX_DOG_Init       gpio.o
    0x080147c8   0x080147c8   0x000000a0   Code   RO          326    i.MX_FREERTOS_Init  freertos.o
    0x08014868   0x08014868   0x000000c8   Code   RO          244    i.MX_GPIO_Init      gpio.o
    0x08014930   0x08014930   0x00000024   Code   RO          693    i.MX_Pulse_init     powerpulse.o
    0x08014954   0x08014954   0x0000006c   Code   RO         1572    i.MX_RTC_Init       rtc.o
    0x080149c0   0x080149c0   0x00000038   Code   RO         1459    i.MX_UART4_Init     usart_hk_ip.o
    0x080149f8   0x080149f8   0x00000038   Code   RO         1460    i.MX_USART6_UART_Init  usart_hk_ip.o
    0x08014a30   0x08014a30   0x00000038   Code   RO         1285    i.MX_USART_TCP_Init  uart_tcp.o
    0x08014a68   0x08014a68   0x0000000e   Code   RO         1286    i.MacHexToAscii     uart_tcp.o
    0x08014a76   0x08014a76   0x00000002   Code   RO          399    i.MemManage_Handler  stm32f4xx_it.o
    0x08014a78   0x08014a78   0x00000002   Code   RO          400    i.NMI_Handler       stm32f4xx_it.o
    0x08014a7a   0x08014a7a   0x0000002c   Code   RO          823    i.PCF8562_Display   pcf8562.o
    0x08014aa6   0x08014aa6   0x00000022   Code   RO          824    i.PCF8562_Init      pcf8562.o
    0x08014ac8   0x08014ac8   0x00000036   Code   RO         1287    i.Pkcs5padding_add  uart_tcp.o
    0x08014afe   0x08014afe   0x00000002   PAD
    0x08014b00   0x08014b00   0x000001dc   Code   RO         1048    i.ProcessKeyBord    func.o
    0x08014cdc   0x08014cdc   0x00000012   Code   RO         4969    i.RTC_Bcd2ToByte    stm32f4xx_hal_rtc.o
    0x08014cee   0x08014cee   0x00000016   Code   RO         4970    i.RTC_ByteToBcd2    stm32f4xx_hal_rtc.o
    0x08014d04   0x08014d04   0x0000003a   Code   RO         4971    i.RTC_EnterInitMode  stm32f4xx_hal_rtc.o
    0x08014d3e   0x08014d3e   0x00000002   PAD
    0x08014d40   0x08014d40   0x00000104   Code   RO         1049    i.ReadEEPROM        func.o
    0x08014e44   0x08014e44   0x0000002c   Code   RO         1050    i.Relay_SetBit      func.o
    0x08014e70   0x08014e70   0x00000054   Code   RO         1461    i.SelectSwVersion   usart_hk_ip.o
    0x08014ec4   0x08014ec4   0x000000bc   Code   RO          826    i.SendByte          pcf8562.o
    0x08014f80   0x08014f80   0x0000076c   Code   RO          327    i.StartLogicTask    freertos.o
    0x080156ec   0x080156ec   0x0000004c   Code   RO          827    i.Start_I2c         pcf8562.o
    0x08015738   0x08015738   0x0000003c   Code   RO          828    i.Stop_I2c          pcf8562.o
    0x08015774   0x08015774   0x0000002c   Code   RO         6919    i.SysTick_Handler   port.o
    0x080157a0   0x080157a0   0x000000a0   Code   RO           15    i.SystemClock_Config  main.o
    0x08015840   0x08015840   0x0000001c   Code   RO         5318    i.SystemInit        system_stm32f4xx.o
    0x0801585c   0x0801585c   0x0000000c   Code   RO          401    i.TIM1_UP_TIM10_IRQHandler  stm32f4xx_it.o
    0x08015868   0x08015868   0x000000c8   Code   RO         3788    i.TIM_Base_SetConfig  stm32f4xx_hal_tim.o
    0x08015930   0x08015930   0x0000000c   Code   RO          402    i.UART4_IRQHandler  stm32f4xx_it.o
    0x0801593c   0x0801593c   0x00000010   Code   RO         4664    i.UART_DMAAbortOnError  stm32f4xx_hal_uart.o
    0x0801594c   0x0801594c   0x0000001c   Code   RO         4674    i.UART_EndRxTransfer  stm32f4xx_hal_uart.o
    0x08015968   0x08015968   0x00000068   Code   RO         1462    i.UART_Init         usart_hk_ip.o
    0x080159d0   0x080159d0   0x00000096   Code   RO         4676    i.UART_Receive_IT   stm32f4xx_hal_uart.o
    0x08015a66   0x08015a66   0x00000002   PAD
    0x08015a68   0x08015a68   0x00000074   Code   RO         1463    i.UART_SendData     usart_hk_ip.o
    0x08015adc   0x08015adc   0x00000128   Code   RO         4677    i.UART_SetConfig    stm32f4xx_hal_uart.o
    0x08015c04   0x08015c04   0x00000034   Code   RO         1288    i.UART_TCP_init     uart_tcp.o
    0x08015c38   0x08015c38   0x00000062   Code   RO         4678    i.UART_Transmit_IT  stm32f4xx_hal_uart.o
    0x08015c9a   0x08015c9a   0x00000064   Code   RO         4679    i.UART_WaitOnFlagUntilTimeout  stm32f4xx_hal_uart.o
    0x08015cfe   0x08015cfe   0x00000002   PAD
    0x08015d00   0x08015d00   0x00000088   Code   RO          403    i.USART1_IRQHandler  stm32f4xx_it.o
    0x08015d88   0x08015d88   0x00000002   Code   RO          404    i.UsageFault_Handler  stm32f4xx_it.o
    0x08015d8a   0x08015d8a   0x00000020   Code   RO         2878    i.__NVIC_SetPriority  stm32f4xx_hal_cortex.o
    0x08015daa   0x08015daa   0x0000000e   Code   RO         7341    i.__scatterload_copy  mc_w.l(handlers.o)
    0x08015db8   0x08015db8   0x00000002   Code   RO         7342    i.__scatterload_null  mc_w.l(handlers.o)
    0x08015dba   0x08015dba   0x0000000e   Code   RO         7343    i.__scatterload_zeroinit  mc_w.l(handlers.o)
    0x08015dc8   0x08015dc8   0x0000003e   Code   RO         1178    i.addRoundKey       aes.o
    0x08015e06   0x08015e06   0x000000a4   Code   RO         1179    i.aesDecrypt        aes.o
    0x08015eaa   0x08015eaa   0x000000a2   Code   RO         1180    i.aesEncrypt        aes.o
    0x08015f4c   0x08015f4c   0x000000b8   Code   RO          976    i.alarm_io_scan     keybord.o
    0x08016004   0x08016004   0x0000001a   Code   RO         1464    i.crc16             usart_hk_ip.o
    0x0801601e   0x0801601e   0x00000002   PAD
    0x08016020   0x08016020   0x0000002c   Code   RO         1465    i.crc16_JS          usart_hk_ip.o
    0x0801604c   0x0801604c   0x0000008c   Code   RO         1051    i.get_addr          func.o
    0x080160d8   0x080160d8   0x0000014e   Code   RO         1052    i.init_EEPROM       func.o
    0x08016226   0x08016226   0x00000002   PAD
    0x08016228   0x08016228   0x00000090   Code   RO         1181    i.invMixColumns     aes.o
    0x080162b8   0x080162b8   0x0000005c   Code   RO         1182    i.invShiftRows      aes.o
    0x08016314   0x08016314   0x00000028   Code   RO         1183    i.invSubBytes       aes.o
    0x0801633c   0x0801633c   0x000000bc   Code   RO         1184    i.keyExpansion      aes.o
    0x080163f8   0x080163f8   0x000000a0   Code   RO          977    i.key_scan          keybord.o
    0x08016498   0x08016498   0x000004e6   Code   RO         1121    i.lcd_show          disp.o
    0x0801697e   0x0801697e   0x00000002   PAD
    0x08016980   0x08016980   0x00000022   Code   RO         1185    i.loadStateArray    aes.o
    0x080169a2   0x080169a2   0x0000004e   Code   RO           16    i.main              main.o
    0x080169f0   0x080169f0   0x00000090   Code   RO         1186    i.mixColumns        aes.o
    0x08016a80   0x08016a80   0x00000034   Code   RO         6442    i.osDelay           cmsis_os2.o
    0x08016ab4   0x08016ab4   0x00000034   Code   RO         6456    i.osKernelInitialize  cmsis_os2.o
    0x08016ae8   0x08016ae8   0x0000003c   Code   RO         6459    i.osKernelStart     cmsis_os2.o
    0x08016b24   0x08016b24   0x00000080   Code   RO         6462    i.osMessageQueueGet  cmsis_os2.o
    0x08016ba4   0x08016ba4   0x00000074   Code   RO         6467    i.osMessageQueueNew  cmsis_os2.o
    0x08016c18   0x08016c18   0x00000084   Code   RO         6468    i.osMessageQueuePut  cmsis_os2.o
    0x08016c9c   0x08016c9c   0x000000a4   Code   RO         6492    i.osThreadNew       cmsis_os2.o
    0x08016d40   0x08016d40   0x0000005c   Code   RO         5923    i.prvAddCurrentTaskToDelayedList  tasks.o
    0x08016d9c   0x08016d9c   0x000000d0   Code   RO         5924    i.prvAddNewTaskToReadyList  tasks.o
    0x08016e6c   0x08016e6c   0x00000058   Code   RO         6276    i.prvCheckForValidListAndQueue  timers.o
    0x08016ec4   0x08016ec4   0x00000026   Code   RO         5523    i.prvCopyDataFromQueue  queue.o
    0x08016eea   0x08016eea   0x0000006c   Code   RO         5524    i.prvCopyDataToQueue  queue.o
    0x08016f56   0x08016f56   0x00000034   Code   RO         5925    i.prvDeleteTCB      tasks.o
    0x08016f8a   0x08016f8a   0x00000002   PAD
    0x08016f8c   0x08016f8c   0x0000004c   Code   RO         6869    i.prvHeapInit       heap_4.o
    0x08016fd8   0x08016fd8   0x00000060   Code   RO         5926    i.prvIdleTask       tasks.o
    0x08017038   0x08017038   0x00000022   Code   RO         5526    i.prvInitialiseNewQueue  queue.o
    0x0801705a   0x0801705a   0x00000002   PAD
    0x0801705c   0x0801705c   0x000000b0   Code   RO         5927    i.prvInitialiseNewTask  tasks.o
    0x0801710c   0x0801710c   0x0000004c   Code   RO         6870    i.prvInsertBlockIntoFreeList  heap_4.o
    0x08017158   0x08017158   0x00000038   Code   RO         6278    i.prvInsertTimerInActiveList  timers.o
    0x08017190   0x08017190   0x0000001c   Code   RO         5527    i.prvIsQueueEmpty   queue.o
    0x080171ac   0x080171ac   0x000000fc   Code   RO         6279    i.prvProcessReceivedCommands  timers.o
    0x080172a8   0x080172a8   0x000000c0   Code   RO         6280    i.prvProcessTimerOrBlockTask  timers.o
    0x08017368   0x08017368   0x00000020   Code   RO         5929    i.prvResetNextTaskUnblockTime  tasks.o
    0x08017388   0x08017388   0x00000028   Code   RO         6281    i.prvSampleTimeNow  timers.o
    0x080173b0   0x080173b0   0x0000006c   Code   RO         6282    i.prvSwitchTimerLists  timers.o
    0x0801741c   0x0801741c   0x00000028   Code   RO         6920    i.prvTaskExitError  port.o
    0x08017444   0x08017444   0x00000024   Code   RO         6283    i.prvTimerTask      timers.o
    0x08017468   0x08017468   0x0000006a   Code   RO         5528    i.prvUnlockQueue    queue.o
    0x080174d2   0x080174d2   0x00000002   PAD
    0x080174d4   0x080174d4   0x000000d8   Code   RO         6871    i.pvPortMalloc      heap_4.o
    0x080175ac   0x080175ac   0x0000002c   Code   RO         6921    i.pxPortInitialiseStack  port.o
    0x080175d8   0x080175d8   0x0000005c   Code   RO         1187    i.shiftRows         aes.o
    0x08017634   0x08017634   0x00000022   Code   RO         1188    i.storeStateArray   aes.o
    0x08017656   0x08017656   0x00000002   PAD
    0x08017658   0x08017658   0x00000028   Code   RO         1189    i.subBytes          aes.o
    0x08017680   0x08017680   0x00000010   Code   RO           17    i.sys_nvic_set_vector_table  main.o
    0x08017690   0x08017690   0x00000026   Code   RO         5483    i.uxListRemove      list.o
    0x080176b6   0x080176b6   0x00000002   PAD
    0x080176b8   0x080176b8   0x00000014   Code   RO         6504    i.vApplicationGetIdleTaskMemory  cmsis_os2.o
    0x080176cc   0x080176cc   0x00000018   Code   RO         6505    i.vApplicationGetTimerTaskMemory  cmsis_os2.o
    0x080176e4   0x080176e4   0x00000060   Code   RO          978    i.vDinputTask       keybord.o
    0x08017744   0x08017744   0x00000154   Code   RO         1122    i.vDisplayTask      disp.o
    0x08017898   0x08017898   0x00000050   Code   RO          566    i.vI2C_init         eeprom.o
    0x080178e8   0x080178e8   0x00000016   Code   RO         5484    i.vListInitialise   list.o
    0x080178fe   0x080178fe   0x00000006   Code   RO         5485    i.vListInitialiseItem  list.o
    0x08017904   0x08017904   0x00000030   Code   RO         5486    i.vListInsert       list.o
    0x08017934   0x08017934   0x00000018   Code   RO         5487    i.vListInsertEnd    list.o
    0x0801794c   0x0801794c   0x00000040   Code   RO         6923    i.vPortEnterCritical  port.o
    0x0801798c   0x0801798c   0x00000028   Code   RO         6924    i.vPortExitCritical  port.o
    0x080179b4   0x080179b4   0x0000005c   Code   RO         6872    i.vPortFree         heap_4.o
    0x08017a10   0x08017a10   0x00000024   Code   RO         6925    i.vPortSetupTimerInterrupt  port.o
    0x08017a34   0x08017a34   0x00000054   Code   RO         6926    i.vPortValidateInterruptPriority  port.o
    0x08017a88   0x08017a88   0x00000028   Code   RO         5534    i.vQueueAddToRegistry  queue.o
    0x08017ab0   0x08017ab0   0x00000044   Code   RO         5538    i.vQueueWaitForMessageRestricted  queue.o
    0x08017af4   0x08017af4   0x0000004c   Code   RO         5941    i.vTaskDelay        tasks.o
    0x08017b40   0x08017b40   0x00000010   Code   RO         5946    i.vTaskInternalSetTimeOutState  tasks.o
    0x08017b50   0x08017b50   0x0000000c   Code   RO         5947    i.vTaskMissedYield  tasks.o
    0x08017b5c   0x08017b5c   0x00000030   Code   RO         5949    i.vTaskPlaceOnEventList  tasks.o
    0x08017b8c   0x08017b8c   0x00000038   Code   RO         5950    i.vTaskPlaceOnEventListRestricted  tasks.o
    0x08017bc4   0x08017bc4   0x00000088   Code   RO         5958    i.vTaskStartScheduler  tasks.o
    0x08017c4c   0x08017c4c   0x00000010   Code   RO         5960    i.vTaskSuspendAll   tasks.o
    0x08017c5c   0x08017c5c   0x00000064   Code   RO         5961    i.vTaskSwitchContext  tasks.o
    0x08017cc0   0x08017cc0   0x000011b4   Code   RO         1467    i.vUART_TASK        usart_hk_ip.o
    0x08018e74   0x08018e74   0x00000fb0   Code   RO         1291    i.vUART_TCP_TASK    uart_tcp.o
    0x08019e24   0x08019e24   0x000004e4   Code   RO         1292    i.vUartTCPConnect   uart_tcp.o
    0x0801a308   0x0801a308   0x00000080   Code   RO         1293    i.vUartTCPRegister  uart_tcp.o
    0x0801a388   0x0801a388   0x00000070   Code   RO         1294    i.vUartTCPSend      uart_tcp.o
    0x0801a3f8   0x0801a3f8   0x00000154   Code   RO          567    i.vWriteEETask      eeprom.o
    0x0801a54c   0x0801a54c   0x000000f4   Code   RO         6927    i.xPortStartScheduler  port.o
    0x0801a640   0x0801a640   0x00000048   Code   RO         5543    i.xQueueGenericCreate  queue.o
    0x0801a688   0x0801a688   0x00000066   Code   RO         5544    i.xQueueGenericCreateStatic  queue.o
    0x0801a6ee   0x0801a6ee   0x00000002   PAD
    0x0801a6f0   0x0801a6f0   0x00000088   Code   RO         5545    i.xQueueGenericReset  queue.o
    0x0801a778   0x0801a778   0x00000160   Code   RO         5546    i.xQueueGenericSend  queue.o
    0x0801a8d8   0x0801a8d8   0x000000bc   Code   RO         5547    i.xQueueGenericSendFromISR  queue.o
    0x0801a994   0x0801a994   0x00000138   Code   RO         5556    i.xQueueReceive     queue.o
    0x0801aacc   0x0801aacc   0x0000009a   Code   RO         5557    i.xQueueReceiveFromISR  queue.o
    0x0801ab66   0x0801ab66   0x00000002   PAD
    0x0801ab68   0x0801ab68   0x00000628   Code   RO          694    i.xStartPulseTask   powerpulse.o
    0x0801b190   0x0801b190   0x00000074   Code   RO         5962    i.xTaskCheckForTimeOut  tasks.o
    0x0801b204   0x0801b204   0x0000005a   Code   RO         5963    i.xTaskCreate       tasks.o
    0x0801b25e   0x0801b25e   0x00000056   Code   RO         5964    i.xTaskCreateStatic  tasks.o
    0x0801b2b4   0x0801b2b4   0x0000001c   Code   RO         5968    i.xTaskGetSchedulerState  tasks.o
    0x0801b2d0   0x0801b2d0   0x0000000c   Code   RO         5969    i.xTaskGetTickCount  tasks.o
    0x0801b2dc   0x0801b2dc   0x000000c8   Code   RO         5971    i.xTaskIncrementTick  tasks.o
    0x0801b3a4   0x0801b3a4   0x00000080   Code   RO         5974    i.xTaskPriorityDisinherit  tasks.o
    0x0801b424   0x0801b424   0x00000070   Code   RO         5976    i.xTaskRemoveFromEventList  tasks.o
    0x0801b494   0x0801b494   0x000000c4   Code   RO         5977    i.xTaskResumeAll    tasks.o
    0x0801b558   0x0801b558   0x00000060   Code   RO         6291    i.xTimerCreateTimerTask  timers.o
    0x0801b5b8   0x0801b5b8   0x00000068   Code   RO         6292    i.xTimerGenericCommand  timers.o
    0x0801b620   0x0801b620   0x000000b4   Data   RO          329    .constdata          freertos.o
    0x0801b6d4   0x0801b6d4   0x000003a2   Data   RO          696    .constdata          powerpulse.o
    0x0801ba76   0x0801ba76   0x0000000a   Data   RO          832    .constdata          pcf8562.o
    0x0801ba80   0x0801ba80   0x0000000a   Data   RO          833    .constdata          pcf8562.o
    0x0801ba8a   0x0801ba8a   0x0000000a   Data   RO          834    .constdata          pcf8562.o
    0x0801ba94   0x0801ba94   0x00000048   Data   RO         1190    .constdata          aes.o
    0x0801badc   0x0801badc   0x00000940   Data   RO         1296    .constdata          uart_tcp.o
    0x0801c41c   0x0801c41c   0x00000200   Data   RO         1469    .constdata          usart_hk_ip.o
    0x0801c61c   0x0801c61c   0x00000008   Data   RO         2595    .constdata          stm32f4xx_hal_dma.o
    0x0801c624   0x0801c624   0x00000010   Data   RO         5319    .constdata          system_stm32f4xx.o
    0x0801c634   0x0801c634   0x00000008   Data   RO         5320    .constdata          system_stm32f4xx.o
    0x0801c63c   0x0801c63c   0x00000040   Data   RO         7337    .constdata          mc_w.l(ctype_c.o)
    0x0801c67c   0x0801c67c   0x0000003c   Data   RO          331    .conststring        freertos.o
    0x0801c6b8   0x0801c6b8   0x0000000a   Data   RO          697    .conststring        powerpulse.o
    0x0801c6c2   0x0801c6c2   0x00000002   PAD
    0x0801c6c4   0x0801c6c4   0x00000687   Data   RO         1307    .conststring        uart_tcp.o
    0x0801cd4b   0x0801cd4b   0x00000001   PAD
    0x0801cd4c   0x0801cd4c   0x00000020   Data   RO         7339    Region$$Table       anon$$obj.o


    Execution Region RW_IRAM1 (Exec base: 0x20004000, Load base: 0x0801cd6c, Size: 0x00009c48, Max: 0x00020000, ABSOLUTE, COMPRESSED[0x000002b8])

    Exec Addr    Load Addr    Size         Type   Attr      Idx    E Section Name        Object

    0x20004000   COMPRESSED   0x00000004   Data   RW           18    .data               main.o
    0x20004004   COMPRESSED   0x00000036   Data   RW          333    .data               freertos.o
    0x2000403a   COMPRESSED   0x00000002   PAD
    0x2000403c   COMPRESSED   0x00000004   Data   RW          570    .data               eeprom.o
    0x20004040   COMPRESSED   0x0000002c   Data   RW          698    .data               powerpulse.o
    0x2000406c   COMPRESSED   0x00000002   Data   RW          836    .data               pcf8562.o
    0x2000406e   COMPRESSED   0x00000001   Data   RW          979    .data               keybord.o
    0x2000406f   COMPRESSED   0x00000001   PAD
    0x20004070   COMPRESSED   0x00000011   Data   RW          980    .data               keybord.o
    0x20004081   COMPRESSED   0x00000200   Data   RW         1191    .data               aes.o
    0x20004281   COMPRESSED   0x00000003   PAD
    0x20004284   COMPRESSED   0x000000ac   Data   RW         1308    .data               uart_tcp.o
    0x20004330   COMPRESSED   0x00000098   Data   RW         1470    .data               usart_hk_ip.o
    0x200043c8   COMPRESSED   0x0000000c   Data   RW         3022    .data               stm32f4xx_hal.o
    0x200043d4   COMPRESSED   0x00000004   Data   RW         5321    .data               system_stm32f4xx.o
    0x200043d8   COMPRESSED   0x0000003c   Data   RW         5980    .data               tasks.o
    0x20004414   COMPRESSED   0x00000014   Data   RW         6300    .data               timers.o
    0x20004428   COMPRESSED   0x00000004   Data   RW         6507    .data               cmsis_os2.o
    0x2000442c   COMPRESSED   0x00000018   Data   RW         6877    .data               heap_4.o
    0x20004444   COMPRESSED   0x0000000c   Data   RW         6928    .data               port.o
    0x20004450   COMPRESSED   0x00000004   Data   RW         7001    .data               mc_w.l(rand.o)
    0x20004454        -       0x00000150   Zero   RW          282    .bss                adc.o
    0x200045a4        -       0x00000028   Zero   RW          328    .bss                freertos.o
    0x200045cc        -       0x00000040   Zero   RW          514    .bss                stm32f4xx_hal_timebase_tim.o
    0x2000460c        -       0x00000014   Zero   RW          568    .bss                eeprom.o
    0x20004620        -       0x00000128   Zero   RW          695    .bss                powerpulse.o
    0x20004748        -       0x00000046   Zero   RW          831    .bss                pcf8562.o
    0x2000478e   COMPRESSED   0x00000002   PAD
    0x20004790        -       0x00000b07   Zero   RW         1295    .bss                uart_tcp.o
    0x20005297   COMPRESSED   0x00000001   PAD
    0x20005298        -       0x000000b8   Zero   RW         1468    .bss                usart_hk_ip.o
    0x20005350        -       0x00000020   Zero   RW         1573    .bss                rtc.o
    0x20005370        -       0x00000040   Zero   RW         5560    .bss                queue.o
    0x200053b0        -       0x000004c4   Zero   RW         5979    .bss                tasks.o
    0x20005874        -       0x00000118   Zero   RW         6299    .bss                timers.o
    0x2000598c        -       0x000006b8   Zero   RW         6506    .bss                cmsis_os2.o
    0x20006044        -       0x00007800   Zero   RW         6876    .bss                heap_4.o
    0x2000d844   COMPRESSED   0x00000004   PAD
    0x2000d848        -       0x00000400   Zero   RW            1    STACK               startup_stm32f407xx.o


==============================================================================

Image component sizes


      Code (inc. data)   RO Data    RW Data    ZI Data      Debug   Object Name

       600         52          0          0        336       2722   adc.o
      1238         28         72        512          0      11244   aes.o
       748         56          0          4       1720      30158   cmsis_os2.o
      1594         44          0          0          0       3519   disp.o
        60          4          0          0          0        782   dma.o
      1388         54          0          4         20      11431   eeprom.o
         0          0          0          0          0      18412   event_groups.o
      2060         94        240         54         40       6338   freertos.o
      1454         56          0          0          0       5213   func.o
       272         28          0          0          0       2022   gpio.o
       460         24          0         24      30720       4835   heap_4.o
       756         64          0         18          0       8517   keybord.o
       138          0          0          0          0       3610   list.o
       308         24          0          4          0     734032   main.o
      1522         80         30          2         70      13116   pcf8562.o
       786         82          0         12          0      11705   port.o
      2364        132        940         44        296      17108   powerpulse.o
      1738         20          0          0         64      20089   queue.o
       132         16          0          0         32       1559   rtc.o
         0          0          0          0          0        400   segger_rtt.o
        36          8        392          0       1024        844   startup_stm32f407xx.o
        80         14          0         12          0       8130   stm32f4xx_hal.o
      1480         64          0          0          0       8430   stm32f4xx_hal_adc.o
         2          0          0          0          0       1001   stm32f4xx_hal_adc_ex.o
       228         24          0          0          0      34547   stm32f4xx_hal_cortex.o
       938         16          8          0          0       6542   stm32f4xx_hal_dma.o
       834         86          0          0          0       4690   stm32f4xx_hal_gpio.o
        56          4          0          0          0        858   stm32f4xx_hal_msp.o
      1396         86          0          0          0       5957   stm32f4xx_hal_rcc.o
       624         44          0          0          0       2281   stm32f4xx_hal_rcc_ex.o
       916         30          0          0          0       7604   stm32f4xx_hal_rtc.o
       656         44          0          0          0       7352   stm32f4xx_hal_tim.o
         4          0          0          0          0       1633   stm32f4xx_hal_tim_ex.o
       116         16          0          0         64       1423   stm32f4xx_hal_timebase_tim.o
      1382         16          0          0          0      10028   stm32f4xx_hal_uart.o
       224         52          0          0          0       6624   stm32f4xx_it.o
        28          6         24          4          0       1155   system_stm32f4xx.o
      2084        170          0         60       1220      27168   tasks.o
       972         80          0         20        280      32191   timers.o
      8570       1448       4039        172       2823      51529   uart_tcp.o
      5756        200        512        152        184      15004   usart_hk_ip.o

    ----------------------------------------------------------------------
     44064       3266       6292       1104      38900    1141803   Object Totals
         0          0         32          0          0          0   (incl. Generated)
        64          0          3          6          7          0   (incl. Padding)

    ----------------------------------------------------------------------

      Code (inc. data)   RO Data    RW Data    ZI Data      Debug   Library Member Name

        56          8          0          0          0         84   __0sscanf.o
        86          0          0          0          0          0   __dczerorl2.o
        28          0          0          0          0         68   _chval.o
       816          6          0          0          0        112   _scanf.o
       332          0          0          0          0         96   _scanf_int.o
       224          0          0          0          0         96   _scanf_str.o
        64          0          0          0          0         84   _sgetc.o
        40          6         64          0          0         68   ctype_c.o
         0          0          0          0          0          0   entry.o
         0          0          0          0          0          0   entry10a.o
         0          0          0          0          0          0   entry11a.o
         4          0          0          0          0          0   entry12b.o
         8          4          0          0          0          0   entry2.o
         4          0          0          0          0          0   entry5.o
         0          0          0          0          0          0   entry7b.o
         0          0          0          0          0          0   entry8b.o
         8          4          0          0          0          0   entry9a.o
        30          0          0          0          0          0   handlers.o
        36          8          0          0          0         68   init.o
        10          0          0          0          0         68   isspace_c.o
        30          0          0          0          0         68   llshl.o
        32          0          0          0          0         68   llushr.o
        36          0          0          0          0         68   memcpya.o
        36          0          0          0          0        108   memseta.o
        36         10          0          4          0        136   rand.o
        40          8          0          0          0         84   scanf_char.o
        18          0          0          0          0         68   strcpy.o
        14          0          0          0          0         68   strlen.o
        40          0          0          0          0         76   strncat.o
        36          0          0          0          0         80   strstr.o
        98          0          0          0          0         92   uldiv.o

    ----------------------------------------------------------------------
      2168         54         64          4          0       1660   Library Totals
         6          0          0          0          0          0   (incl. Padding)

    ----------------------------------------------------------------------

      Code (inc. data)   RO Data    RW Data    ZI Data      Debug   Library Name

      2162         54         64          4          0       1660   mc_w.l

    ----------------------------------------------------------------------
      2168         54         64          4          0       1660   Library Totals

    ----------------------------------------------------------------------

==============================================================================


      Code (inc. data)   RO Data    RW Data    ZI Data      Debug   

     46232       3320       6356       1108      38900    1115815   Grand Totals
     46232       3320       6356        696      38900    1115815   ELF Image Totals (compressed)
     46232       3320       6356        696          0          0   ROM Totals

==============================================================================

    Total RO  Size (Code + RO Data)                52588 (  51.36kB)
    Total RW  Size (RW Data + ZI Data)             40008 (  39.07kB)
    Total ROM Size (Code + RO Data + RW Data)      53284 (  52.04kB)

==============================================================================

