Component: ARM Compiler 5.06 update 6 (build 750) Tool: armlink [4d35ed]

==============================================================================

Section Cross References

    main.o(.text) refers to delay.o(.text) for delay_init
    main.o(.text) refers to misc.o(.text) for NVIC_PriorityGroupConfig
    main.o(.text) refers to usart.o(.text) for uart_init
    main.o(.text) refers to usart2.o(.text) for usart2_init
    main.o(.text) refers to printf5.o(i.__0printf$5) for __2printf
    main.o(.text) refers to 4g.o(.text) for OTA_4G
    main.o(.text) refers to memseta.o(.text) for __aeabi_memclr4
    main.o(.text) refers to usart2.o(.bss) for struct_usart2
    stm32f10x_it.o(.text) refers to stm32f10x_usart.o(.text) for USART_GetITStatus
    stm32f10x_it.o(.text) refers to strstr.o(.text) for strstr
    stm32f10x_it.o(.text) refers to test.o(.data) for numgh
    stm32f10x_it.o(.text) refers to bsp_esp8266.o(.bss) for strEsp8266_Fram_Record
    system_stm32f10x.o(.text) refers to system_stm32f10x.o(.data) for SystemCoreClock
    wenzheng_ota.o(.text) refers to stm32f10x_flash.o(.text) for FLASH_Unlock
    wenzheng_ota.o(.text) refers to printf5.o(i.__0printf$5) for __2printf
    wenzheng_ota.o(.text) refers to sys.o(.emb_text) for MSR_MSP
    key.o(.text) refers to stm32f10x_rcc.o(.text) for RCC_APB2PeriphClockCmd
    key.o(.text) refers to stm32f10x_gpio.o(.text) for GPIO_Init
    key.o(.text) refers to delay.o(.text) for delay_ms
    key.o(.text) refers to key.o(.data) for key_up
    delay.o(.text) refers to misc.o(.text) for SysTick_CLKSourceConfig
    delay.o(.text) refers to system_stm32f10x.o(.data) for SystemCoreClock
    delay.o(.text) refers to delay.o(.data) for fac_us
    usart.o(.text) refers to stm32f10x_rcc.o(.text) for RCC_APB2PeriphClockCmd
    usart.o(.text) refers to stm32f10x_gpio.o(.text) for GPIO_Init
    usart.o(.text) refers to misc.o(.text) for NVIC_Init
    usart.o(.text) refers to stm32f10x_usart.o(.text) for USART_Init
    usart.o(.text) refers to usart.o(.data) for USART_RX_STA
    usart.o(.text) refers to usart.o(.bss) for USART_RX_BUF
    startup_stm32f10x_hd.o(RESET) refers to startup_stm32f10x_hd.o(STACK) for __initial_sp
    startup_stm32f10x_hd.o(RESET) refers to startup_stm32f10x_hd.o(.text) for Reset_Handler
    startup_stm32f10x_hd.o(RESET) refers to stm32f10x_it.o(.text) for NMI_Handler
    startup_stm32f10x_hd.o(RESET) refers to usart.o(.text) for USART1_IRQHandler
    startup_stm32f10x_hd.o(RESET) refers to usart2.o(.text) for USART2_IRQHandler
    startup_stm32f10x_hd.o(.text) refers to system_stm32f10x.o(.text) for SystemInit
    startup_stm32f10x_hd.o(.text) refers to entry.o(.ARM.Collect$$$$00000000) for __main
    stm32f10x_gpio.o(.text) refers to stm32f10x_rcc.o(.text) for RCC_APB2PeriphResetCmd
    stm32f10x_rcc.o(.text) refers to stm32f10x_rcc.o(.data) for APBAHBPrescTable
    stm32f10x_usart.o(.text) refers to stm32f10x_rcc.o(.text) for RCC_APB2PeriphResetCmd
    bsp_esp8266.o(.text) refers to misc.o(.text) for NVIC_PriorityGroupConfig
    bsp_esp8266.o(.text) refers to stm32f10x_rcc.o(.text) for RCC_APB1PeriphClockCmd
    bsp_esp8266.o(.text) refers to stm32f10x_gpio.o(.text) for GPIO_Init
    bsp_esp8266.o(.text) refers to stm32f10x_usart.o(.text) for USART_Init
    bsp_esp8266.o(.text) refers to delay.o(.text) for delay_ms
    bsp_esp8266.o(.text) refers to printf5.o(i.__0printf$5) for __2printf
    bsp_esp8266.o(.text) refers to common.o(.text) for USART_printf
    bsp_esp8266.o(.text) refers to strstr.o(.text) for strstr
    bsp_esp8266.o(.text) refers to printf5.o(i.__0sprintf$5) for __2sprintf
    bsp_esp8266.o(.text) refers to memseta.o(.text) for __aeabi_memclr4
    bsp_esp8266.o(.text) refers to bsp_esp8266.o(.bss) for strEsp8266_Fram_Record
    common.o(.text) refers to stm32f10x_usart.o(.text) for USART_SendData
    test.o(.text) refers to bsp_esp8266.o(.text) for ESP8266_ExitUnvarnishSend
    test.o(.text) refers to printf5.o(i.__0printf$5) for __2printf
    test.o(.text) refers to strstr.o(.text) for strstr
    test.o(.text) refers to strlen.o(.text) for strlen
    test.o(.text) refers to memcpya.o(.text) for __aeabi_memcpy
    test.o(.text) refers to delay.o(.text) for Delay_ms
    test.o(.text) refers to memseta.o(.text) for __aeabi_memclr4
    test.o(.text) refers to wenzheng_ota.o(.text) for ReadFlash
    test.o(.text) refers to stm32f10x_gpio.o(.text) for GPIO_SetBits
    test.o(.text) refers to test.o(.data) for ucTcpClosedFlag
    test.o(.text) refers to bsp_esp8266.o(.bss) for strEsp8266_Fram_Record
    test.o(.text) refers to test.o(.constdata) for .constdata
    malloc.o(.text) refers to malloc.o(.data) for mallco_dev
    malloc.o(.data) refers to malloc.o(.text) for mem_init
    malloc.o(.data) refers to malloc.o(.bss) for membase
    mqtt_8266.o(.text) refers to stm32f10x_usart.o(.text) for USART_GetFlagStatus
    mqtt_8266.o(.text) refers to printf5.o(i.__0printf$5) for __2printf
    mqtt_8266.o(.text) refers to delay.o(.text) for Delay_ms
    mqtt_8266.o(.text) refers to strlen.o(.text) for strlen
    mqtt_8266.o(.text) refers to memcpya.o(.text) for __aeabi_memcpy
    mqtt_8266.o(.text) refers to memseta.o(.text) for __aeabi_memclr
    mqtt_8266.o(.text) refers to bsp_esp8266.o(.bss) for strEsp8266_Fram_Record
    mqtt_8266.o(.text) refers to mqtt_8266.o(.data) for MQTT_TxLen
    mqtt_8266.o(.text) refers to mqtt_8266.o(.bss) for usart1_txbuf
    mqtt_8266.o(.text) refers to mqtt_8266.o(.constdata) for parket_connetAck
    usart2.o(.text) refers to stm32f10x_rcc.o(.text) for RCC_APB1PeriphClockCmd
    usart2.o(.text) refers to stm32f10x_gpio.o(.text) for GPIO_Init
    usart2.o(.text) refers to misc.o(.text) for NVIC_Init
    usart2.o(.text) refers to stm32f10x_usart.o(.text) for USART_Init
    usart2.o(.text) refers to printf5.o(i.__0printf$5) for __2printf
    usart2.o(.text) refers to printf5.o(i.__0sprintf$5) for __2sprintf
    usart2.o(.text) refers to strlen.o(.text) for strlen
    usart2.o(.text) refers to delay.o(.text) for Delay_ms
    usart2.o(.text) refers to strstr.o(.text) for strstr
    usart2.o(.text) refers to usart2.o(.bss) for struct_usart2
    4g.o(.text) refers to stm32f10x_rcc.o(.text) for RCC_APB2PeriphClockCmd
    4g.o(.text) refers to stm32f10x_gpio.o(.text) for GPIO_Init
    4g.o(.text) refers to delay.o(.text) for Delay_ms
    4g.o(.text) refers to usart2.o(.text) for AT_Cmd
    4g.o(.text) refers to test.o(.text) for Find_string
    4g.o(.text) refers to printf5.o(i.__0printf$5) for __2printf
    4g.o(.text) refers to wenzheng_ota.o(.text) for Erase_page
    4g.o(.text) refers to printf5.o(i.__0sprintf$5) for __2sprintf
    4g.o(.text) refers to 4g.o(.conststring) for .conststring
    4g.o(.text) refers to usart2.o(.bss) for struct_usart2
    entry.o(.ARM.Collect$$$$00000000) refers (Special) to entry10a.o(.ARM.Collect$$$$0000000D) for __rt_final_cpp
    entry.o(.ARM.Collect$$$$00000000) refers (Special) to entry11a.o(.ARM.Collect$$$$0000000F) for __rt_final_exit
    entry.o(.ARM.Collect$$$$00000000) refers (Special) to entry7b.o(.ARM.Collect$$$$00000008) for _main_clock
    entry.o(.ARM.Collect$$$$00000000) refers (Special) to entry8b.o(.ARM.Collect$$$$0000000A) for _main_cpp_init
    entry.o(.ARM.Collect$$$$00000000) refers (Special) to entry9a.o(.ARM.Collect$$$$0000000B) for _main_init
    entry.o(.ARM.Collect$$$$00000000) refers (Special) to entry5.o(.ARM.Collect$$$$00000004) for _main_scatterload
    entry.o(.ARM.Collect$$$$00000000) refers (Special) to entry2.o(.ARM.Collect$$$$00000001) for _main_stk
    printfb.o(i.__0fprintf$bare) refers to printfb.o(i._printf_core) for _printf_core
    printfb.o(i.__0fprintf$bare) refers to usart.o(.text) for fputc
    printfb.o(i.__0printf$bare) refers to printfb.o(i._printf_core) for _printf_core
    printfb.o(i.__0printf$bare) refers to usart.o(.text) for fputc
    printfb.o(i.__0printf$bare) refers to usart.o(.data) for __stdout
    printfb.o(i.__0snprintf$bare) refers to printfb.o(i._printf_core) for _printf_core
    printfb.o(i.__0snprintf$bare) refers to printfb.o(i._snputc) for _snputc
    printfb.o(i.__0sprintf$bare) refers to printfb.o(i._printf_core) for _printf_core
    printfb.o(i.__0sprintf$bare) refers to printfb.o(i._sputc) for _sputc
    printfb.o(i.__0vfprintf$bare) refers to printfb.o(i._printf_core) for _printf_core
    printfb.o(i.__0vfprintf$bare) refers to usart.o(.text) for fputc
    printfb.o(i.__0vprintf$bare) refers to printfb.o(i._printf_core) for _printf_core
    printfb.o(i.__0vprintf$bare) refers to usart.o(.text) for fputc
    printfb.o(i.__0vprintf$bare) refers to usart.o(.data) for __stdout
    printfb.o(i.__0vsnprintf$bare) refers to printfb.o(i._printf_core) for _printf_core
    printfb.o(i.__0vsnprintf$bare) refers to printfb.o(i._snputc) for _snputc
    printfb.o(i.__0vsprintf$bare) refers to printfb.o(i._printf_core) for _printf_core
    printfb.o(i.__0vsprintf$bare) refers to printfb.o(i._sputc) for _sputc
    printf0.o(i.__0fprintf$0) refers to printf0.o(i._printf_core) for _printf_core
    printf0.o(i.__0fprintf$0) refers to usart.o(.text) for fputc
    printf0.o(i.__0printf$0) refers to printf0.o(i._printf_core) for _printf_core
    printf0.o(i.__0printf$0) refers to usart.o(.text) for fputc
    printf0.o(i.__0printf$0) refers to usart.o(.data) for __stdout
    printf0.o(i.__0snprintf$0) refers to printf0.o(i._printf_core) for _printf_core
    printf0.o(i.__0snprintf$0) refers to printf0.o(i._snputc) for _snputc
    printf0.o(i.__0sprintf$0) refers to printf0.o(i._printf_core) for _printf_core
    printf0.o(i.__0sprintf$0) refers to printf0.o(i._sputc) for _sputc
    printf0.o(i.__0vfprintf$0) refers to printf0.o(i._printf_core) for _printf_core
    printf0.o(i.__0vfprintf$0) refers to usart.o(.text) for fputc
    printf0.o(i.__0vprintf$0) refers to printf0.o(i._printf_core) for _printf_core
    printf0.o(i.__0vprintf$0) refers to usart.o(.text) for fputc
    printf0.o(i.__0vprintf$0) refers to usart.o(.data) for __stdout
    printf0.o(i.__0vsnprintf$0) refers to printf0.o(i._printf_core) for _printf_core
    printf0.o(i.__0vsnprintf$0) refers to printf0.o(i._snputc) for _snputc
    printf0.o(i.__0vsprintf$0) refers to printf0.o(i._printf_core) for _printf_core
    printf0.o(i.__0vsprintf$0) refers to printf0.o(i._sputc) for _sputc
    printf1.o(i.__0fprintf$1) refers to printf1.o(i._printf_core) for _printf_core
    printf1.o(i.__0fprintf$1) refers to usart.o(.text) for fputc
    printf1.o(i.__0printf$1) refers to printf1.o(i._printf_core) for _printf_core
    printf1.o(i.__0printf$1) refers to usart.o(.text) for fputc
    printf1.o(i.__0printf$1) refers to usart.o(.data) for __stdout
    printf1.o(i.__0snprintf$1) refers to printf1.o(i._printf_core) for _printf_core
    printf1.o(i.__0snprintf$1) refers to printf1.o(i._snputc) for _snputc
    printf1.o(i.__0sprintf$1) refers to printf1.o(i._printf_core) for _printf_core
    printf1.o(i.__0sprintf$1) refers to printf1.o(i._sputc) for _sputc
    printf1.o(i.__0vfprintf$1) refers to printf1.o(i._printf_core) for _printf_core
    printf1.o(i.__0vfprintf$1) refers to usart.o(.text) for fputc
    printf1.o(i.__0vprintf$1) refers to printf1.o(i._printf_core) for _printf_core
    printf1.o(i.__0vprintf$1) refers to usart.o(.text) for fputc
    printf1.o(i.__0vprintf$1) refers to usart.o(.data) for __stdout
    printf1.o(i.__0vsnprintf$1) refers to printf1.o(i._printf_core) for _printf_core
    printf1.o(i.__0vsnprintf$1) refers to printf1.o(i._snputc) for _snputc
    printf1.o(i.__0vsprintf$1) refers to printf1.o(i._printf_core) for _printf_core
    printf1.o(i.__0vsprintf$1) refers to printf1.o(i._sputc) for _sputc
    printf1.o(i._printf_core) refers to uidiv.o(.text) for __aeabi_uidivmod
    printf2.o(i.__0fprintf$2) refers to printf2.o(i._printf_core) for _printf_core
    printf2.o(i.__0fprintf$2) refers to usart.o(.text) for fputc
    printf2.o(i.__0printf$2) refers to printf2.o(i._printf_core) for _printf_core
    printf2.o(i.__0printf$2) refers to usart.o(.text) for fputc
    printf2.o(i.__0printf$2) refers to usart.o(.data) for __stdout
    printf2.o(i.__0snprintf$2) refers to printf2.o(i._printf_core) for _printf_core
    printf2.o(i.__0snprintf$2) refers to printf2.o(i._snputc) for _snputc
    printf2.o(i.__0sprintf$2) refers to printf2.o(i._printf_core) for _printf_core
    printf2.o(i.__0sprintf$2) refers to printf2.o(i._sputc) for _sputc
    printf2.o(i.__0vfprintf$2) refers to printf2.o(i._printf_core) for _printf_core
    printf2.o(i.__0vfprintf$2) refers to usart.o(.text) for fputc
    printf2.o(i.__0vprintf$2) refers to printf2.o(i._printf_core) for _printf_core
    printf2.o(i.__0vprintf$2) refers to usart.o(.text) for fputc
    printf2.o(i.__0vprintf$2) refers to usart.o(.data) for __stdout
    printf2.o(i.__0vsnprintf$2) refers to printf2.o(i._printf_core) for _printf_core
    printf2.o(i.__0vsnprintf$2) refers to printf2.o(i._snputc) for _snputc
    printf2.o(i.__0vsprintf$2) refers to printf2.o(i._printf_core) for _printf_core
    printf2.o(i.__0vsprintf$2) refers to printf2.o(i._sputc) for _sputc
    printf3.o(i.__0fprintf$3) refers to printf3.o(i._printf_core) for _printf_core
    printf3.o(i.__0fprintf$3) refers to usart.o(.text) for fputc
    printf3.o(i.__0printf$3) refers to printf3.o(i._printf_core) for _printf_core
    printf3.o(i.__0printf$3) refers to usart.o(.text) for fputc
    printf3.o(i.__0printf$3) refers to usart.o(.data) for __stdout
    printf3.o(i.__0snprintf$3) refers to printf3.o(i._printf_core) for _printf_core
    printf3.o(i.__0snprintf$3) refers to printf3.o(i._snputc) for _snputc
    printf3.o(i.__0sprintf$3) refers to printf3.o(i._printf_core) for _printf_core
    printf3.o(i.__0sprintf$3) refers to printf3.o(i._sputc) for _sputc
    printf3.o(i.__0vfprintf$3) refers to printf3.o(i._printf_core) for _printf_core
    printf3.o(i.__0vfprintf$3) refers to usart.o(.text) for fputc
    printf3.o(i.__0vprintf$3) refers to printf3.o(i._printf_core) for _printf_core
    printf3.o(i.__0vprintf$3) refers to usart.o(.text) for fputc
    printf3.o(i.__0vprintf$3) refers to usart.o(.data) for __stdout
    printf3.o(i.__0vsnprintf$3) refers to printf3.o(i._printf_core) for _printf_core
    printf3.o(i.__0vsnprintf$3) refers to printf3.o(i._snputc) for _snputc
    printf3.o(i.__0vsprintf$3) refers to printf3.o(i._printf_core) for _printf_core
    printf3.o(i.__0vsprintf$3) refers to printf3.o(i._sputc) for _sputc
    printf3.o(i._printf_core) refers to uidiv.o(.text) for __aeabi_uidivmod
    printf4.o(i.__0fprintf$4) refers to printf4.o(i._printf_core) for _printf_core
    printf4.o(i.__0fprintf$4) refers to usart.o(.text) for fputc
    printf4.o(i.__0printf$4) refers to printf4.o(i._printf_core) for _printf_core
    printf4.o(i.__0printf$4) refers to usart.o(.text) for fputc
    printf4.o(i.__0printf$4) refers to usart.o(.data) for __stdout
    printf4.o(i.__0snprintf$4) refers to printf4.o(i._printf_core) for _printf_core
    printf4.o(i.__0snprintf$4) refers to printf4.o(i._snputc) for _snputc
    printf4.o(i.__0sprintf$4) refers to printf4.o(i._printf_core) for _printf_core
    printf4.o(i.__0sprintf$4) refers to printf4.o(i._sputc) for _sputc
    printf4.o(i.__0vfprintf$4) refers to printf4.o(i._printf_core) for _printf_core
    printf4.o(i.__0vfprintf$4) refers to usart.o(.text) for fputc
    printf4.o(i.__0vprintf$4) refers to printf4.o(i._printf_core) for _printf_core
    printf4.o(i.__0vprintf$4) refers to usart.o(.text) for fputc
    printf4.o(i.__0vprintf$4) refers to usart.o(.data) for __stdout
    printf4.o(i.__0vsnprintf$4) refers to printf4.o(i._printf_core) for _printf_core
    printf4.o(i.__0vsnprintf$4) refers to printf4.o(i._snputc) for _snputc
    printf4.o(i.__0vsprintf$4) refers to printf4.o(i._printf_core) for _printf_core
    printf4.o(i.__0vsprintf$4) refers to printf4.o(i._sputc) for _sputc
    printf4.o(i._printf_core) refers to uldiv.o(.text) for __aeabi_uldivmod
    printf5.o(i.__0fprintf$5) refers to printf5.o(i._printf_core) for _printf_core
    printf5.o(i.__0fprintf$5) refers to usart.o(.text) for fputc
    printf5.o(i.__0printf$5) refers to printf5.o(i._printf_core) for _printf_core
    printf5.o(i.__0printf$5) refers to usart.o(.text) for fputc
    printf5.o(i.__0printf$5) refers to usart.o(.data) for __stdout
    printf5.o(i.__0snprintf$5) refers to printf5.o(i._printf_core) for _printf_core
    printf5.o(i.__0snprintf$5) refers to printf5.o(i._snputc) for _snputc
    printf5.o(i.__0sprintf$5) refers to printf5.o(i._printf_core) for _printf_core
    printf5.o(i.__0sprintf$5) refers to printf5.o(i._sputc) for _sputc
    printf5.o(i.__0vfprintf$5) refers to printf5.o(i._printf_core) for _printf_core
    printf5.o(i.__0vfprintf$5) refers to usart.o(.text) for fputc
    printf5.o(i.__0vprintf$5) refers to printf5.o(i._printf_core) for _printf_core
    printf5.o(i.__0vprintf$5) refers to usart.o(.text) for fputc
    printf5.o(i.__0vprintf$5) refers to usart.o(.data) for __stdout
    printf5.o(i.__0vsnprintf$5) refers to printf5.o(i._printf_core) for _printf_core
    printf5.o(i.__0vsnprintf$5) refers to printf5.o(i._snputc) for _snputc
    printf5.o(i.__0vsprintf$5) refers to printf5.o(i._printf_core) for _printf_core
    printf5.o(i.__0vsprintf$5) refers to printf5.o(i._sputc) for _sputc
    printf5.o(i._printf_core) refers to uldiv.o(.text) for __aeabi_uldivmod
    printf6.o(i.__0fprintf$6) refers to printf6.o(i._printf_core) for _printf_core
    printf6.o(i.__0fprintf$6) refers to usart.o(.text) for fputc
    printf6.o(i.__0printf$6) refers to printf6.o(i._printf_core) for _printf_core
    printf6.o(i.__0printf$6) refers to usart.o(.text) for fputc
    printf6.o(i.__0printf$6) refers to usart.o(.data) for __stdout
    printf6.o(i.__0snprintf$6) refers to printf6.o(i._printf_core) for _printf_core
    printf6.o(i.__0snprintf$6) refers to printf6.o(i._snputc) for _snputc
    printf6.o(i.__0sprintf$6) refers to printf6.o(i._printf_core) for _printf_core
    printf6.o(i.__0sprintf$6) refers to printf6.o(i._sputc) for _sputc
    printf6.o(i.__0vfprintf$6) refers to printf6.o(i._printf_core) for _printf_core
    printf6.o(i.__0vfprintf$6) refers to usart.o(.text) for fputc
    printf6.o(i.__0vprintf$6) refers to printf6.o(i._printf_core) for _printf_core
    printf6.o(i.__0vprintf$6) refers to usart.o(.text) for fputc
    printf6.o(i.__0vprintf$6) refers to usart.o(.data) for __stdout
    printf6.o(i.__0vsnprintf$6) refers to printf6.o(i._printf_core) for _printf_core
    printf6.o(i.__0vsnprintf$6) refers to printf6.o(i._snputc) for _snputc
    printf6.o(i.__0vsprintf$6) refers to printf6.o(i._printf_core) for _printf_core
    printf6.o(i.__0vsprintf$6) refers to printf6.o(i._sputc) for _sputc
    printf6.o(i._printf_core) refers to printf6.o(i._printf_pre_padding) for _printf_pre_padding
    printf6.o(i._printf_core) refers to uidiv.o(.text) for __aeabi_uidivmod
    printf6.o(i._printf_core) refers to printf6.o(i._printf_post_padding) for _printf_post_padding
    printf7.o(i.__0fprintf$7) refers to printf7.o(i._printf_core) for _printf_core
    printf7.o(i.__0fprintf$7) refers to usart.o(.text) for fputc
    printf7.o(i.__0printf$7) refers to printf7.o(i._printf_core) for _printf_core
    printf7.o(i.__0printf$7) refers to usart.o(.text) for fputc
    printf7.o(i.__0printf$7) refers to usart.o(.data) for __stdout
    printf7.o(i.__0snprintf$7) refers to printf7.o(i._printf_core) for _printf_core
    printf7.o(i.__0snprintf$7) refers to printf7.o(i._snputc) for _snputc
    printf7.o(i.__0sprintf$7) refers to printf7.o(i._printf_core) for _printf_core
    printf7.o(i.__0sprintf$7) refers to printf7.o(i._sputc) for _sputc
    printf7.o(i.__0vfprintf$7) refers to printf7.o(i._printf_core) for _printf_core
    printf7.o(i.__0vfprintf$7) refers to usart.o(.text) for fputc
    printf7.o(i.__0vprintf$7) refers to printf7.o(i._printf_core) for _printf_core
    printf7.o(i.__0vprintf$7) refers to usart.o(.text) for fputc
    printf7.o(i.__0vprintf$7) refers to usart.o(.data) for __stdout
    printf7.o(i.__0vsnprintf$7) refers to printf7.o(i._printf_core) for _printf_core
    printf7.o(i.__0vsnprintf$7) refers to printf7.o(i._snputc) for _snputc
    printf7.o(i.__0vsprintf$7) refers to printf7.o(i._printf_core) for _printf_core
    printf7.o(i.__0vsprintf$7) refers to printf7.o(i._sputc) for _sputc
    printf7.o(i._printf_core) refers to printf7.o(i._printf_pre_padding) for _printf_pre_padding
    printf7.o(i._printf_core) refers to uldiv.o(.text) for __aeabi_uldivmod
    printf7.o(i._printf_core) refers to printf7.o(i._printf_post_padding) for _printf_post_padding
    printf8.o(i.__0fprintf$8) refers to printf8.o(i._printf_core) for _printf_core
    printf8.o(i.__0fprintf$8) refers to usart.o(.text) for fputc
    printf8.o(i.__0printf$8) refers to printf8.o(i._printf_core) for _printf_core
    printf8.o(i.__0printf$8) refers to usart.o(.text) for fputc
    printf8.o(i.__0printf$8) refers to usart.o(.data) for __stdout
    printf8.o(i.__0snprintf$8) refers to printf8.o(i._printf_core) for _printf_core
    printf8.o(i.__0snprintf$8) refers to printf8.o(i._snputc) for _snputc
    printf8.o(i.__0sprintf$8) refers to printf8.o(i._printf_core) for _printf_core
    printf8.o(i.__0sprintf$8) refers to printf8.o(i._sputc) for _sputc
    printf8.o(i.__0vfprintf$8) refers to printf8.o(i._printf_core) for _printf_core
    printf8.o(i.__0vfprintf$8) refers to usart.o(.text) for fputc
    printf8.o(i.__0vprintf$8) refers to printf8.o(i._printf_core) for _printf_core
    printf8.o(i.__0vprintf$8) refers to usart.o(.text) for fputc
    printf8.o(i.__0vprintf$8) refers to usart.o(.data) for __stdout
    printf8.o(i.__0vsnprintf$8) refers to printf8.o(i._printf_core) for _printf_core
    printf8.o(i.__0vsnprintf$8) refers to printf8.o(i._snputc) for _snputc
    printf8.o(i.__0vsprintf$8) refers to printf8.o(i._printf_core) for _printf_core
    printf8.o(i.__0vsprintf$8) refers to printf8.o(i._sputc) for _sputc
    printf8.o(i._printf_core) refers to printf8.o(i._printf_pre_padding) for _printf_pre_padding
    printf8.o(i._printf_core) refers to uldiv.o(.text) for __aeabi_uldivmod
    printf8.o(i._printf_core) refers to printf8.o(i._printf_post_padding) for _printf_post_padding
    printfa.o(i.__0fprintf) refers (Special) to iusefp.o(.text) for __I$use$fp
    printfa.o(i.__0fprintf) refers to printfa.o(i._printf_core) for _printf_core
    printfa.o(i.__0fprintf) refers to usart.o(.text) for fputc
    printfa.o(i.__0printf) refers (Special) to iusefp.o(.text) for __I$use$fp
    printfa.o(i.__0printf) refers to printfa.o(i._printf_core) for _printf_core
    printfa.o(i.__0printf) refers to usart.o(.text) for fputc
    printfa.o(i.__0printf) refers to usart.o(.data) for __stdout
    printfa.o(i.__0snprintf) refers (Special) to iusefp.o(.text) for __I$use$fp
    printfa.o(i.__0snprintf) refers to printfa.o(i._printf_core) for _printf_core
    printfa.o(i.__0snprintf) refers to printfa.o(i._snputc) for _snputc
    printfa.o(i.__0sprintf) refers (Special) to iusefp.o(.text) for __I$use$fp
    printfa.o(i.__0sprintf) refers to printfa.o(i._printf_core) for _printf_core
    printfa.o(i.__0sprintf) refers to printfa.o(i._sputc) for _sputc
    printfa.o(i.__0vfprintf) refers (Special) to iusefp.o(.text) for __I$use$fp
    printfa.o(i.__0vfprintf) refers to printfa.o(i._printf_core) for _printf_core
    printfa.o(i.__0vfprintf) refers to usart.o(.text) for fputc
    printfa.o(i.__0vprintf) refers (Special) to iusefp.o(.text) for __I$use$fp
    printfa.o(i.__0vprintf) refers to printfa.o(i._printf_core) for _printf_core
    printfa.o(i.__0vprintf) refers to usart.o(.text) for fputc
    printfa.o(i.__0vprintf) refers to usart.o(.data) for __stdout
    printfa.o(i.__0vsnprintf) refers (Special) to iusefp.o(.text) for __I$use$fp
    printfa.o(i.__0vsnprintf) refers to printfa.o(i._printf_core) for _printf_core
    printfa.o(i.__0vsnprintf) refers to printfa.o(i._snputc) for _snputc
    printfa.o(i.__0vsprintf) refers (Special) to iusefp.o(.text) for __I$use$fp
    printfa.o(i.__0vsprintf) refers to printfa.o(i._printf_core) for _printf_core
    printfa.o(i.__0vsprintf) refers to printfa.o(i._sputc) for _sputc
    printfa.o(i._fp_digits) refers (Special) to iusefp.o(.text) for __I$use$fp
    printfa.o(i._fp_digits) refers to dmul.o(.text) for __aeabi_dmul
    printfa.o(i._fp_digits) refers to ddiv.o(.text) for __aeabi_ddiv
    printfa.o(i._fp_digits) refers to cdrcmple.o(.text) for __aeabi_cdrcmple
    printfa.o(i._fp_digits) refers to dadd.o(.text) for __aeabi_dadd
    printfa.o(i._fp_digits) refers to dfixul.o(.text) for __aeabi_d2ulz
    printfa.o(i._fp_digits) refers to uldiv.o(.text) for __aeabi_uldivmod
    printfa.o(i._printf_core) refers (Special) to iusefp.o(.text) for __I$use$fp
    printfa.o(i._printf_core) refers to printfa.o(i._printf_pre_padding) for _printf_pre_padding
    printfa.o(i._printf_core) refers to uldiv.o(.text) for __aeabi_uldivmod
    printfa.o(i._printf_core) refers to printfa.o(i._printf_post_padding) for _printf_post_padding
    printfa.o(i._printf_core) refers to printfa.o(i._fp_digits) for _fp_digits
    printfa.o(i._printf_core) refers to uidiv.o(.text) for __aeabi_uidivmod
    printfa.o(i._printf_post_padding) refers (Special) to iusefp.o(.text) for __I$use$fp
    printfa.o(i._printf_pre_padding) refers (Special) to iusefp.o(.text) for __I$use$fp
    printfa.o(i._snputc) refers (Special) to iusefp.o(.text) for __I$use$fp
    printfa.o(i._sputc) refers (Special) to iusefp.o(.text) for __I$use$fp
    entry2.o(.ARM.Collect$$$$00000001) refers to entry2.o(.ARM.Collect$$$$00002712) for __lit__00000000
    entry2.o(.ARM.Collect$$$$00002712) refers to startup_stm32f10x_hd.o(STACK) for __initial_sp
    entry2.o(__vectab_stack_and_reset_area) refers to startup_stm32f10x_hd.o(STACK) for __initial_sp
    entry2.o(__vectab_stack_and_reset_area) refers to entry.o(.ARM.Collect$$$$00000000) for __main
    entry5.o(.ARM.Collect$$$$00000004) refers to init.o(.text) for __scatterload
    entry9a.o(.ARM.Collect$$$$0000000B) refers to main.o(.text) for main
    entry9b.o(.ARM.Collect$$$$0000000C) refers to main.o(.text) for main
    uldiv.o(.text) refers to llushr.o(.text) for __aeabi_llsr
    uldiv.o(.text) refers to llshl.o(.text) for __aeabi_llsl
    dadd.o(.text) refers to llshl.o(.text) for __aeabi_llsl
    dadd.o(.text) refers to llsshr.o(.text) for __aeabi_lasr
    dadd.o(.text) refers to depilogue.o(.text) for _double_epilogue
    dmul.o(.text) refers to depilogue.o(.text) for _double_epilogue
    ddiv.o(.text) refers to depilogue.o(.text) for _double_round
    dfixul.o(.text) refers to llushr.o(.text) for __aeabi_llsr
    dfixul.o(.text) refers to llshl.o(.text) for __aeabi_llsl
    init.o(.text) refers to entry5.o(.ARM.Collect$$$$00000004) for __main_after_scatterload
    depilogue.o(.text) refers to llshl.o(.text) for __aeabi_llsl
    depilogue.o(.text) refers to llushr.o(.text) for __aeabi_llsr


==============================================================================

Removing Unused input sections from the image.

    Removing key.o(.text), (216 bytes).
    Removing key.o(.data), (1 bytes).
    Removing sys.o(.text), (12 bytes).
    Removing core_cm3.o(.emb_text), (32 bytes).
    Removing startup_stm32f10x_hd.o(HEAP), (512 bytes).
    Removing malloc.o(.text), (408 bytes).
    Removing malloc.o(.bss), (1062 bytes).
    Removing malloc.o(.constdata), (12 bytes).
    Removing malloc.o(.data), (20 bytes).
    Removing mqtt_8266.o(.text), (1472 bytes).
    Removing mqtt_8266.o(.bss), (556 bytes).
    Removing mqtt_8266.o(.constdata), (6 bytes).
    Removing mqtt_8266.o(.data), (8 bytes).
    Removing 4g.o(.bss), (1200 bytes).
    Removing dadd.o(.text), (334 bytes).
    Removing dmul.o(.text), (228 bytes).
    Removing ddiv.o(.text), (222 bytes).
    Removing dfixul.o(.text), (48 bytes).
    Removing cdrcmple.o(.text), (48 bytes).
    Removing depilogue.o(.text), (186 bytes).

20 unused section(s) (total 6583 bytes) removed from the image.

==============================================================================

Image Symbol Table

    Local Symbols

    Symbol Name                              Value     Ov Type        Size  Object(Section)

    ../clib/microlib/division.c              0x00000000   Number         0  uldiv.o ABSOLUTE
    ../clib/microlib/division.c              0x00000000   Number         0  uidiv.o ABSOLUTE
    ../clib/microlib/init/entry.s            0x00000000   Number         0  entry10b.o ABSOLUTE
    ../clib/microlib/init/entry.s            0x00000000   Number         0  entry.o ABSOLUTE
    ../clib/microlib/init/entry.s            0x00000000   Number         0  entry7b.o ABSOLUTE
    ../clib/microlib/init/entry.s            0x00000000   Number         0  entry2.o ABSOLUTE
    ../clib/microlib/init/entry.s            0x00000000   Number         0  entry5.o ABSOLUTE
    ../clib/microlib/init/entry.s            0x00000000   Number         0  entry7a.o ABSOLUTE
    ../clib/microlib/init/entry.s            0x00000000   Number         0  entry8a.o ABSOLUTE
    ../clib/microlib/init/entry.s            0x00000000   Number         0  entry8b.o ABSOLUTE
    ../clib/microlib/init/entry.s            0x00000000   Number         0  entry9a.o ABSOLUTE
    ../clib/microlib/init/entry.s            0x00000000   Number         0  entry9b.o ABSOLUTE
    ../clib/microlib/init/entry.s            0x00000000   Number         0  entry10a.o ABSOLUTE
    ../clib/microlib/init/entry.s            0x00000000   Number         0  entry11b.o ABSOLUTE
    ../clib/microlib/init/entry.s            0x00000000   Number         0  entry11a.o ABSOLUTE
    ../clib/microlib/longlong.c              0x00000000   Number         0  llshl.o ABSOLUTE
    ../clib/microlib/longlong.c              0x00000000   Number         0  llsshr.o ABSOLUTE
    ../clib/microlib/longlong.c              0x00000000   Number         0  llushr.o ABSOLUTE
    ../clib/microlib/printf/printf.c         0x00000000   Number         0  printfb.o ABSOLUTE
    ../clib/microlib/printf/printf.c         0x00000000   Number         0  printf1.o ABSOLUTE
    ../clib/microlib/printf/printf.c         0x00000000   Number         0  printf2.o ABSOLUTE
    ../clib/microlib/printf/printf.c         0x00000000   Number         0  printf3.o ABSOLUTE
    ../clib/microlib/printf/printf.c         0x00000000   Number         0  printf4.o ABSOLUTE
    ../clib/microlib/printf/printf.c         0x00000000   Number         0  printf5.o ABSOLUTE
    ../clib/microlib/printf/printf.c         0x00000000   Number         0  printf6.o ABSOLUTE
    ../clib/microlib/printf/printf.c         0x00000000   Number         0  printf7.o ABSOLUTE
    ../clib/microlib/printf/printf.c         0x00000000   Number         0  printf8.o ABSOLUTE
    ../clib/microlib/printf/printf.c         0x00000000   Number         0  printfa.o ABSOLUTE
    ../clib/microlib/printf/printf.c         0x00000000   Number         0  printf0.o ABSOLUTE
    ../clib/microlib/printf/stubs.s          0x00000000   Number         0  stubs.o ABSOLUTE
    ../clib/microlib/string/memcpy.c         0x00000000   Number         0  memcpya.o ABSOLUTE
    ../clib/microlib/string/memcpy.c         0x00000000   Number         0  memcpyb.o ABSOLUTE
    ../clib/microlib/string/memset.c         0x00000000   Number         0  memseta.o ABSOLUTE
    ../clib/microlib/string/strlen.c         0x00000000   Number         0  strlen.o ABSOLUTE
    ../clib/microlib/string/strstr.c         0x00000000   Number         0  strstr.o ABSOLUTE
    ../clib/microlib/stubs.s                 0x00000000   Number         0  iusefp.o ABSOLUTE
    ../clib/microlib/stubs.s                 0x00000000   Number         0  useno.o ABSOLUTE
    ../fplib/microlib/fpadd.c                0x00000000   Number         0  dadd.o ABSOLUTE
    ../fplib/microlib/fpdiv.c                0x00000000   Number         0  ddiv.o ABSOLUTE
    ../fplib/microlib/fpepilogue.c           0x00000000   Number         0  depilogue.o ABSOLUTE
    ../fplib/microlib/fpfix.c                0x00000000   Number         0  dfixul.o ABSOLUTE
    ../fplib/microlib/fpmul.c                0x00000000   Number         0  dmul.o ABSOLUTE
    ..\4G\4G.c                               0x00000000   Number         0  4g.o ABSOLUTE
    ..\CORE\core_cm3.c                       0x00000000   Number         0  core_cm3.o ABSOLUTE
    ..\CORE\startup_stm32f10x_hd.s           0x00000000   Number         0  startup_stm32f10x_hd.o ABSOLUTE
    ..\Common\Common.c                       0x00000000   Number         0  common.o ABSOLUTE
    ..\ESP8266\bsp_esp8266.c                 0x00000000   Number         0  bsp_esp8266.o ABSOLUTE
    ..\HARDWARE\KEY\key.c                    0x00000000   Number         0  key.o ABSOLUTE
    ..\MQTT\MQTT_8266.C                      0x00000000   Number         0  mqtt_8266.o ABSOLUTE
    ..\STM32F10x_FWLib\src\misc.c            0x00000000   Number         0  misc.o ABSOLUTE
    ..\STM32F10x_FWLib\src\stm32f10x_flash.c 0x00000000   Number         0  stm32f10x_flash.o ABSOLUTE
    ..\STM32F10x_FWLib\src\stm32f10x_gpio.c  0x00000000   Number         0  stm32f10x_gpio.o ABSOLUTE
    ..\STM32F10x_FWLib\src\stm32f10x_rcc.c   0x00000000   Number         0  stm32f10x_rcc.o ABSOLUTE
    ..\STM32F10x_FWLib\src\stm32f10x_usart.c 0x00000000   Number         0  stm32f10x_usart.o ABSOLUTE
    ..\SYSTEM\delay\delay.c                  0x00000000   Number         0  delay.o ABSOLUTE
    ..\SYSTEM\sys\sys.c                      0x00000000   Number         0  sys.o ABSOLUTE
    ..\SYSTEM\usart\usart.c                  0x00000000   Number         0  usart.o ABSOLUTE
    ..\Test\test.c                           0x00000000   Number         0  test.o ABSOLUTE
    ..\USART2\usart2.c                       0x00000000   Number         0  usart2.o ABSOLUTE
    ..\\CORE\\core_cm3.c                     0x00000000   Number         0  core_cm3.o ABSOLUTE
    ..\\SYSTEM\\sys\\sys.c                   0x00000000   Number         0  sys.o ABSOLUTE
    ..\malloc\malloc.c                       0x00000000   Number         0  malloc.o ABSOLUTE
    Wenzheng_OTA.c                           0x00000000   Number         0  wenzheng_ota.o ABSOLUTE
    cdrcmple.s                               0x00000000   Number         0  cdrcmple.o ABSOLUTE
    dc.s                                     0x00000000   Number         0  dc.o ABSOLUTE
    handlers.s                               0x00000000   Number         0  handlers.o ABSOLUTE
    init.s                                   0x00000000   Number         0  init.o ABSOLUTE
    main.c                                   0x00000000   Number         0  main.o ABSOLUTE
    stm32f10x_it.c                           0x00000000   Number         0  stm32f10x_it.o ABSOLUTE
    system_stm32f10x.c                       0x00000000   Number         0  system_stm32f10x.o ABSOLUTE
    RESET                                    0x08003000   Section      304  startup_stm32f10x_hd.o(RESET)
    .ARM.Collect$$$$00000000                 0x08003130   Section        0  entry.o(.ARM.Collect$$$$00000000)
    .ARM.Collect$$$$00000001                 0x08003130   Section        4  entry2.o(.ARM.Collect$$$$00000001)
    .ARM.Collect$$$$00000004                 0x08003134   Section        4  entry5.o(.ARM.Collect$$$$00000004)
    .ARM.Collect$$$$00000008                 0x08003138   Section        0  entry7b.o(.ARM.Collect$$$$00000008)
    .ARM.Collect$$$$0000000A                 0x08003138   Section        0  entry8b.o(.ARM.Collect$$$$0000000A)
    .ARM.Collect$$$$0000000B                 0x08003138   Section        8  entry9a.o(.ARM.Collect$$$$0000000B)
    .ARM.Collect$$$$0000000D                 0x08003140   Section        0  entry10a.o(.ARM.Collect$$$$0000000D)
    .ARM.Collect$$$$0000000F                 0x08003140   Section        0  entry11a.o(.ARM.Collect$$$$0000000F)
    .ARM.Collect$$$$00002712                 0x08003140   Section        4  entry2.o(.ARM.Collect$$$$00002712)
    __lit__00000000                          0x08003140   Data           4  entry2.o(.ARM.Collect$$$$00002712)
    .emb_text                                0x08003144   Section        6  sys.o(.emb_text)
    .text                                    0x0800314c   Section        0  main.o(.text)
    .text                                    0x080031c0   Section        0  stm32f10x_it.o(.text)
    .text                                    0x08003260   Section        0  system_stm32f10x.o(.text)
    SetSysClockTo72                          0x08003261   Thumb Code   214  system_stm32f10x.o(.text)
    SetSysClock                              0x08003337   Thumb Code     8  system_stm32f10x.o(.text)
    .text                                    0x08003440   Section        0  wenzheng_ota.o(.text)
    .text                                    0x08003890   Section        0  delay.o(.text)
    .text                                    0x0800397c   Section        0  usart.o(.text)
    .text                                    0x08003abc   Section       36  startup_stm32f10x_hd.o(.text)
    .text                                    0x08003ae0   Section        0  misc.o(.text)
    .text                                    0x08003bbc   Section        0  stm32f10x_gpio.o(.text)
    .text                                    0x08003f18   Section        0  stm32f10x_rcc.o(.text)
    .text                                    0x080042bc   Section        0  stm32f10x_usart.o(.text)
    .text                                    0x080046c4   Section        0  stm32f10x_flash.o(.text)
    .text                                    0x08004c80   Section        0  bsp_esp8266.o(.text)
    ESP8266_USART_NVIC_Configuration         0x08004c81   Thumb Code    40  bsp_esp8266.o(.text)
    ESP8266_USART_Config                     0x08004ca9   Thumb Code   148  bsp_esp8266.o(.text)
    ESP8266_GPIO_Config                      0x08004d3d   Thumb Code    62  bsp_esp8266.o(.text)
    .text                                    0x08005534   Section        0  common.o(.text)
    itoa                                     0x08005535   Thumb Code    98  common.o(.text)
    .text                                    0x0800569c   Section        0  test.o(.text)
    .text                                    0x08005c6c   Section        0  usart2.o(.text)
    .text                                    0x08005f78   Section        0  4g.o(.text)
    .text                                    0x08006308   Section        0  memcpya.o(.text)
    .text                                    0x0800632c   Section        0  memseta.o(.text)
    .text                                    0x08006350   Section        0  strstr.o(.text)
    .text                                    0x08006374   Section        0  strlen.o(.text)
    .text                                    0x08006382   Section        0  uldiv.o(.text)
    .text                                    0x080063e4   Section       36  init.o(.text)
    .text                                    0x08006408   Section        0  llshl.o(.text)
    .text                                    0x08006426   Section        0  llushr.o(.text)
    i.__0printf$5                            0x08006448   Section        0  printf5.o(i.__0printf$5)
    i.__0sprintf$5                           0x08006468   Section        0  printf5.o(i.__0sprintf$5)
    i.__scatterload_copy                     0x08006490   Section       14  handlers.o(i.__scatterload_copy)
    i.__scatterload_null                     0x0800649e   Section        2  handlers.o(i.__scatterload_null)
    i.__scatterload_zeroinit                 0x080064a0   Section       14  handlers.o(i.__scatterload_zeroinit)
    i._printf_core                           0x080064b0   Section        0  printf5.o(i._printf_core)
    _printf_core                             0x080064b1   Thumb Code   658  printf5.o(i._printf_core)
    i._sputc                                 0x08006770   Section        0  printf5.o(i._sputc)
    _sputc                                   0x08006771   Thumb Code    10  printf5.o(i._sputc)
    .constdata                               0x0800677c   Section       30  test.o(.constdata)
    .conststring                             0x0800679c   Section      229  4g.o(.conststring)
    .data                                    0x20000000   Section       20  system_stm32f10x.o(.data)
    .data                                    0x20000014   Section        4  delay.o(.data)
    fac_us                                   0x20000014   Data           1  delay.o(.data)
    fac_ms                                   0x20000016   Data           2  delay.o(.data)
    .data                                    0x20000018   Section        6  usart.o(.data)
    .data                                    0x2000001e   Section       20  stm32f10x_rcc.o(.data)
    APBAHBPrescTable                         0x2000001e   Data          16  stm32f10x_rcc.o(.data)
    ADCPrescTable                            0x2000002e   Data           4  stm32f10x_rcc.o(.data)
    .data                                    0x20000034   Section       16  test.o(.data)
    .bss                                     0x20000044   Section      200  usart.o(.bss)
    .bss                                     0x2000010c   Section    49156  bsp_esp8266.o(.bss)
    .bss                                     0x2000c110   Section     1608  usart2.o(.bss)
    STACK                                    0x2000c758   Section     1024  startup_stm32f10x_hd.o(STACK)

    Global Symbols

    Symbol Name                              Value     Ov Type        Size  Object(Section)

    BuildAttributes$$THM_ISAv4$P$D$K$B$S$PE$A:L22UL41UL21$X:L11$S22US41US21$IEEE1$IW$USESV6$~STKCKD$USESV7$~SHL$OSPACE$ROPI$EBA8$MICROLIB$REQ8$PRES8$EABIv2 0x00000000   Number         0  anon$$obj.o ABSOLUTE
    __ARM_use_no_argv                        0x00000000   Number         0  main.o ABSOLUTE
    __use_no_errno                           0x00000000   Number         0  useno.o ABSOLUTE
    __use_no_exception_handling              0x00000000   Number         0  useno.o ABSOLUTE
    __use_no_fp                              0x00000000   Number         0  useno.o ABSOLUTE
    __use_no_heap                            0x00000000   Number         0  useno.o ABSOLUTE
    __use_no_heap_region                     0x00000000   Number         0  useno.o ABSOLUTE
    __use_no_semihosting                     0x00000000   Number         0  useno.o ABSOLUTE
    __use_no_semihosting_swi                 0x00000000   Number         0  useno.o ABSOLUTE
    __use_no_signal_handling                 0x00000000   Number         0  useno.o ABSOLUTE
    _printf_a                                0x00000000   Number         0  stubs.o ABSOLUTE
    _printf_c                                0x00000000   Number         0  stubs.o ABSOLUTE
    _printf_charcount                        0x00000000   Number         0  stubs.o ABSOLUTE
    _printf_d                                0x00000000   Number         0  stubs.o ABSOLUTE
    _printf_e                                0x00000000   Number         0  stubs.o ABSOLUTE
    _printf_f                                0x00000000   Number         0  stubs.o ABSOLUTE
    _printf_flags                            0x00000000   Number         0  stubs.o ABSOLUTE
    _printf_fp_dec                           0x00000000   Number         0  stubs.o ABSOLUTE
    _printf_fp_hex                           0x00000000   Number         0  stubs.o ABSOLUTE
    _printf_g                                0x00000000   Number         0  stubs.o ABSOLUTE
    _printf_i                                0x00000000   Number         0  stubs.o ABSOLUTE
    _printf_int_dec                          0x00000000   Number         0  stubs.o ABSOLUTE
    _printf_l                                0x00000000   Number         0  stubs.o ABSOLUTE
    _printf_lc                               0x00000000   Number         0  stubs.o ABSOLUTE
    _printf_ll                               0x00000000   Number         0  stubs.o ABSOLUTE
    _printf_lld                              0x00000000   Number         0  stubs.o ABSOLUTE
    _printf_lli                              0x00000000   Number         0  stubs.o ABSOLUTE
    _printf_llo                              0x00000000   Number         0  stubs.o ABSOLUTE
    _printf_llu                              0x00000000   Number         0  stubs.o ABSOLUTE
    _printf_llx                              0x00000000   Number         0  stubs.o ABSOLUTE
    _printf_longlong_dec                     0x00000000   Number         0  stubs.o ABSOLUTE
    _printf_longlong_hex                     0x00000000   Number         0  stubs.o ABSOLUTE
    _printf_longlong_oct                     0x00000000   Number         0  stubs.o ABSOLUTE
    _printf_ls                               0x00000000   Number         0  stubs.o ABSOLUTE
    _printf_mbtowc                           0x00000000   Number         0  stubs.o ABSOLUTE
    _printf_n                                0x00000000   Number         0  stubs.o ABSOLUTE
    _printf_o                                0x00000000   Number         0  stubs.o ABSOLUTE
    _printf_p                                0x00000000   Number         0  stubs.o ABSOLUTE
    _printf_percent                          0x00000000   Number         0  stubs.o ABSOLUTE
    _printf_pre_padding                      0x00000000   Number         0  stubs.o ABSOLUTE
    _printf_return_value                     0x00000000   Number         0  stubs.o ABSOLUTE
    _printf_s                                0x00000000   Number         0  stubs.o ABSOLUTE
    _printf_sizespec                         0x00000000   Number         0  stubs.o ABSOLUTE
    _printf_str                              0x00000000   Number         0  stubs.o ABSOLUTE
    _printf_truncate_signed                  0x00000000   Number         0  stubs.o ABSOLUTE
    _printf_truncate_unsigned                0x00000000   Number         0  stubs.o ABSOLUTE
    _printf_u                                0x00000000   Number         0  stubs.o ABSOLUTE
    _printf_wc                               0x00000000   Number         0  stubs.o ABSOLUTE
    _printf_wctomb                           0x00000000   Number         0  stubs.o ABSOLUTE
    _printf_widthprec                        0x00000000   Number         0  stubs.o ABSOLUTE
    _printf_x                                0x00000000   Number         0  stubs.o ABSOLUTE
    __cpp_initialize__aeabi_                  - Undefined Weak Reference
    __cxa_finalize                            - Undefined Weak Reference
    __decompress                              - Undefined Weak Reference
    _clock_init                               - Undefined Weak Reference
    _microlib_exit                            - Undefined Weak Reference
    __Vectors_Size                           0x00000130   Number         0  startup_stm32f10x_hd.o ABSOLUTE
    __Vectors                                0x08003000   Data           4  startup_stm32f10x_hd.o(RESET)
    __Vectors_End                            0x08003130   Data           0  startup_stm32f10x_hd.o(RESET)
    __main                                   0x08003131   Thumb Code     0  entry.o(.ARM.Collect$$$$00000000)
    _main_stk                                0x08003131   Thumb Code     0  entry2.o(.ARM.Collect$$$$00000001)
    _main_scatterload                        0x08003135   Thumb Code     0  entry5.o(.ARM.Collect$$$$00000004)
    __main_after_scatterload                 0x08003139   Thumb Code     0  entry5.o(.ARM.Collect$$$$00000004)
    _main_clock                              0x08003139   Thumb Code     0  entry7b.o(.ARM.Collect$$$$00000008)
    _main_cpp_init                           0x08003139   Thumb Code     0  entry8b.o(.ARM.Collect$$$$0000000A)
    _main_init                               0x08003139   Thumb Code     0  entry9a.o(.ARM.Collect$$$$0000000B)
    __rt_final_cpp                           0x08003141   Thumb Code     0  entry10a.o(.ARM.Collect$$$$0000000D)
    __rt_final_exit                          0x08003141   Thumb Code     0  entry11a.o(.ARM.Collect$$$$0000000F)
    MSR_MSP                                  0x08003145   Thumb Code     6  sys.o(.emb_text)
    main                                     0x0800314d   Thumb Code    88  main.o(.text)
    NMI_Handler                              0x080031c1   Thumb Code     2  stm32f10x_it.o(.text)
    HardFault_Handler                        0x080031c3   Thumb Code     4  stm32f10x_it.o(.text)
    MemManage_Handler                        0x080031c7   Thumb Code     4  stm32f10x_it.o(.text)
    BusFault_Handler                         0x080031cb   Thumb Code     4  stm32f10x_it.o(.text)
    UsageFault_Handler                       0x080031cf   Thumb Code     4  stm32f10x_it.o(.text)
    SVC_Handler                              0x080031d3   Thumb Code     2  stm32f10x_it.o(.text)
    DebugMon_Handler                         0x080031d5   Thumb Code     2  stm32f10x_it.o(.text)
    PendSV_Handler                           0x080031d7   Thumb Code     2  stm32f10x_it.o(.text)
    SysTick_Handler                          0x080031d9   Thumb Code     2  stm32f10x_it.o(.text)
    USART3_IRQHandler                        0x080031db   Thumb Code   102  stm32f10x_it.o(.text)
    SystemInit                               0x0800333f   Thumb Code    78  system_stm32f10x.o(.text)
    SystemCoreClockUpdate                    0x0800338d   Thumb Code   142  system_stm32f10x.o(.text)
    FlashWrite                               0x08003441   Thumb Code    76  wenzheng_ota.o(.text)
    WriteFlash                               0x0800348d   Thumb Code    20  wenzheng_ota.o(.text)
    FlashErase                               0x080034a1   Thumb Code    52  wenzheng_ota.o(.text)
    Erase_page                               0x080034d5   Thumb Code    16  wenzheng_ota.o(.text)
    Set_Update_Down                          0x080034e5   Thumb Code    26  wenzheng_ota.o(.text)
    ReadFlash                                0x080034ff   Thumb Code    20  wenzheng_ota.o(.text)
    Read_Start_Mode                          0x08003513   Thumb Code    22  wenzheng_ota.o(.text)
    Read_APP_None                            0x08003529   Thumb Code    22  wenzheng_ota.o(.text)
    MoveCode                                 0x0800353f   Thumb Code   112  wenzheng_ota.o(.text)
    IAP_ExecuteApp                           0x080035af   Thumb Code    52  wenzheng_ota.o(.text)
    Start_BootLoader                         0x080035e3   Thumb Code   138  wenzheng_ota.o(.text)
    delay_init                               0x08003891   Thumb Code    50  delay.o(.text)
    delay_us                                 0x080038c3   Thumb Code    72  delay.o(.text)
    delay_ms                                 0x0800390b   Thumb Code    72  delay.o(.text)
    Delay_ms                                 0x08003953   Thumb Code    24  delay.o(.text)
    _sys_exit                                0x0800397d   Thumb Code     4  usart.o(.text)
    fputc                                    0x08003981   Thumb Code    24  usart.o(.text)
    uart_init                                0x08003999   Thumb Code   152  usart.o(.text)
    USART1_IRQHandler                        0x08003a31   Thumb Code   122  usart.o(.text)
    Reset_Handler                            0x08003abd   Thumb Code     8  startup_stm32f10x_hd.o(.text)
    ADC1_2_IRQHandler                        0x08003ad7   Thumb Code     0  startup_stm32f10x_hd.o(.text)
    ADC3_IRQHandler                          0x08003ad7   Thumb Code     0  startup_stm32f10x_hd.o(.text)
    CAN1_RX1_IRQHandler                      0x08003ad7   Thumb Code     0  startup_stm32f10x_hd.o(.text)
    CAN1_SCE_IRQHandler                      0x08003ad7   Thumb Code     0  startup_stm32f10x_hd.o(.text)
    DMA1_Channel1_IRQHandler                 0x08003ad7   Thumb Code     0  startup_stm32f10x_hd.o(.text)
    DMA1_Channel2_IRQHandler                 0x08003ad7   Thumb Code     0  startup_stm32f10x_hd.o(.text)
    DMA1_Channel3_IRQHandler                 0x08003ad7   Thumb Code     0  startup_stm32f10x_hd.o(.text)
    DMA1_Channel4_IRQHandler                 0x08003ad7   Thumb Code     0  startup_stm32f10x_hd.o(.text)
    DMA1_Channel5_IRQHandler                 0x08003ad7   Thumb Code     0  startup_stm32f10x_hd.o(.text)
    DMA1_Channel6_IRQHandler                 0x08003ad7   Thumb Code     0  startup_stm32f10x_hd.o(.text)
    DMA1_Channel7_IRQHandler                 0x08003ad7   Thumb Code     0  startup_stm32f10x_hd.o(.text)
    DMA2_Channel1_IRQHandler                 0x08003ad7   Thumb Code     0  startup_stm32f10x_hd.o(.text)
    DMA2_Channel2_IRQHandler                 0x08003ad7   Thumb Code     0  startup_stm32f10x_hd.o(.text)
    DMA2_Channel3_IRQHandler                 0x08003ad7   Thumb Code     0  startup_stm32f10x_hd.o(.text)
    DMA2_Channel4_5_IRQHandler               0x08003ad7   Thumb Code     0  startup_stm32f10x_hd.o(.text)
    EXTI0_IRQHandler                         0x08003ad7   Thumb Code     0  startup_stm32f10x_hd.o(.text)
    EXTI15_10_IRQHandler                     0x08003ad7   Thumb Code     0  startup_stm32f10x_hd.o(.text)
    EXTI1_IRQHandler                         0x08003ad7   Thumb Code     0  startup_stm32f10x_hd.o(.text)
    EXTI2_IRQHandler                         0x08003ad7   Thumb Code     0  startup_stm32f10x_hd.o(.text)
    EXTI3_IRQHandler                         0x08003ad7   Thumb Code     0  startup_stm32f10x_hd.o(.text)
    EXTI4_IRQHandler                         0x08003ad7   Thumb Code     0  startup_stm32f10x_hd.o(.text)
    EXTI9_5_IRQHandler                       0x08003ad7   Thumb Code     0  startup_stm32f10x_hd.o(.text)
    FLASH_IRQHandler                         0x08003ad7   Thumb Code     0  startup_stm32f10x_hd.o(.text)
    FSMC_IRQHandler                          0x08003ad7   Thumb Code     0  startup_stm32f10x_hd.o(.text)
    I2C1_ER_IRQHandler                       0x08003ad7   Thumb Code     0  startup_stm32f10x_hd.o(.text)
    I2C1_EV_IRQHandler                       0x08003ad7   Thumb Code     0  startup_stm32f10x_hd.o(.text)
    I2C2_ER_IRQHandler                       0x08003ad7   Thumb Code     0  startup_stm32f10x_hd.o(.text)
    I2C2_EV_IRQHandler                       0x08003ad7   Thumb Code     0  startup_stm32f10x_hd.o(.text)
    PVD_IRQHandler                           0x08003ad7   Thumb Code     0  startup_stm32f10x_hd.o(.text)
    RCC_IRQHandler                           0x08003ad7   Thumb Code     0  startup_stm32f10x_hd.o(.text)
    RTCAlarm_IRQHandler                      0x08003ad7   Thumb Code     0  startup_stm32f10x_hd.o(.text)
    RTC_IRQHandler                           0x08003ad7   Thumb Code     0  startup_stm32f10x_hd.o(.text)
    SDIO_IRQHandler                          0x08003ad7   Thumb Code     0  startup_stm32f10x_hd.o(.text)
    SPI1_IRQHandler                          0x08003ad7   Thumb Code     0  startup_stm32f10x_hd.o(.text)
    SPI2_IRQHandler                          0x08003ad7   Thumb Code     0  startup_stm32f10x_hd.o(.text)
    SPI3_IRQHandler                          0x08003ad7   Thumb Code     0  startup_stm32f10x_hd.o(.text)
    TAMPER_IRQHandler                        0x08003ad7   Thumb Code     0  startup_stm32f10x_hd.o(.text)
    TIM1_BRK_IRQHandler                      0x08003ad7   Thumb Code     0  startup_stm32f10x_hd.o(.text)
    TIM1_CC_IRQHandler                       0x08003ad7   Thumb Code     0  startup_stm32f10x_hd.o(.text)
    TIM1_TRG_COM_IRQHandler                  0x08003ad7   Thumb Code     0  startup_stm32f10x_hd.o(.text)
    TIM1_UP_IRQHandler                       0x08003ad7   Thumb Code     0  startup_stm32f10x_hd.o(.text)
    TIM2_IRQHandler                          0x08003ad7   Thumb Code     0  startup_stm32f10x_hd.o(.text)
    TIM3_IRQHandler                          0x08003ad7   Thumb Code     0  startup_stm32f10x_hd.o(.text)
    TIM4_IRQHandler                          0x08003ad7   Thumb Code     0  startup_stm32f10x_hd.o(.text)
    TIM5_IRQHandler                          0x08003ad7   Thumb Code     0  startup_stm32f10x_hd.o(.text)
    TIM6_IRQHandler                          0x08003ad7   Thumb Code     0  startup_stm32f10x_hd.o(.text)
    TIM7_IRQHandler                          0x08003ad7   Thumb Code     0  startup_stm32f10x_hd.o(.text)
    TIM8_BRK_IRQHandler                      0x08003ad7   Thumb Code     0  startup_stm32f10x_hd.o(.text)
    TIM8_CC_IRQHandler                       0x08003ad7   Thumb Code     0  startup_stm32f10x_hd.o(.text)
    TIM8_TRG_COM_IRQHandler                  0x08003ad7   Thumb Code     0  startup_stm32f10x_hd.o(.text)
    TIM8_UP_IRQHandler                       0x08003ad7   Thumb Code     0  startup_stm32f10x_hd.o(.text)
    UART4_IRQHandler                         0x08003ad7   Thumb Code     0  startup_stm32f10x_hd.o(.text)
    UART5_IRQHandler                         0x08003ad7   Thumb Code     0  startup_stm32f10x_hd.o(.text)
    USBWakeUp_IRQHandler                     0x08003ad7   Thumb Code     0  startup_stm32f10x_hd.o(.text)
    USB_HP_CAN1_TX_IRQHandler                0x08003ad7   Thumb Code     0  startup_stm32f10x_hd.o(.text)
    USB_LP_CAN1_RX0_IRQHandler               0x08003ad7   Thumb Code     0  startup_stm32f10x_hd.o(.text)
    WWDG_IRQHandler                          0x08003ad7   Thumb Code     0  startup_stm32f10x_hd.o(.text)
    NVIC_PriorityGroupConfig                 0x08003ae1   Thumb Code    10  misc.o(.text)
    NVIC_Init                                0x08003aeb   Thumb Code   100  misc.o(.text)
    NVIC_SetVectorTable                      0x08003b4f   Thumb Code    14  misc.o(.text)
    NVIC_SystemLPConfig                      0x08003b5d   Thumb Code    34  misc.o(.text)
    SysTick_CLKSourceConfig                  0x08003b7f   Thumb Code    40  misc.o(.text)
    GPIO_DeInit                              0x08003bbd   Thumb Code   172  stm32f10x_gpio.o(.text)
    GPIO_AFIODeInit                          0x08003c69   Thumb Code    20  stm32f10x_gpio.o(.text)
    GPIO_Init                                0x08003c7d   Thumb Code   278  stm32f10x_gpio.o(.text)
    GPIO_StructInit                          0x08003d93   Thumb Code    16  stm32f10x_gpio.o(.text)
    GPIO_ReadInputDataBit                    0x08003da3   Thumb Code    18  stm32f10x_gpio.o(.text)
    GPIO_ReadInputData                       0x08003db5   Thumb Code     8  stm32f10x_gpio.o(.text)
    GPIO_ReadOutputDataBit                   0x08003dbd   Thumb Code    18  stm32f10x_gpio.o(.text)
    GPIO_ReadOutputData                      0x08003dcf   Thumb Code     8  stm32f10x_gpio.o(.text)
    GPIO_SetBits                             0x08003dd7   Thumb Code     4  stm32f10x_gpio.o(.text)
    GPIO_ResetBits                           0x08003ddb   Thumb Code     4  stm32f10x_gpio.o(.text)
    GPIO_WriteBit                            0x08003ddf   Thumb Code    10  stm32f10x_gpio.o(.text)
    GPIO_Write                               0x08003de9   Thumb Code     4  stm32f10x_gpio.o(.text)
    GPIO_PinLockConfig                       0x08003ded   Thumb Code    18  stm32f10x_gpio.o(.text)
    GPIO_EventOutputConfig                   0x08003dff   Thumb Code    26  stm32f10x_gpio.o(.text)
    GPIO_EventOutputCmd                      0x08003e19   Thumb Code     6  stm32f10x_gpio.o(.text)
    GPIO_PinRemapConfig                      0x08003e1f   Thumb Code   138  stm32f10x_gpio.o(.text)
    GPIO_EXTILineConfig                      0x08003ea9   Thumb Code    66  stm32f10x_gpio.o(.text)
    GPIO_ETH_MediaInterfaceConfig            0x08003eeb   Thumb Code     8  stm32f10x_gpio.o(.text)
    RCC_DeInit                               0x08003f19   Thumb Code    64  stm32f10x_rcc.o(.text)
    RCC_HSEConfig                            0x08003f59   Thumb Code    70  stm32f10x_rcc.o(.text)
    RCC_GetFlagStatus                        0x08003f9f   Thumb Code    56  stm32f10x_rcc.o(.text)
    RCC_WaitForHSEStartUp                    0x08003fd7   Thumb Code    56  stm32f10x_rcc.o(.text)
    RCC_AdjustHSICalibrationValue            0x0800400f   Thumb Code    20  stm32f10x_rcc.o(.text)
    RCC_HSICmd                               0x08004023   Thumb Code     6  stm32f10x_rcc.o(.text)
    RCC_PLLConfig                            0x08004029   Thumb Code    24  stm32f10x_rcc.o(.text)
    RCC_PLLCmd                               0x08004041   Thumb Code     6  stm32f10x_rcc.o(.text)
    RCC_SYSCLKConfig                         0x08004047   Thumb Code    18  stm32f10x_rcc.o(.text)
    RCC_GetSYSCLKSource                      0x08004059   Thumb Code    10  stm32f10x_rcc.o(.text)
    RCC_HCLKConfig                           0x08004063   Thumb Code    18  stm32f10x_rcc.o(.text)
    RCC_PCLK1Config                          0x08004075   Thumb Code    18  stm32f10x_rcc.o(.text)
    RCC_PCLK2Config                          0x08004087   Thumb Code    20  stm32f10x_rcc.o(.text)
    RCC_ITConfig                             0x0800409b   Thumb Code    26  stm32f10x_rcc.o(.text)
    RCC_USBCLKConfig                         0x080040b5   Thumb Code     8  stm32f10x_rcc.o(.text)
    RCC_ADCCLKConfig                         0x080040bd   Thumb Code    18  stm32f10x_rcc.o(.text)
    RCC_LSEConfig                            0x080040cf   Thumb Code    50  stm32f10x_rcc.o(.text)
    RCC_LSICmd                               0x08004101   Thumb Code     6  stm32f10x_rcc.o(.text)
    RCC_RTCCLKConfig                         0x08004107   Thumb Code    12  stm32f10x_rcc.o(.text)
    RCC_RTCCLKCmd                            0x08004113   Thumb Code     8  stm32f10x_rcc.o(.text)
    RCC_GetClocksFreq                        0x0800411b   Thumb Code   192  stm32f10x_rcc.o(.text)
    RCC_AHBPeriphClockCmd                    0x080041db   Thumb Code    26  stm32f10x_rcc.o(.text)
    RCC_APB2PeriphClockCmd                   0x080041f5   Thumb Code    26  stm32f10x_rcc.o(.text)
    RCC_APB1PeriphClockCmd                   0x0800420f   Thumb Code    26  stm32f10x_rcc.o(.text)
    RCC_APB2PeriphResetCmd                   0x08004229   Thumb Code    26  stm32f10x_rcc.o(.text)
    RCC_APB1PeriphResetCmd                   0x08004243   Thumb Code    26  stm32f10x_rcc.o(.text)
    RCC_BackupResetCmd                       0x0800425d   Thumb Code     8  stm32f10x_rcc.o(.text)
    RCC_ClockSecuritySystemCmd               0x08004265   Thumb Code     6  stm32f10x_rcc.o(.text)
    RCC_MCOConfig                            0x0800426b   Thumb Code     6  stm32f10x_rcc.o(.text)
    RCC_ClearFlag                            0x08004271   Thumb Code    14  stm32f10x_rcc.o(.text)
    RCC_GetITStatus                          0x0800427f   Thumb Code    20  stm32f10x_rcc.o(.text)
    RCC_ClearITPendingBit                    0x08004293   Thumb Code     6  stm32f10x_rcc.o(.text)
    USART_DeInit                             0x080042bd   Thumb Code   134  stm32f10x_usart.o(.text)
    USART_Init                               0x08004343   Thumb Code   210  stm32f10x_usart.o(.text)
    USART_StructInit                         0x08004415   Thumb Code    24  stm32f10x_usart.o(.text)
    USART_ClockInit                          0x0800442d   Thumb Code    34  stm32f10x_usart.o(.text)
    USART_ClockStructInit                    0x0800444f   Thumb Code    12  stm32f10x_usart.o(.text)
    USART_Cmd                                0x0800445b   Thumb Code    24  stm32f10x_usart.o(.text)
    USART_ITConfig                           0x08004473   Thumb Code    74  stm32f10x_usart.o(.text)
    USART_DMACmd                             0x080044bd   Thumb Code    18  stm32f10x_usart.o(.text)
    USART_SetAddress                         0x080044cf   Thumb Code    18  stm32f10x_usart.o(.text)
    USART_WakeUpConfig                       0x080044e1   Thumb Code    18  stm32f10x_usart.o(.text)
    USART_ReceiverWakeUpCmd                  0x080044f3   Thumb Code    24  stm32f10x_usart.o(.text)
    USART_LINBreakDetectLengthConfig         0x0800450b   Thumb Code    18  stm32f10x_usart.o(.text)
    USART_LINCmd                             0x0800451d   Thumb Code    24  stm32f10x_usart.o(.text)
    USART_SendData                           0x08004535   Thumb Code     8  stm32f10x_usart.o(.text)
    USART_ReceiveData                        0x0800453d   Thumb Code    10  stm32f10x_usart.o(.text)
    USART_SendBreak                          0x08004547   Thumb Code    10  stm32f10x_usart.o(.text)
    USART_SetGuardTime                       0x08004551   Thumb Code    16  stm32f10x_usart.o(.text)
    USART_SetPrescaler                       0x08004561   Thumb Code    16  stm32f10x_usart.o(.text)
    USART_SmartCardCmd                       0x08004571   Thumb Code    24  stm32f10x_usart.o(.text)
    USART_SmartCardNACKCmd                   0x08004589   Thumb Code    24  stm32f10x_usart.o(.text)
    USART_HalfDuplexCmd                      0x080045a1   Thumb Code    24  stm32f10x_usart.o(.text)
    USART_OverSampling8Cmd                   0x080045b9   Thumb Code    22  stm32f10x_usart.o(.text)
    USART_OneBitMethodCmd                    0x080045cf   Thumb Code    24  stm32f10x_usart.o(.text)
    USART_IrDAConfig                         0x080045e7   Thumb Code    18  stm32f10x_usart.o(.text)
    USART_IrDACmd                            0x080045f9   Thumb Code    24  stm32f10x_usart.o(.text)
    USART_GetFlagStatus                      0x08004611   Thumb Code    26  stm32f10x_usart.o(.text)
    USART_ClearFlag                          0x0800462b   Thumb Code    18  stm32f10x_usart.o(.text)
    USART_GetITStatus                        0x0800463d   Thumb Code    84  stm32f10x_usart.o(.text)
    USART_ClearITPendingBit                  0x08004691   Thumb Code    52  stm32f10x_usart.o(.text)
    FLASH_SetLatency                         0x080046c5   Thumb Code    18  stm32f10x_flash.o(.text)
    FLASH_HalfCycleAccessCmd                 0x080046d7   Thumb Code    22  stm32f10x_flash.o(.text)
    FLASH_PrefetchBufferCmd                  0x080046ed   Thumb Code    22  stm32f10x_flash.o(.text)
    FLASH_Unlock                             0x08004703   Thumb Code    12  stm32f10x_flash.o(.text)
    FLASH_UnlockBank1                        0x0800470f   Thumb Code    12  stm32f10x_flash.o(.text)
    FLASH_Lock                               0x0800471b   Thumb Code    14  stm32f10x_flash.o(.text)
    FLASH_LockBank1                          0x08004729   Thumb Code    14  stm32f10x_flash.o(.text)
    FLASH_GetBank1Status                     0x08004737   Thumb Code    48  stm32f10x_flash.o(.text)
    FLASH_WaitForLastOperation               0x08004767   Thumb Code    38  stm32f10x_flash.o(.text)
    FLASH_ErasePage                          0x0800478d   Thumb Code    72  stm32f10x_flash.o(.text)
    FLASH_EraseAllPages                      0x080047d5   Thumb Code    68  stm32f10x_flash.o(.text)
    FLASH_WaitForLastBank1Operation          0x08004819   Thumb Code    38  stm32f10x_flash.o(.text)
    FLASH_EraseAllBank1Pages                 0x0800483f   Thumb Code    68  stm32f10x_flash.o(.text)
    FLASH_GetReadOutProtectionStatus         0x08004883   Thumb Code    20  stm32f10x_flash.o(.text)
    FLASH_EraseOptionBytes                   0x08004897   Thumb Code   150  stm32f10x_flash.o(.text)
    FLASH_ProgramWord                        0x0800492d   Thumb Code   102  stm32f10x_flash.o(.text)
    FLASH_ProgramHalfWord                    0x08004993   Thumb Code    60  stm32f10x_flash.o(.text)
    FLASH_ProgramOptionByteData              0x080049cf   Thumb Code    72  stm32f10x_flash.o(.text)
    FLASH_EnableWriteProtection              0x08004a17   Thumb Code   200  stm32f10x_flash.o(.text)
    FLASH_ReadOutProtection                  0x08004adf   Thumb Code   156  stm32f10x_flash.o(.text)
    FLASH_UserOptionByteConfig               0x08004b7b   Thumb Code    88  stm32f10x_flash.o(.text)
    FLASH_GetUserOptionByte                  0x08004bd3   Thumb Code     8  stm32f10x_flash.o(.text)
    FLASH_GetWriteProtectionOptionByte       0x08004bdb   Thumb Code     6  stm32f10x_flash.o(.text)
    FLASH_GetPrefetchBufferStatus            0x08004be1   Thumb Code    20  stm32f10x_flash.o(.text)
    FLASH_ITConfig                           0x08004bf5   Thumb Code    26  stm32f10x_flash.o(.text)
    FLASH_GetFlagStatus                      0x08004c0f   Thumb Code    42  stm32f10x_flash.o(.text)
    FLASH_ClearFlag                          0x08004c39   Thumb Code     6  stm32f10x_flash.o(.text)
    FLASH_GetStatus                          0x08004c3f   Thumb Code    48  stm32f10x_flash.o(.text)
    ESP8266_Init                             0x08004d7b   Thumb Code    30  bsp_esp8266.o(.text)
    ESP8266_Rst                              0x08004d99   Thumb Code    28  bsp_esp8266.o(.text)
    ESP8266_Cmd3                             0x08004db5   Thumb Code   106  bsp_esp8266.o(.text)
    ESP8266_Cmd                              0x08004e1f   Thumb Code   162  bsp_esp8266.o(.text)
    ESP8266_Cmd2                             0x08004ec1   Thumb Code   148  bsp_esp8266.o(.text)
    ESP8266_AT_Test                          0x08004f55   Thumb Code    56  bsp_esp8266.o(.text)
    ESP8266_Net_Mode_Choose                  0x08004f8d   Thumb Code    68  bsp_esp8266.o(.text)
    ESP8266_JoinAP                           0x08004fd1   Thumb Code    38  bsp_esp8266.o(.text)
    ESP8266_BuildAP                          0x08004ff7   Thumb Code    42  bsp_esp8266.o(.text)
    ESP8266_Enable_MultipleId                0x08005021   Thumb Code    42  bsp_esp8266.o(.text)
    ESP8266_Link_Server                      0x0800504b   Thumb Code   354  bsp_esp8266.o(.text)
    ESP8266_StartOrShutServer                0x080051ad   Thumb Code   110  bsp_esp8266.o(.text)
    ESP8266_Get_LinkStatus                   0x0800521b   Thumb Code    66  bsp_esp8266.o(.text)
    ESP8266_Get_IdLinkStatus                 0x0800525d   Thumb Code   128  bsp_esp8266.o(.text)
    ESP8266_Inquire_ApIp                     0x080052dd   Thumb Code    80  bsp_esp8266.o(.text)
    ESP8266_UnvarnishSend                    0x0800532d   Thumb Code    42  bsp_esp8266.o(.text)
    ESP8266_ExitUnvarnishSend                0x08005357   Thumb Code    28  bsp_esp8266.o(.text)
    ESP8266_SendString                       0x08005373   Thumb Code   102  bsp_esp8266.o(.text)
    ESP8266_ReceiveString                    0x080053d9   Thumb Code    56  bsp_esp8266.o(.text)
    USART_printf                             0x08005597   Thumb Code   262  common.o(.text)
    ESP8266_relink                           0x0800569d   Thumb Code    86  test.o(.text)
    Find_string                              0x080056f3   Thumb Code    76  test.o(.text)
    SmartConfig                              0x0800573f   Thumb Code   246  test.o(.text)
    CLOSE_SmartConfig                        0x08005835   Thumb Code    38  test.o(.text)
    WIFI_DOWNLOAD                            0x0800585b   Thumb Code   262  test.o(.text)
    cifang                                   0x08005961   Thumb Code    26  test.o(.text)
    Str_To_ASC                               0x0800597b   Thumb Code   118  test.o(.text)
    ESP8266_StaTcpClient_UnvarnishTest       0x080059f1   Thumb Code   612  test.o(.text)
    usart2_init                              0x08005c6d   Thumb Code   166  usart2.o(.text)
    usart2_Send_Data                         0x08005d13   Thumb Code    56  usart2.o(.text)
    AT_Cmd                                   0x08005d4b   Thumb Code   188  usart2.o(.text)
    USART2SendByte                           0x08005e07   Thumb Code    28  usart2.o(.text)
    usart2_SendStringByLen                   0x08005e23   Thumb Code    44  usart2.o(.text)
    usart2_SendString                        0x08005e4f   Thumb Code    46  usart2.o(.text)
    uart2_send_char                          0x08005e7d   Thumb Code    28  usart2.o(.text)
    uart2_send_buff                          0x08005e99   Thumb Code    36  usart2.o(.text)
    usart2_Sendchar                          0x08005ebd   Thumb Code    46  usart2.o(.text)
    USART2_IRQHandler                        0x08005eeb   Thumb Code   106  usart2.o(.text)
    GPIO_init                                0x08005f79   Thumb Code    60  4g.o(.text)
    Down_load                                0x08005fb5   Thumb Code   420  4g.o(.text)
    OTA_4G                                   0x08006159   Thumb Code   126  4g.o(.text)
    __aeabi_memcpy                           0x08006309   Thumb Code    36  memcpya.o(.text)
    __aeabi_memcpy4                          0x08006309   Thumb Code     0  memcpya.o(.text)
    __aeabi_memcpy8                          0x08006309   Thumb Code     0  memcpya.o(.text)
    __aeabi_memset                           0x0800632d   Thumb Code    14  memseta.o(.text)
    __aeabi_memset4                          0x0800632d   Thumb Code     0  memseta.o(.text)
    __aeabi_memset8                          0x0800632d   Thumb Code     0  memseta.o(.text)
    __aeabi_memclr                           0x0800633b   Thumb Code     4  memseta.o(.text)
    __aeabi_memclr4                          0x0800633b   Thumb Code     0  memseta.o(.text)
    __aeabi_memclr8                          0x0800633b   Thumb Code     0  memseta.o(.text)
    _memset$wrapper                          0x0800633f   Thumb Code    18  memseta.o(.text)
    strstr                                   0x08006351   Thumb Code    36  strstr.o(.text)
    strlen                                   0x08006375   Thumb Code    14  strlen.o(.text)
    __aeabi_uldivmod                         0x08006383   Thumb Code    98  uldiv.o(.text)
    __scatterload                            0x080063e5   Thumb Code    28  init.o(.text)
    __scatterload_rt2                        0x080063e5   Thumb Code     0  init.o(.text)
    __aeabi_llsl                             0x08006409   Thumb Code    30  llshl.o(.text)
    _ll_shift_l                              0x08006409   Thumb Code     0  llshl.o(.text)
    __aeabi_llsr                             0x08006427   Thumb Code    32  llushr.o(.text)
    _ll_ushift_r                             0x08006427   Thumb Code     0  llushr.o(.text)
    __0printf$5                              0x08006449   Thumb Code    22  printf5.o(i.__0printf$5)
    __1printf$5                              0x08006449   Thumb Code     0  printf5.o(i.__0printf$5)
    __2printf                                0x08006449   Thumb Code     0  printf5.o(i.__0printf$5)
    __0sprintf$5                             0x08006469   Thumb Code    34  printf5.o(i.__0sprintf$5)
    __1sprintf$5                             0x08006469   Thumb Code     0  printf5.o(i.__0sprintf$5)
    __2sprintf                               0x08006469   Thumb Code     0  printf5.o(i.__0sprintf$5)
    __scatterload_copy                       0x08006491   Thumb Code    14  handlers.o(i.__scatterload_copy)
    __scatterload_null                       0x0800649f   Thumb Code     2  handlers.o(i.__scatterload_null)
    __scatterload_zeroinit                   0x080064a1   Thumb Code    14  handlers.o(i.__scatterload_zeroinit)
    Region$$Table$$Base                      0x08006884   Number         0  anon$$obj.o(Region$$Table)
    Region$$Table$$Limit                     0x080068a4   Number         0  anon$$obj.o(Region$$Table)
    SystemCoreClock                          0x20000000   Data           4  system_stm32f10x.o(.data)
    AHBPrescTable                            0x20000004   Data          16  system_stm32f10x.o(.data)
    __stdout                                 0x20000018   Data           4  usart.o(.data)
    USART_RX_STA                             0x2000001c   Data           2  usart.o(.data)
    ucTcpClosedFlag                          0x20000034   Data           1  test.o(.data)
    numgh                                    0x20000038   Data           4  test.o(.data)
    T_flag                                   0x2000003c   Data           4  test.o(.data)
    code_sum                                 0x20000040   Data           4  test.o(.data)
    USART_RX_BUF                             0x20000044   Data         200  usart.o(.bss)
    strEsp8266_Fram_Record                   0x2000010c   Data       49156  bsp_esp8266.o(.bss)
    struct_usart2                            0x2000c110   Data        1608  usart2.o(.bss)
    __initial_sp                             0x2000cb58   Data           0  startup_stm32f10x_hd.o(STACK)



==============================================================================

Memory Map of the image

  Image Entry point : 0x08003131

  Load Region LR_IROM1 (Base: 0x08003000, Size: 0x000038e8, Max: 0x0000d000, ABSOLUTE)

    Execution Region ER_IROM1 (Exec base: 0x08003000, Load base: 0x08003000, Size: 0x000038a4, Max: 0x0000d000, ABSOLUTE)

    Exec Addr    Load Addr    Size         Type   Attr      Idx    E Section Name        Object

    0x08003000   0x08003000   0x00000130   Data   RO          316    RESET               startup_stm32f10x_hd.o
    0x08003130   0x08003130   0x00000000   Code   RO          524  * .ARM.Collect$$$$00000000  mc_w.l(entry.o)
    0x08003130   0x08003130   0x00000004   Code   RO          798    .ARM.Collect$$$$00000001  mc_w.l(entry2.o)
    0x08003134   0x08003134   0x00000004   Code   RO          801    .ARM.Collect$$$$00000004  mc_w.l(entry5.o)
    0x08003138   0x08003138   0x00000000   Code   RO          803    .ARM.Collect$$$$00000008  mc_w.l(entry7b.o)
    0x08003138   0x08003138   0x00000000   Code   RO          805    .ARM.Collect$$$$0000000A  mc_w.l(entry8b.o)
    0x08003138   0x08003138   0x00000008   Code   RO          806    .ARM.Collect$$$$0000000B  mc_w.l(entry9a.o)
    0x08003140   0x08003140   0x00000000   Code   RO          808    .ARM.Collect$$$$0000000D  mc_w.l(entry10a.o)
    0x08003140   0x08003140   0x00000000   Code   RO          810    .ARM.Collect$$$$0000000F  mc_w.l(entry11a.o)
    0x08003140   0x08003140   0x00000004   Code   RO          799    .ARM.Collect$$$$00002712  mc_w.l(entry2.o)
    0x08003144   0x08003144   0x00000006   Code   RO          264    .emb_text           sys.o
    0x0800314a   0x0800314a   0x00000002   PAD
    0x0800314c   0x0800314c   0x00000074   Code   RO            1    .text               main.o
    0x080031c0   0x080031c0   0x000000a0   Code   RO          152    .text               stm32f10x_it.o
    0x08003260   0x08003260   0x000001e0   Code   RO          204    .text               system_stm32f10x.o
    0x08003440   0x08003440   0x00000450   Code   RO          222    .text               wenzheng_ota.o
    0x08003890   0x08003890   0x000000ec   Code   RO          250    .text               delay.o
    0x0800397c   0x0800397c   0x00000140   Code   RO          281    .text               usart.o
    0x08003abc   0x08003abc   0x00000024   Code   RO          317    .text               startup_stm32f10x_hd.o
    0x08003ae0   0x08003ae0   0x000000dc   Code   RO          321    .text               misc.o
    0x08003bbc   0x08003bbc   0x0000035c   Code   RO          333    .text               stm32f10x_gpio.o
    0x08003f18   0x08003f18   0x000003a4   Code   RO          345    .text               stm32f10x_rcc.o
    0x080042bc   0x080042bc   0x00000408   Code   RO          359    .text               stm32f10x_usart.o
    0x080046c4   0x080046c4   0x000005bc   Code   RO          371    .text               stm32f10x_flash.o
    0x08004c80   0x08004c80   0x000008b4   Code   RO          383    .text               bsp_esp8266.o
    0x08005534   0x08005534   0x00000168   Code   RO          401    .text               common.o
    0x0800569c   0x0800569c   0x000005d0   Code   RO          416    .text               test.o
    0x08005c6c   0x08005c6c   0x0000030c   Code   RO          490    .text               usart2.o
    0x08005f78   0x08005f78   0x00000390   Code   RO          508    .text               4g.o
    0x08006308   0x08006308   0x00000024   Code   RO          527    .text               mc_w.l(memcpya.o)
    0x0800632c   0x0800632c   0x00000024   Code   RO          529    .text               mc_w.l(memseta.o)
    0x08006350   0x08006350   0x00000024   Code   RO          531    .text               mc_w.l(strstr.o)
    0x08006374   0x08006374   0x0000000e   Code   RO          533    .text               mc_w.l(strlen.o)
    0x08006382   0x08006382   0x00000062   Code   RO          814    .text               mc_w.l(uldiv.o)
    0x080063e4   0x080063e4   0x00000024   Code   RO          827    .text               mc_w.l(init.o)
    0x08006408   0x08006408   0x0000001e   Code   RO          829    .text               mc_w.l(llshl.o)
    0x08006426   0x08006426   0x00000020   Code   RO          831    .text               mc_w.l(llushr.o)
    0x08006446   0x08006446   0x00000002   PAD
    0x08006448   0x08006448   0x00000020   Code   RO          670    i.__0printf$5       mc_w.l(printf5.o)
    0x08006468   0x08006468   0x00000028   Code   RO          672    i.__0sprintf$5      mc_w.l(printf5.o)
    0x08006490   0x08006490   0x0000000e   Code   RO          839    i.__scatterload_copy  mc_w.l(handlers.o)
    0x0800649e   0x0800649e   0x00000002   Code   RO          840    i.__scatterload_null  mc_w.l(handlers.o)
    0x080064a0   0x080064a0   0x0000000e   Code   RO          841    i.__scatterload_zeroinit  mc_w.l(handlers.o)
    0x080064ae   0x080064ae   0x00000002   PAD
    0x080064b0   0x080064b0   0x000002c0   Code   RO          677    i._printf_core      mc_w.l(printf5.o)
    0x08006770   0x08006770   0x0000000a   Code   RO          679    i._sputc            mc_w.l(printf5.o)
    0x0800677a   0x0800677a   0x00000002   PAD
    0x0800677c   0x0800677c   0x0000001e   Data   RO          417    .constdata          test.o
    0x0800679a   0x0800679a   0x00000002   PAD
    0x0800679c   0x0800679c   0x000000e5   Data   RO          510    .conststring        4g.o
    0x08006881   0x08006881   0x00000003   PAD
    0x08006884   0x08006884   0x00000020   Data   RO          837    Region$$Table       anon$$obj.o


    Execution Region RW_IRAM1 (Exec base: 0x20000000, Load base: 0x080068a4, Size: 0x0000cb58, Max: 0x00010000, ABSOLUTE)

    Exec Addr    Load Addr    Size         Type   Attr      Idx    E Section Name        Object

    0x20000000   0x080068a4   0x00000014   Data   RW          205    .data               system_stm32f10x.o
    0x20000014   0x080068b8   0x00000004   Data   RW          251    .data               delay.o
    0x20000018   0x080068bc   0x00000006   Data   RW          283    .data               usart.o
    0x2000001e   0x080068c2   0x00000014   Data   RW          346    .data               stm32f10x_rcc.o
    0x20000032   0x080068d6   0x00000002   PAD
    0x20000034   0x080068d8   0x00000010   Data   RW          418    .data               test.o
    0x20000044        -       0x000000c8   Zero   RW          282    .bss                usart.o
    0x2000010c        -       0x0000c004   Zero   RW          384    .bss                bsp_esp8266.o
    0x2000c110        -       0x00000648   Zero   RW          491    .bss                usart2.o
    0x2000c758        -       0x00000400   Zero   RW          314    STACK               startup_stm32f10x_hd.o


==============================================================================

Image component sizes


      Code (inc. data)   RO Data    RW Data    ZI Data      Debug   Object Name

       912        306        229          0          0       1257   4g.o
      2228        536          0          0      49156       9331   bsp_esp8266.o
       360          0          0          0          0       2231   common.o
       236         18          0          4          0       1184   delay.o
       116         28          0          0          0     240167   main.o
       220         22          0          0          0       1753   misc.o
        36          8        304          0       1024        772   startup_stm32f10x_hd.o
      1468         34          0          0          0       8162   stm32f10x_flash.o
       860         38          0          0          0       5685   stm32f10x_gpio.o
       160         32          0          0          0       1476   stm32f10x_it.o
       932         36          0         20          0       8840   stm32f10x_rcc.o
      1032         22          0          0          0       8412   stm32f10x_usart.o
         6          0          0          0          0        352   sys.o
       480         38          0         20          0       1671   system_stm32f10x.o
      1488        470         30         16          0      19953   test.o
       320         18          0          6        200       3066   usart.o
       780         36          0          0       1608       4232   usart2.o
      1104        548          0          0          0       3527   wenzheng_ota.o

    ----------------------------------------------------------------------
     12740       2190        600         68      51988     322071   Object Totals
         0          0         32          0          0          0   (incl. Generated)
         2          0          5          2          0          0   (incl. Padding)

    ----------------------------------------------------------------------

      Code (inc. data)   RO Data    RW Data    ZI Data      Debug   Library Member Name

         0          0          0          0          0          0   entry.o
         0          0          0          0          0          0   entry10a.o
         0          0          0          0          0          0   entry11a.o
         8          4          0          0          0          0   entry2.o
         4          0          0          0          0          0   entry5.o
         0          0          0          0          0          0   entry7b.o
         0          0          0          0          0          0   entry8b.o
         8          4          0          0          0          0   entry9a.o
        30          0          0          0          0          0   handlers.o
        36          8          0          0          0         68   init.o
        30          0          0          0          0         68   llshl.o
        32          0          0          0          0         68   llushr.o
        36          0          0          0          0         68   memcpya.o
        36          0          0          0          0        108   memseta.o
       786         62          0          0          0        336   printf5.o
        14          0          0          0          0         68   strlen.o
        36          0          0          0          0         80   strstr.o
        98          0          0          0          0         92   uldiv.o

    ----------------------------------------------------------------------
      1160         78          0          0          0        956   Library Totals
         6          0          0          0          0          0   (incl. Padding)

    ----------------------------------------------------------------------

      Code (inc. data)   RO Data    RW Data    ZI Data      Debug   Library Name

      1154         78          0          0          0        956   mc_w.l

    ----------------------------------------------------------------------
      1160         78          0          0          0        956   Library Totals

    ----------------------------------------------------------------------

==============================================================================


      Code (inc. data)   RO Data    RW Data    ZI Data      Debug   

     13900       2268        600         68      51988     321411   Grand Totals
     13900       2268        600         68      51988     321411   ELF Image Totals
     13900       2268        600         68          0          0   ROM Totals

==============================================================================

    Total RO  Size (Code + RO Data)                14500 (  14.16kB)
    Total RW  Size (RW Data + ZI Data)             52056 (  50.84kB)
    Total ROM Size (Code + RO Data + RW Data)      14568 (  14.23kB)

==============================================================================

